Archive member included to satisfy reference by file (symbol)

c:/program files (x86)/atmel/studio/7.0/toolchain/arm/arm-gnu-toolchain/bin/../lib/gcc/arm-none-eabi/6.3.1/thumb/v6-m\libgcc.a(_udivsi3.o)
                              src/system_time.o (__aeabi_uidiv)
c:/program files (x86)/atmel/studio/7.0/toolchain/arm/arm-gnu-toolchain/bin/../lib/gcc/arm-none-eabi/6.3.1/thumb/v6-m\libgcc.a(_divsi3.o)
                              src/ASF/sam0/drivers/usb/stack_interface/usb_device_udd.o (__aeabi_idivmod)
c:/program files (x86)/atmel/studio/7.0/toolchain/arm/arm-gnu-toolchain/bin/../lib/gcc/arm-none-eabi/6.3.1/thumb/v6-m\libgcc.a(_dvmd_tls.o)
                              c:/program files (x86)/atmel/studio/7.0/toolchain/arm/arm-gnu-toolchain/bin/../lib/gcc/arm-none-eabi/6.3.1/thumb/v6-m\libgcc.a(_udivsi3.o) (__aeabi_idiv0)
c:/program files (x86)/atmel/studio/7.0/toolchain/arm/arm-gnu-toolchain/bin/../lib/gcc/arm-none-eabi/6.3.1/thumb/v6-m\libgcc.a(_clzsi2.o)
                              src/ASF/sam0/drivers/usb/usb_sam_l/usb.o (__clzsi2)
c:/program files (x86)/atmel/studio/7.0/toolchain/arm/arm-gnu-toolchain/bin/../lib/gcc/arm-none-eabi/6.3.1/thumb/v6-m\libgcc.a(_ctzsi2.o)
                              src/ASF/sam0/drivers/usb/usb_sam_l/usb.o (__ctzsi2)
c:/program files (x86)/atmel/studio/7.0/toolchain/arm/arm-gnu-toolchain/bin/../lib/gcc/arm-none-eabi/6.3.1/../../../../arm-none-eabi/lib/thumb/v6-m\libc_nano.a(lib_a-exit.o)
                              c:/program files (x86)/atmel/studio/7.0/toolchain/arm/arm-gnu-toolchain/bin/../lib/gcc/arm-none-eabi/6.3.1/../../../../arm-none-eabi/lib/thumb/v6-m/crt0.o (exit)
c:/program files (x86)/atmel/studio/7.0/toolchain/arm/arm-gnu-toolchain/bin/../lib/gcc/arm-none-eabi/6.3.1/../../../../arm-none-eabi/lib/thumb/v6-m\libc_nano.a(lib_a-impure.o)
                              c:/program files (x86)/atmel/studio/7.0/toolchain/arm/arm-gnu-toolchain/bin/../lib/gcc/arm-none-eabi/6.3.1/../../../../arm-none-eabi/lib/thumb/v6-m\libc_nano.a(lib_a-exit.o) (_global_impure_ptr)
c:/program files (x86)/atmel/studio/7.0/toolchain/arm/arm-gnu-toolchain/bin/../lib/gcc/arm-none-eabi/6.3.1/../../../../arm-none-eabi/lib/thumb/v6-m\libc_nano.a(lib_a-init.o)
                              c:/program files (x86)/atmel/studio/7.0/toolchain/arm/arm-gnu-toolchain/bin/../lib/gcc/arm-none-eabi/6.3.1/../../../../arm-none-eabi/lib/thumb/v6-m/crt0.o (__libc_init_array)
c:/program files (x86)/atmel/studio/7.0/toolchain/arm/arm-gnu-toolchain/bin/../lib/gcc/arm-none-eabi/6.3.1/../../../../arm-none-eabi/lib/thumb/v6-m\libc_nano.a(lib_a-memcpy-stub.o)
                              src/ASF/sam0/drivers/usb/stack_interface/usb_device_udd.o (memcpy)
c:/program files (x86)/atmel/studio/7.0/toolchain/arm/arm-gnu-toolchain/bin/../lib/gcc/arm-none-eabi/6.3.1/../../../../arm-none-eabi/lib/thumb/v6-m\libc_nano.a(lib_a-memset.o)
                              c:/program files (x86)/atmel/studio/7.0/toolchain/arm/arm-gnu-toolchain/bin/../lib/gcc/arm-none-eabi/6.3.1/../../../../arm-none-eabi/lib/thumb/v6-m/crt0.o (memset)

Allocating common symbols
Common symbol       size              file

udd_ep_out_cache_buffer
                    0x40              src/ASF/sam0/drivers/usb/stack_interface/usb_device_udd.o
usb_descriptor_table
                    0x100             src/ASF/sam0/drivers/usb/usb_sam_l/usb.o
lastUpdateTime      0xf0              src/matrix.o
usb_device          0x168             src/ASF/sam0/drivers/usb/stack_interface/usb_device_udd.o
buttons_debounced   0x3c              src/matrix.o
_extint_dev         0x40              src/ASF/sam0/drivers/extint/extint_sam_l_c/extint.o
buttons_unbounced   0x3c              src/matrix.o
udd_g_ctrlreq       0x18              src/ASF/sam0/drivers/usb/stack_interface/usb_device_udd.o
_current_channel    0x1               src/ASF/sam0/drivers/extint/extint_callback.o
sleepmgr_locks      0x5               src/ASF/common/services/sleepmgr/saml/sleepmgr.o
matrix_key_pressed  0x3c              src/keyboard.o
udd_ctrl_buffer     0x8               src/ASF/sam0/drivers/usb/stack_interface/usb_device_udd.o

Discarded input sections

 .text          0x00000000        0x0 c:/program files (x86)/atmel/studio/7.0/toolchain/arm/arm-gnu-toolchain/bin/../lib/gcc/arm-none-eabi/6.3.1/thumb/v6-m/crti.o
 .data          0x00000000        0x0 c:/program files (x86)/atmel/studio/7.0/toolchain/arm/arm-gnu-toolchain/bin/../lib/gcc/arm-none-eabi/6.3.1/thumb/v6-m/crti.o
 .bss           0x00000000        0x0 c:/program files (x86)/atmel/studio/7.0/toolchain/arm/arm-gnu-toolchain/bin/../lib/gcc/arm-none-eabi/6.3.1/thumb/v6-m/crti.o
 .data          0x00000000        0x4 c:/program files (x86)/atmel/studio/7.0/toolchain/arm/arm-gnu-toolchain/bin/../lib/gcc/arm-none-eabi/6.3.1/thumb/v6-m/crtbegin.o
 .text          0x00000000       0x78 c:/program files (x86)/atmel/studio/7.0/toolchain/arm/arm-gnu-toolchain/bin/../lib/gcc/arm-none-eabi/6.3.1/../../../../arm-none-eabi/lib/thumb/v6-m/crt0.o
[...]
Memory Configuration

Name             Origin             Length             Attributes
rom              0x00000000         0x00010000         xr
ram              0x20000000         0x00002000         xrw
lpram            0x30000000         0x00001000         xrw
*default*        0x00000000         0xffffffff

Linker script and memory map

LOAD c:/program files (x86)/atmel/studio/7.0/toolchain/arm/arm-gnu-toolchain/bin/../lib/gcc/arm-none-eabi/6.3.1/thumb/v6-m/crti.o
LOAD c:/program files (x86)/atmel/studio/7.0/toolchain/arm/arm-gnu-toolchain/bin/../lib/gcc/arm-none-eabi/6.3.1/thumb/v6-m/crtbegin.o
LOAD c:/program files (x86)/atmel/studio/7.0/toolchain/arm/arm-gnu-toolchain/bin/../lib/gcc/arm-none-eabi/6.3.1/../../../../arm-none-eabi/lib/thumb/v6-m/crt0.o
LOAD src/keyboard.o
LOAD src/matrix.o
LOAD src/system_time.o
LOAD src/ASF/common2/services/delay/sam0/systick_counter.o
LOAD src/ASF/common/services/sleepmgr/saml/sleepmgr.o
LOAD src/ASF/common/services/usb/class/hid/device/kbd/udi_hid_kbd.o
LOAD src/ASF/common/services/usb/class/hid/device/kbd/udi_hid_kbd_desc.o
LOAD src/ASF/common/services/usb/class/hid/device/udi_hid.o
LOAD src/ASF/common/services/usb/udc/udc.o
LOAD src/ASF/sam0/drivers/extint/extint_callback.o
LOAD src/ASF/sam0/drivers/extint/extint_sam_l_c/extint.o
LOAD src/ASF/sam0/drivers/port/port.o
LOAD src/ASF/common2/boards/user_board/init.o
LOAD src/ASF/common/utils/interrupt/interrupt_sam_nvic.o
LOAD src/ASF/sam0/drivers/system/clock/clock_saml21/clock.o
LOAD src/ASF/sam0/drivers/system/clock/clock_saml21/gclk.o
LOAD src/ASF/sam0/drivers/system/interrupt/system_interrupt.o
LOAD src/ASF/sam0/drivers/system/pinmux/pinmux.o
LOAD src/ASF/sam0/drivers/system/system.o
LOAD src/ASF/sam0/drivers/usb/stack_interface/usb_device_udd.o
LOAD src/ASF/sam0/drivers/usb/stack_interface/usb_dual.o
LOAD src/ASF/sam0/drivers/usb/usb_sam_l/usb.o
LOAD src/ASF/sam0/utils/cmsis/saml21/source/gcc/startup_saml21.o
LOAD src/ASF/sam0/utils/cmsis/saml21/source/system_saml21.o
LOAD src/ASF/sam0/utils/syscalls/gcc/syscalls.o
LOAD src/main.o
START GROUP
LOAD ../src/ASF/thirdparty/CMSIS/Lib/GCC\libarm_cortexM0l_math.a
LOAD c:/program files (x86)/atmel/studio/7.0/toolchain/arm/arm-gnu-toolchain/bin/../lib/gcc/arm-none-eabi/6.3.1/../../../../arm-none-eabi/lib/thumb/v6-m\libm.a
END GROUP
START GROUP
LOAD c:/program files (x86)/atmel/studio/7.0/toolchain/arm/arm-gnu-toolchain/bin/../lib/gcc/arm-none-eabi/6.3.1/thumb/v6-m\libgcc.a
LOAD c:/program files (x86)/atmel/studio/7.0/toolchain/arm/arm-gnu-toolchain/bin/../lib/gcc/arm-none-eabi/6.3.1/../../../../arm-none-eabi/lib/thumb/v6-m\libc_nano.a
END GROUP
START GROUP
LOAD c:/program files (x86)/atmel/studio/7.0/toolchain/arm/arm-gnu-toolchain/bin/../lib/gcc/arm-none-eabi/6.3.1/thumb/v6-m\libgcc.a
LOAD c:/program files (x86)/atmel/studio/7.0/toolchain/arm/arm-gnu-toolchain/bin/../lib/gcc/arm-none-eabi/6.3.1/../../../../arm-none-eabi/lib/thumb/v6-m\libc_nano.a
END GROUP
LOAD c:/program files (x86)/atmel/studio/7.0/toolchain/arm/arm-gnu-toolchain/bin/../lib/gcc/arm-none-eabi/6.3.1/thumb/v6-m/crtend.o
LOAD c:/program files (x86)/atmel/studio/7.0/toolchain/arm/arm-gnu-toolchain/bin/../lib/gcc/arm-none-eabi/6.3.1/thumb/v6-m/crtn.o
                0x00000800                STACK_SIZE = DEFINED (STACK_SIZE)?STACK_SIZE:DEFINED (__stack_size__)?__stack_size__:0x800

.text           0x00000000     0x4068
                0x00000000                . = ALIGN (0x4)
                0x00000000                _sfixed = .
 *(.vectors .vectors.*)
 .vectors       0x00000000       0xb4 src/ASF/sam0/utils/cmsis/saml21/source/gcc/startup_saml21.o
                0x00000000                exception_table
 *(.text .text.* .gnu.linkonce.t.*)
 .text          0x000000b4       0x60 c:/program files (x86)/atmel/studio/7.0/toolchain/arm/arm-gnu-toolchain/bin/../lib/gcc/arm-none-eabi/6.3.1/thumb/v6-m/crtbegin.o
 .text.usb_set_kbd_key
                0x00000114       0x30 src/keyboard.o
 .text.usb_set_kbd_modifier
                0x00000144       0x30 src/keyboard.o
 .text.keyboard_init
                0x00000174       0x64 src/keyboard.o
                0x00000174                keyboard_init
 .text.keyboard_update
                0x000001d8      0x1f8 src/keyboard.o
                0x000001d8                keyboard_update
 .text.keyboard_set_kbd_enabled
                0x000003d0       0x10 src/keyboard.o
                0x000003d0                keyboard_set_kbd_enabled
 .text.keyboard_set_kbd_disabled
                0x000003e0        0xc src/keyboard.o
                0x000003e0                keyboard_set_kbd_disabled
 .text.read_line
                0x000003ec       0x74 src/matrix.o
 .text.matrix_setup
                0x00000460      0x104 src/matrix.o
                0x00000460                matrix_setup
 .text.matrix_update_states
                0x00000564       0xcc src/matrix.o
                0x00000564                matrix_update_states
 .text.matrix_get_state
                0x00000630       0x44 src/matrix.o
                0x00000630                matrix_get_state
 .text.SysTick_Handler
                0x00000674       0x10 src/system_time.o
                0x00000674                SysTick_Handler
 .text.init_timing
                0x00000684       0x4c src/system_time.o
                0x00000684                init_timing
 .text.millis   0x000006d0        0xc src/system_time.o
                0x000006d0                millis
 .text.delay_init
                0x000006dc       0x40 src/ASF/common2/services/delay/sam0/systick_counter.o
                0x000006dc                delay_init
 .text.udi_hid_kbd_getsetting
                0x0000071c        0x4 src/ASF/common/services/usb/class/hid/device/kbd/udi_hid_kbd.o
                0x0000071c                udi_hid_kbd_getsetting
 .text.udi_hid_kbd_setreport
                0x00000720       0x3c src/ASF/common/services/usb/class/hid/device/kbd/udi_hid_kbd.o
 .text.udi_hid_kbd_enable
                0x0000075c       0x40 src/ASF/common/services/usb/class/hid/device/kbd/udi_hid_kbd.o
                0x0000075c                udi_hid_kbd_enable
 .text.udi_hid_kbd_disable
                0x0000079c        0xc src/ASF/common/services/usb/class/hid/device/kbd/udi_hid_kbd.o
                0x0000079c                udi_hid_kbd_disable
 .text.udi_hid_kbd_setup
                0x000007a8       0x24 src/ASF/common/services/usb/class/hid/device/kbd/udi_hid_kbd.o
                0x000007a8                udi_hid_kbd_setup
 .text.udi_hid_kbd_setreport_valid
                0x000007cc       0x14 src/ASF/common/services/usb/class/hid/device/kbd/udi_hid_kbd.o
 .text.udi_hid_kbd_send_report
                0x000007e0       0x4c src/ASF/common/services/usb/class/hid/device/kbd/udi_hid_kbd.o
 .text.udi_hid_kbd_report_sent
                0x0000082c       0x24 src/ASF/common/services/usb/class/hid/device/kbd/udi_hid_kbd.o
 .text.udi_hid_kbd_modifier_up
                0x00000850       0x54 src/ASF/common/services/usb/class/hid/device/kbd/udi_hid_kbd.o
                0x00000850                udi_hid_kbd_modifier_up
 .text.udi_hid_kbd_modifier_down
                0x000008a4       0x54 src/ASF/common/services/usb/class/hid/device/kbd/udi_hid_kbd.o
                0x000008a4                udi_hid_kbd_modifier_down
 .text.udi_hid_kbd_up
                0x000008f8       0xc0 src/ASF/common/services/usb/class/hid/device/kbd/udi_hid_kbd.o
                0x000008f8                udi_hid_kbd_up
 .text.udi_hid_kbd_down
                0x000009b8       0xa4 src/ASF/common/services/usb/class/hid/device/kbd/udi_hid_kbd.o
                0x000009b8                udi_hid_kbd_down
 .text.udi_hid_setup
                0x00000a5c       0xfc src/ASF/common/services/usb/class/hid/device/udi_hid.o
                0x00000a5c                udi_hid_setup
 .text.udc_next_desc_in_iface
                0x00000b58       0x4c src/ASF/common/services/usb/udc/udc.o
 .text.udc_valid_address
                0x00000ba4       0x18 src/ASF/common/services/usb/udc/udc.o
 .text.udc_update_iface_desc
                0x00000bbc       0x74 src/ASF/common/services/usb/udc/udc.o
 .text.udc_iface_disable
                0x00000c30       0x6c src/ASF/common/services/usb/udc/udc.o
 .text.udc_iface_enable
                0x00000c9c       0x58 src/ASF/common/services/usb/udc/udc.o
 .text.udc_get_interface_desc
                0x00000cf4        0xc src/ASF/common/services/usb/udc/udc.o
                0x00000cf4                udc_get_interface_desc
 .text.udc_start
                0x00000d00        0xc src/ASF/common/services/usb/udc/udc.o
                0x00000d00                udc_start
 .text.udc_reset
                0x00000d0c       0x4c src/ASF/common/services/usb/udc/udc.o
                0x00000d0c                udc_reset
 .text.udc_sof_notify
                0x00000d58       0x44 src/ASF/common/services/usb/udc/udc.o
                0x00000d58                udc_sof_notify
 .text.udc_process_setup
                0x00000d9c      0x444 src/ASF/common/services/usb/udc/udc.o
                0x00000d9c                udc_process_setup
 .text.EIC_Handler
                0x000011e0       0x54 src/ASF/sam0/drivers/extint/extint_callback.o
                0x000011e0                EIC_Handler
 .text._extint_enable
                0x00001234       0x20 src/ASF/sam0/drivers/extint/extint_sam_l_c/extint.o
 .text._system_extint_init
                0x00001254       0x80 src/ASF/sam0/drivers/extint/extint_sam_l_c/extint.o
                0x00001254                _system_extint_init
 .text.port_pin_set_config
                0x000012d4       0x24 src/ASF/sam0/drivers/port/port.o
                0x000012d4                port_pin_set_config
 .text.system_board_init
                0x000012f8        0x2 src/ASF/common2/boards/user_board/init.o
                0x000012f8                board_init
                0x000012f8                system_board_init
 *fill*         0x000012fa        0x2 
 .text.cpu_irq_enter_critical
                0x000012fc       0x40 src/ASF/common/utils/interrupt/interrupt_sam_nvic.o
                0x000012fc                cpu_irq_enter_critical
 .text.cpu_irq_leave_critical
                0x0000133c       0x30 src/ASF/common/utils/interrupt/interrupt_sam_nvic.o
                0x0000133c                cpu_irq_leave_critical
 .text.system_clock_source_get_hz
                0x0000136c       0x98 src/ASF/sam0/drivers/system/clock/clock_saml21/clock.o
                0x0000136c                system_clock_source_get_hz
 .text.system_clock_source_xosc32k_set_config
                0x00001404       0x9c src/ASF/sam0/drivers/system/clock/clock_saml21/clock.o
                0x00001404                system_clock_source_xosc32k_set_config
 .text.system_clock_source_dfll_set_config
                0x000014a0       0x88 src/ASF/sam0/drivers/system/clock/clock_saml21/clock.o
                0x000014a0                system_clock_source_dfll_set_config
 .text.system_clock_source_enable
                0x00001528       0xcc src/ASF/sam0/drivers/system/clock/clock_saml21/clock.o
                0x00001528                system_clock_source_enable
 .text.system_clock_init
                0x000015f4      0x1ec src/ASF/sam0/drivers/system/clock/clock_saml21/clock.o
                0x000015f4                system_clock_init
 .text.system_gclk_init
                0x000017e0       0x24 src/ASF/sam0/drivers/system/clock/clock_saml21/gclk.o
                0x000017e0                system_gclk_init
 .text.system_gclk_gen_set_config
                0x00001804       0xac src/ASF/sam0/drivers/system/clock/clock_saml21/gclk.o
                0x00001804                system_gclk_gen_set_config
 .text.system_gclk_gen_enable
                0x000018b0       0x40 src/ASF/sam0/drivers/system/clock/clock_saml21/gclk.o
                0x000018b0                system_gclk_gen_enable
 .text.system_gclk_gen_get_hz
                0x000018f0       0x6c src/ASF/sam0/drivers/system/clock/clock_saml21/gclk.o
                0x000018f0                system_gclk_gen_get_hz
 .text.system_gclk_chan_enable
                0x0000195c       0x38 src/ASF/sam0/drivers/system/clock/clock_saml21/gclk.o
                0x0000195c                system_gclk_chan_enable
 .text.system_gclk_chan_disable
                0x00001994       0x38 src/ASF/sam0/drivers/system/clock/clock_saml21/gclk.o
                0x00001994                system_gclk_chan_disable
 .text.system_gclk_chan_set_config
                0x000019cc       0x24 src/ASF/sam0/drivers/system/clock/clock_saml21/gclk.o
                0x000019cc                system_gclk_chan_set_config
 .text.system_gclk_chan_get_hz
                0x000019f0       0x30 src/ASF/sam0/drivers/system/clock/clock_saml21/gclk.o
                0x000019f0                system_gclk_chan_get_hz
 .text._system_pinmux_config
                0x00001a20       0xa8 src/ASF/sam0/drivers/system/pinmux/pinmux.o
 .text.system_pinmux_pin_set_config
                0x00001ac8       0x30 src/ASF/sam0/drivers/system/pinmux/pinmux.o
                0x00001ac8                system_pinmux_pin_set_config
 .text._system_dummy_init
                0x00001af8        0x2 src/ASF/sam0/drivers/system/system.o
                0x00001af8                _system_events_init
                0x00001af8                _system_dummy_init
                0x00001af8                _system_divas_init
 *fill*         0x00001afa        0x2 
 .text.system_init
                0x00001afc       0x2c src/ASF/sam0/drivers/system/system.o
                0x00001afc                system_init
 .text.udd_sleep_mode
                0x00001b28       0xbc src/ASF/sam0/drivers/usb/stack_interface/usb_device_udd.o
 .text.udd_ep_get_job
                0x00001be4       0x24 src/ASF/sam0/drivers/usb/stack_interface/usb_device_udd.o
 .text.udd_ep_transfer_process
                0x00001c08      0x1b4 src/ASF/sam0/drivers/usb/stack_interface/usb_device_udd.o
 .text.udd_ctrl_stall_data
                0x00001dbc       0x2c src/ASF/sam0/drivers/usb/stack_interface/usb_device_udd.o
 .text._usb_device_lpm_suspend
                0x00001de8       0x34 src/ASF/sam0/drivers/usb/stack_interface/usb_device_udd.o
 .text._usb_on_wakeup
                0x00001e1c       0x6c src/ASF/sam0/drivers/usb/stack_interface/usb_device_udd.o
 .text._usb_on_suspend
                0x00001e88       0x2c src/ASF/sam0/drivers/usb/stack_interface/usb_device_udd.o
 .text._usb_on_bus_reset
                0x00001eb4       0xb0 src/ASF/sam0/drivers/usb/stack_interface/usb_device_udd.o
 .text.udd_ctrl_send_zlp_in
                0x00001f64       0x3c src/ASF/sam0/drivers/usb/stack_interface/usb_device_udd.o
 .text._usb_ep0_on_tansfer_fail
                0x00001fa0       0x54 src/ASF/sam0/drivers/usb/stack_interface/usb_device_udd.o
 .text.udd_ctrl_in_sent
                0x00001ff4       0xa8 src/ASF/sam0/drivers/usb/stack_interface/usb_device_udd.o
 .text._usb_ep0_on_setup
                0x0000209c       0xe4 src/ASF/sam0/drivers/usb/stack_interface/usb_device_udd.o
 .text._usb_on_sof_notify
                0x00002180        0xc src/ASF/sam0/drivers/usb/stack_interface/usb_device_udd.o
 .text.udd_ep_abort
                0x0000218c       0x3c src/ASF/sam0/drivers/usb/stack_interface/usb_device_udd.o
                0x0000218c                udd_ep_abort
 .text.udd_ep_free
                0x000021c8       0x58 src/ASF/sam0/drivers/usb/stack_interface/usb_device_udd.o
                0x000021c8                udd_ep_free
 .text.udd_ep_alloc
                0x00002220      0x108 src/ASF/sam0/drivers/usb/stack_interface/usb_device_udd.o
                0x00002220                udd_ep_alloc
 .text.udd_ep_is_halted
                0x00002328       0x14 src/ASF/sam0/drivers/usb/stack_interface/usb_device_udd.o
                0x00002328                udd_ep_is_halted
 .text.udd_ep_set_halt
                0x0000233c       0x30 src/ASF/sam0/drivers/usb/stack_interface/usb_device_udd.o
                0x0000233c                udd_ep_set_halt
 .text._usb_ep0_on_tansfer_ok
                0x0000236c      0x100 src/ASF/sam0/drivers/usb/stack_interface/usb_device_udd.o
 .text.udd_ep_clear_halt
                0x0000246c       0x44 src/ASF/sam0/drivers/usb/stack_interface/usb_device_udd.o
                0x0000246c                udd_ep_clear_halt
 .text.udd_ep_run
                0x000024b0      0x1d8 src/ASF/sam0/drivers/usb/stack_interface/usb_device_udd.o
                0x000024b0                udd_ep_run
 .text.udd_set_address
                0x00002688       0x10 src/ASF/sam0/drivers/usb/stack_interface/usb_device_udd.o
                0x00002688                udd_set_address
 .text.udd_getaddress
                0x00002698       0x10 src/ASF/sam0/drivers/usb/stack_interface/usb_device_udd.o
                0x00002698                udd_getaddress
 .text.udd_set_setup_payload
                0x000026a8        0xc src/ASF/sam0/drivers/usb/stack_interface/usb_device_udd.o
                0x000026a8                udd_set_setup_payload
 .text.udd_attach
                0x000026b4       0x84 src/ASF/sam0/drivers/usb/stack_interface/usb_device_udd.o
                0x000026b4                udd_attach
 .text.udd_enable
                0x00002738       0xa0 src/ASF/sam0/drivers/usb/stack_interface/usb_device_udd.o
                0x00002738                udd_enable
 .text.usb_device_register_callback
                0x000027d8       0x24 src/ASF/sam0/drivers/usb/usb_sam_l/usb.o
                0x000027d8                usb_device_register_callback
 .text.usb_device_enable_callback
                0x000027fc       0x20 src/ASF/sam0/drivers/usb/usb_sam_l/usb.o
                0x000027fc                usb_device_enable_callback
 .text.usb_device_disable_callback
                0x0000281c       0x1c src/ASF/sam0/drivers/usb/usb_sam_l/usb.o
                0x0000281c                usb_device_disable_callback
 .text.usb_device_endpoint_register_callback
                0x00002838       0x28 src/ASF/sam0/drivers/usb/usb_sam_l/usb.o
                0x00002838                usb_device_endpoint_register_callback
 .text.usb_device_endpoint_unregister_callback
                0x00002860       0x28 src/ASF/sam0/drivers/usb/usb_sam_l/usb.o
                0x00002860                usb_device_endpoint_unregister_callback
 .text.usb_device_endpoint_enable_callback
                0x00002888       0xd0 src/ASF/sam0/drivers/usb/usb_sam_l/usb.o
                0x00002888                usb_device_endpoint_enable_callback
 .text.usb_device_endpoint_disable_callback
                0x00002958       0xd0 src/ASF/sam0/drivers/usb/usb_sam_l/usb.o
                0x00002958                usb_device_endpoint_disable_callback
 .text.usb_device_endpoint_get_config_defaults
                0x00002a28        0xe src/ASF/sam0/drivers/usb/usb_sam_l/usb.o
                0x00002a28                usb_device_endpoint_get_config_defaults
 *fill*         0x00002a36        0x2 
 .text.usb_device_endpoint_set_config
                0x00002a38      0x244 src/ASF/sam0/drivers/usb/usb_sam_l/usb.o
                0x00002a38                usb_device_endpoint_set_config
 .text.usb_device_endpoint_abort_job
                0x00002c7c       0x36 src/ASF/sam0/drivers/usb/usb_sam_l/usb.o
                0x00002c7c                usb_device_endpoint_abort_job
 .text.usb_device_endpoint_is_halted
                0x00002cb2       0x2a src/ASF/sam0/drivers/usb/usb_sam_l/usb.o
                0x00002cb2                usb_device_endpoint_is_halted
 .text.usb_device_endpoint_set_halt
                0x00002cdc       0x26 src/ASF/sam0/drivers/usb/usb_sam_l/usb.o
                0x00002cdc                usb_device_endpoint_set_halt
 .text.usb_device_endpoint_clear_halt
                0x00002d02       0x84 src/ASF/sam0/drivers/usb/usb_sam_l/usb.o
                0x00002d02                usb_device_endpoint_clear_halt
 *fill*         0x00002d86        0x2 
 .text.usb_device_endpoint_write_buffer_job
                0x00002d88       0x54 src/ASF/sam0/drivers/usb/usb_sam_l/usb.o
                0x00002d88                usb_device_endpoint_write_buffer_job
 .text.usb_device_endpoint_read_buffer_job
                0x00002ddc       0x50 src/ASF/sam0/drivers/usb/usb_sam_l/usb.o
                0x00002ddc                usb_device_endpoint_read_buffer_job
 .text.usb_device_endpoint_setup_buffer_job
                0x00002e2c       0x30 src/ASF/sam0/drivers/usb/usb_sam_l/usb.o
                0x00002e2c                usb_device_endpoint_setup_buffer_job
 .text.usb_enable
                0x00002e5c       0x14 src/ASF/sam0/drivers/usb/usb_sam_l/usb.o
                0x00002e5c                usb_enable
 .text.USB_Handler
                0x00002e70      0x6e0 src/ASF/sam0/drivers/usb/usb_sam_l/usb.o
                0x00002e70                USB_Handler
 .text.usb_get_config_defaults
                0x00003550       0x10 src/ASF/sam0/drivers/usb/usb_sam_l/usb.o
                0x00003550                usb_get_config_defaults
 .text.usb_init
                0x00003560      0x1e0 src/ASF/sam0/drivers/usb/usb_sam_l/usb.o
                0x00003560                usb_init
 .text.Dummy_Handler
                0x00003740        0x2 src/ASF/sam0/utils/cmsis/saml21/source/gcc/startup_saml21.o
                0x00003740                DMAC_Handler
                0x00003740                TRNG_Handler
                0x00003740                HardFault_Handler
                0x00003740                TC2_Handler
                0x00003740                AC_Handler
                0x00003740                PendSV_Handler
                0x00003740                NMI_Handler
                0x00003740                SERCOM1_Handler
                0x00003740                ADC_Handler
                0x00003740                TCC1_Handler
                0x00003740                SERCOM2_Handler
                0x00003740                TCC0_Handler
                0x00003740                RTC_Handler
                0x00003740                WDT_Handler
                0x00003740                TC4_Handler
                0x00003740                TC1_Handler
                0x00003740                TC3_Handler
                0x00003740                Dummy_Handler
                0x00003740                SERCOM5_Handler
                0x00003740                SVC_Handler
                0x00003740                TCC2_Handler
                0x00003740                EVSYS_Handler
                0x00003740                SERCOM3_Handler
                0x00003740                SERCOM4_Handler
                0x00003740                NVMCTRL_Handler
                0x00003740                SYSTEM_Handler
                0x00003740                SERCOM0_Handler
                0x00003740                DAC_Handler
                0x00003740                PTC_Handler
                0x00003740                TC0_Handler
                0x00003740                AES_Handler
 *fill*         0x00003742        0x2 
 .text.Reset_Handler
                0x00003744       0x98 src/ASF/sam0/utils/cmsis/saml21/source/gcc/startup_saml21.o
                0x00003744                Reset_Handler
 .text.main     0x000037dc       0x70 src/main.o
                0x000037dc                main
 .text.main_kbd_enable
                0x0000384c        0xc src/main.o
                0x0000384c                main_kbd_enable
 .text.main_kbd_disable
                0x00003858        0xc src/main.o
                0x00003858                main_kbd_disable
 .text.main_kbd_led_change
                0x00003864       0x1c src/main.o
                0x00003864                main_kbd_led_change
 .text          0x00003880      0x114 c:/program files (x86)/atmel/studio/7.0/toolchain/arm/arm-gnu-toolchain/bin/../lib/gcc/arm-none-eabi/6.3.1/thumb/v6-m\libgcc.a(_udivsi3.o)
                0x00003880                __aeabi_uidiv
                0x00003880                __udivsi3
                0x0000398c                __aeabi_uidivmod
 .text          0x00003994      0x1d4 c:/program files (x86)/atmel/studio/7.0/toolchain/arm/arm-gnu-toolchain/bin/../lib/gcc/arm-none-eabi/6.3.1/thumb/v6-m\libgcc.a(_divsi3.o)
                0x00003994                __divsi3
                0x00003994                __aeabi_idiv
                0x00003b60                __aeabi_idivmod
 .text          0x00003b68        0x4 c:/program files (x86)/atmel/studio/7.0/toolchain/arm/arm-gnu-toolchain/bin/../lib/gcc/arm-none-eabi/6.3.1/thumb/v6-m\libgcc.a(_dvmd_tls.o)
                0x00003b68                __aeabi_idiv0
                0x00003b68                __aeabi_ldiv0
 .text          0x00003b6c       0x40 c:/program files (x86)/atmel/studio/7.0/toolchain/arm/arm-gnu-toolchain/bin/../lib/gcc/arm-none-eabi/6.3.1/thumb/v6-m\libgcc.a(_ctzsi2.o)
                0x00003b6c                __ctzsi2
 .text.__libc_init_array
                0x00003bac       0x48 c:/program files (x86)/atmel/studio/7.0/toolchain/arm/arm-gnu-toolchain/bin/../lib/gcc/arm-none-eabi/6.3.1/../../../../arm-none-eabi/lib/thumb/v6-m\libc_nano.a(lib_a-init.o)
                0x00003bac                __libc_init_array
 .text.memcpy   0x00003bf4       0x12 c:/program files (x86)/atmel/studio/7.0/toolchain/arm/arm-gnu-toolchain/bin/../lib/gcc/arm-none-eabi/6.3.1/../../../../arm-none-eabi/lib/thumb/v6-m\libc_nano.a(lib_a-memcpy-stub.o)
                0x00003bf4                memcpy
 .text.memset   0x00003c06       0x10 c:/program files (x86)/atmel/studio/7.0/toolchain/arm/arm-gnu-toolchain/bin/../lib/gcc/arm-none-eabi/6.3.1/../../../../arm-none-eabi/lib/thumb/v6-m\libc_nano.a(lib_a-memset.o)
                0x00003c06                memset
 *(.glue_7t)
 .glue_7t       0x00003c16        0x0 linker stubs
 *(.glue_7)
 .glue_7        0x00003c16        0x0 linker stubs
 *(.rodata .rodata* .gnu.linkonce.r.*)
 *fill*         0x00003c16        0x2 
 .rodata.keys   0x00003c18      0x3c0 src/keyboard.o
 .rodata.system_clock_source_get_hz
                0x00003fd8       0x24 src/ASF/sam0/drivers/system/clock/clock_saml21/clock.o
 .rodata.system_clock_source_enable
                0x00003ffc       0x24 src/ASF/sam0/drivers/system/clock/clock_saml21/clock.o
 .rodata.usb_device_endpoint_set_config
                0x00004020       0x14 src/ASF/sam0/drivers/usb/usb_sam_l/usb.o
 .rodata._usb_device_irq_bits
                0x00004034        0xe src/ASF/sam0/drivers/usb/usb_sam_l/usb.o
 *fill*         0x00004042        0x2 
 .rodata._usb_endpoint_irq_bits
                0x00004044        0x4 src/ASF/sam0/drivers/usb/usb_sam_l/usb.o
 *(.ARM.extab* .gnu.linkonce.armextab.*)
                0x00004048                . = ALIGN (0x4)
 *(.init)
 .init          0x00004048        0x4 c:/program files (x86)/atmel/studio/7.0/toolchain/arm/arm-gnu-toolchain/bin/../lib/gcc/arm-none-eabi/6.3.1/thumb/v6-m/crti.o
                0x00004048                _init
 .init          0x0000404c        0x8 c:/program files (x86)/atmel/studio/7.0/toolchain/arm/arm-gnu-toolchain/bin/../lib/gcc/arm-none-eabi/6.3.1/thumb/v6-m/crtn.o
                0x00004054                . = ALIGN (0x4)
                0x00004054                __preinit_array_start = .
 *(.preinit_array)
                0x00004054                __preinit_array_end = .
                0x00004054                . = ALIGN (0x4)
                0x00004054                __init_array_start = .
 *(SORT(.init_array.*))
 *(.init_array)
 .init_array    0x00004054        0x4 c:/program files (x86)/atmel/studio/7.0/toolchain/arm/arm-gnu-toolchain/bin/../lib/gcc/arm-none-eabi/6.3.1/thumb/v6-m/crtbegin.o
                0x00004058                __init_array_end = .
                0x00004058                . = ALIGN (0x4)
 *crtbegin.o(.ctors)
 *(EXCLUDE_FILE(*crtend.o) .ctors)
 *(SORT(.ctors.*))
 *crtend.o(.ctors)
                0x00004058                . = ALIGN (0x4)
 *(.fini)
 .fini          0x00004058        0x4 c:/program files (x86)/atmel/studio/7.0/toolchain/arm/arm-gnu-toolchain/bin/../lib/gcc/arm-none-eabi/6.3.1/thumb/v6-m/crti.o
                0x00004058                _fini
 .fini          0x0000405c        0x8 c:/program files (x86)/atmel/studio/7.0/toolchain/arm/arm-gnu-toolchain/bin/../lib/gcc/arm-none-eabi/6.3.1/thumb/v6-m/crtn.o
                0x00004064                . = ALIGN (0x4)
                0x00004064                __fini_array_start = .
 *(.fini_array)
 .fini_array    0x00004064        0x4 c:/program files (x86)/atmel/studio/7.0/toolchain/arm/arm-gnu-toolchain/bin/../lib/gcc/arm-none-eabi/6.3.1/thumb/v6-m/crtbegin.o
 *(SORT(.fini_array.*))
                0x00004068                __fini_array_end = .
 *crtbegin.o(.dtors)
 *(EXCLUDE_FILE(*crtend.o) .dtors)
 *(SORT(.dtors.*))
 *crtend.o(.dtors)
                0x00004068                . = ALIGN (0x4)
                0x00004068                _efixed = .
                [!provide]                PROVIDE (__exidx_start, .)

.vfp11_veneer   0x00004068        0x0
 .vfp11_veneer  0x00004068        0x0 linker stubs

.v4_bx          0x00004068        0x0
 .v4_bx         0x00004068        0x0 linker stubs

.iplt           0x00004068        0x0
 .iplt          0x00004068        0x0 c:/program files (x86)/atmel/studio/7.0/toolchain/arm/arm-gnu-toolchain/bin/../lib/gcc/arm-none-eabi/6.3.1/thumb/v6-m/crtbegin.o

.eh_frame       0x00004068        0x0
 .eh_frame      0x00004068        0x0 c:/program files (x86)/atmel/studio/7.0/toolchain/arm/arm-gnu-toolchain/bin/../lib/gcc/arm-none-eabi/6.3.1/thumb/v6-m/crtbegin.o

.rel.dyn        0x00004068        0x0
 .rel.iplt      0x00004068        0x0 c:/program files (x86)/atmel/studio/7.0/toolchain/arm/arm-gnu-toolchain/bin/../lib/gcc/arm-none-eabi/6.3.1/thumb/v6-m/crtbegin.o

.jcr            0x00004068        0x0
 .jcr           0x00004068        0x0 c:/program files (x86)/atmel/studio/7.0/toolchain/arm/arm-gnu-toolchain/bin/../lib/gcc/arm-none-eabi/6.3.1/thumb/v6-m/crtbegin.o

.igot.plt       0x00004068        0x0
 .igot.plt      0x00004068        0x0 c:/program files (x86)/atmel/studio/7.0/toolchain/arm/arm-gnu-toolchain/bin/../lib/gcc/arm-none-eabi/6.3.1/thumb/v6-m/crtbegin.o

.ARM.exidx
 *(.ARM.exidx* .gnu.linkonce.armexidx.*)
                [!provide]                PROVIDE (__exidx_end, .)
                0x00004068                . = ALIGN (0x4)
                0x00004068                _etext = .

.relocate       0x20000000       0xe0 load address 0x00004068
                0x20000000                . = ALIGN (0x4)
                0x20000000                _srelocate = .
 *(.ramfunc .ramfunc.*)
 *(.data .data.*)
 .data.current_fn_led_state
                0x20000000        0x1 src/keyboard.o
                0x20000000                current_fn_led_state
 *fill*         0x20000001        0x3 
 .data.cycles_per_ms
                0x20000004        0x4 src/ASF/common2/services/delay/sam0/systick_counter.o
 .data.cycles_per_us
                0x20000008        0x4 src/ASF/common2/services/delay/sam0/systick_counter.o
 .data.udi_api_hid_kbd
                0x2000000c       0x14 src/ASF/common/services/usb/class/hid/device/kbd/udi_hid_kbd.o
                0x2000000c                udi_api_hid_kbd
 .data.udi_hid_kbd_report_desc
                0x20000020       0x3b src/ASF/common/services/usb/class/hid/device/kbd/udi_hid_kbd.o
                0x20000020                udi_hid_kbd_report_desc
 *fill*         0x2000005b        0x1 
 .data.udc_config
                0x2000005c        0xc src/ASF/common/services/usb/class/hid/device/kbd/udi_hid_kbd_desc.o
                0x2000005c                udc_config
 .data.udc_config_fshs
                0x20000068        0x8 src/ASF/common/services/usb/class/hid/device/kbd/udi_hid_kbd_desc.o
                0x20000068                udc_config_fshs
 .data.udc_desc
                0x20000070       0x22 src/ASF/common/services/usb/class/hid/device/kbd/udi_hid_kbd_desc.o
                0x20000070                udc_desc
 *fill*         0x20000092        0x2 
 .data.udc_device_desc
                0x20000094       0x12 src/ASF/common/services/usb/class/hid/device/kbd/udi_hid_kbd_desc.o
                0x20000094                udc_device_desc
 *fill*         0x200000a6        0x2 
 .data.udi_apis
                0x200000a8        0x4 src/ASF/common/services/usb/class/hid/device/kbd/udi_hid_kbd_desc.o
                0x200000a8                udi_apis
 .data.udc_string_desc
                0x200000ac       0x18 src/ASF/common/services/usb/udc/udc.o
 .data.udc_string_desc_languageid
                0x200000c4        0x4 src/ASF/common/services/usb/udc/udc.o
 .data.udc_string_manufacturer_name
                0x200000c8        0x7 src/ASF/common/services/usb/udc/udc.o
 *fill*         0x200000cf        0x1 
 .data.udc_string_product_name
                0x200000d0        0xc src/ASF/common/services/usb/udc/udc.o
 .data.g_interrupt_enabled
                0x200000dc        0x1 src/ASF/common/utils/interrupt/interrupt_sam_nvic.o
                0x200000dc                g_interrupt_enabled
                0x200000e0                . = ALIGN (0x4)
 *fill*         0x200000dd        0x3 
                0x200000e0                _erelocate = .

.lpram          0x30000000        0x0
                0x30000000                . = ALIGN (0x8)
                0x30000000                _slpram = .
 *(.lpram .lpram.*)
                0x30000000                . = ALIGN (0x8)
                0x30000000                _elpram = .

.bss            0x200000e0      0x580 load address 0x00004148
                0x200000e0                . = ALIGN (0x4)
                0x200000e0                _sbss = .
                0x200000e0                _szero = .
 *(.bss .bss.*)
 .bss           0x200000e0       0x1c c:/program files (x86)/atmel/studio/7.0/toolchain/arm/arm-gnu-toolchain/bin/../lib/gcc/arm-none-eabi/6.3.1/thumb/v6-m/crtbegin.o
 .bss.altGr_key_pressed
                0x200000fc        0x1 src/keyboard.o
                0x200000fc                altGr_key_pressed
 .bss.alt_key_pressed
                0x200000fd        0x1 src/keyboard.o
                0x200000fd                alt_key_pressed
 .bss.caps_key_pressed
                0x200000fe        0x1 src/keyboard.o
                0x200000fe                caps_key_pressed
 .bss.cntrl_key_pressed
                0x200000ff        0x1 src/keyboard.o
                0x200000ff                cntrl_key_pressed
 .bss.main_b_kbd_enable
                0x20000100        0x1 src/keyboard.o
 .bss.shift_key_pressed
                0x20000101        0x1 src/keyboard.o
                0x20000101                shift_key_pressed
 .bss.super_key_pressed
                0x20000102        0x1 src/keyboard.o
                0x20000102                super_key_pressed
 *fill*         0x20000103        0x1 
 .bss.millis_counter
                0x20000104        0x4 src/system_time.o
                0x20000104                millis_counter
 .bss.udi_hid_kbd_b_report_trans_ongoing
                0x20000108        0x1 src/ASF/common/services/usb/class/hid/device/kbd/udi_hid_kbd.o
 .bss.udi_hid_kbd_b_report_valid
                0x20000109        0x1 src/ASF/common/services/usb/class/hid/device/kbd/udi_hid_kbd.o
 *fill*         0x2000010a        0x2 
 .bss.udi_hid_kbd_protocol
                0x2000010c        0x1 src/ASF/common/services/usb/class/hid/device/kbd/udi_hid_kbd.o
 *fill*         0x2000010d        0x3 
 .bss.udi_hid_kbd_rate
                0x20000110        0x1 src/ASF/common/services/usb/class/hid/device/kbd/udi_hid_kbd.o
 *fill*         0x20000111        0x3 
 .bss.udi_hid_kbd_report
                0x20000114        0x8 src/ASF/common/services/usb/class/hid/device/kbd/udi_hid_kbd.o
 .bss.udi_hid_kbd_report_set
                0x2000011c        0x1 src/ASF/common/services/usb/class/hid/device/kbd/udi_hid_kbd.o
 *fill*         0x2000011d        0x3 
 .bss.udi_hid_kbd_report_trans
                0x20000120        0x8 src/ASF/common/services/usb/class/hid/device/kbd/udi_hid_kbd.o
 .bss.udc_device_status
                0x20000128        0x2 src/ASF/common/services/usb/udc/udc.o
 .bss.udc_ep_status.13273
                0x2000012a        0x2 src/ASF/common/services/usb/udc/udc.o
 .bss.udc_iface_setting
                0x2000012c        0x1 src/ASF/common/services/usb/udc/udc.o
 *fill*         0x2000012d        0x3 
 .bss.udc_num_configuration
                0x20000130        0x1 src/ASF/common/services/usb/udc/udc.o
 *fill*         0x20000131        0x3 
 .bss.udc_ptr_conf
                0x20000134        0x4 src/ASF/common/services/usb/udc/udc.o
 .bss.udc_ptr_iface
                0x20000138        0x4 src/ASF/common/services/usb/udc/udc.o
 .bss.cpu_irq_critical_section_counter
                0x2000013c        0x4 src/ASF/common/utils/interrupt/interrupt_sam_nvic.o
 .bss.cpu_irq_prev_interrupt_state
                0x20000140        0x1 src/ASF/common/utils/interrupt/interrupt_sam_nvic.o
 *fill*         0x20000141        0x3 
 .bss._system_clock_inst
                0x20000144       0x18 src/ASF/sam0/drivers/system/clock/clock_saml21/clock.o
 .bss.b_shortpacket.14811
                0x2000015c        0x1 src/ASF/sam0/drivers/usb/stack_interface/usb_device_udd.o
 *fill*         0x2000015d        0x1 
 .bss.udd_ctrl_payload_nb_trans
                0x2000015e        0x2 src/ASF/sam0/drivers/usb/stack_interface/usb_device_udd.o
 .bss.udd_ctrl_prev_payload_nb_trans
                0x20000160        0x2 src/ASF/sam0/drivers/usb/stack_interface/usb_device_udd.o
 .bss.udd_ep_control_state
                0x20000162        0x1 src/ASF/sam0/drivers/usb/stack_interface/usb_device_udd.o
 *fill*         0x20000163        0x1 
 .bss.udd_ep_job
                0x20000164       0x28 src/ASF/sam0/drivers/usb/stack_interface/usb_device_udd.o
 .bss.udd_state.14668
                0x2000018c        0x1 src/ASF/sam0/drivers/usb/stack_interface/usb_device_udd.o
 *fill*         0x2000018d        0x3 
 .bss._usb_instances
                0x20000190        0x4 src/ASF/sam0/drivers/usb/usb_sam_l/usb.o
 .bss.device_callback_lpm_wakeup_enable
                0x20000194        0x4 src/ASF/sam0/drivers/usb/usb_sam_l/usb.o
 .bss.ep_callback_para
                0x20000198        0x8 src/ASF/sam0/drivers/usb/usb_sam_l/usb.o
 .bss.host_pipe_job_busy_status
                0x200001a0        0x4 src/ASF/sam0/drivers/usb/usb_sam_l/usb.o
                0x200001a0                host_pipe_job_busy_status
 .bss.pipe_callback_para
                0x200001a4        0x6 src/ASF/sam0/drivers/usb/usb_sam_l/usb.o
 *(COMMON)
 *fill*         0x200001aa        0x2 
 COMMON         0x200001ac       0x3c src/keyboard.o
                0x200001ac                matrix_key_pressed
 COMMON         0x200001e8      0x168 src/matrix.o
                0x200001e8                lastUpdateTime
                0x200002d8                buttons_debounced
                0x20000314                buttons_unbounced
 COMMON         0x20000350        0x5 src/ASF/common/services/sleepmgr/saml/sleepmgr.o
                0x20000350                sleepmgr_locks
 COMMON         0x20000355        0x1 src/ASF/sam0/drivers/extint/extint_callback.o
                0x20000355                _current_channel
 *fill*         0x20000356        0x2 
 COMMON         0x20000358       0x40 src/ASF/sam0/drivers/extint/extint_sam_l_c/extint.o
                0x20000358                _extint_dev
 COMMON         0x20000398      0x1c8 src/ASF/sam0/drivers/usb/stack_interface/usb_device_udd.o
                0x20000398                udd_ep_out_cache_buffer
                0x200003d8                usb_device
                0x20000540                udd_g_ctrlreq
                0x20000558                udd_ctrl_buffer
 COMMON         0x20000560      0x100 src/ASF/sam0/drivers/usb/usb_sam_l/usb.o
                0x20000560                usb_descriptor_table
                0x20000660                . = ALIGN (0x4)
                0x20000660                _ebss = .
                0x20000660                _ezero = .

.stack          0x20000660      0x800 load address 0x000046c8
                0x20000660                . = ALIGN (0x8)
                0x20000660                _sstack = .
                0x20000e60                . = (. + STACK_SIZE)
 *fill*         0x20000660      0x800 
                0x20000e60                . = ALIGN (0x8)
                0x20000e60                _estack = .
                0x20000e60                . = ALIGN (0x4)
                0x20000e60                _end = .
OUTPUT(GccBoardProject1.elf elf32-littlearm)

.ARM.attributes
                0x00000000       0x28
 .ARM.attributes
                0x00000000       0x1e c:/program files (x86)/atmel/studio/7.0/toolchain/arm/arm-gnu-toolchain/bin/../lib/gcc/arm-none-eabi/6.3.1/thumb/v6-m/crti.o
 .ARM.attributes
                0x0000001e       0x2c c:/program files (x86)/atmel/studio/7.0/toolchain/arm/arm-gnu-toolchain/bin/../lib/gcc/arm-none-eabi/6.3.1/thumb/v6-m/crtbegin.o
 .ARM.attributes
                0x0000004a       0x32 src/keyboard.o
 .ARM.attributes
                0x0000007c       0x32 src/matrix.o
 .ARM.attributes
                0x000000ae       0x32 src/system_time.o
 .ARM.attributes
                0x000000e0       0x32 src/ASF/common2/services/delay/sam0/systick_counter.o
 .ARM.attributes
                0x00000112       0x32 src/ASF/common/services/sleepmgr/saml/sleepmgr.o
 .ARM.attributes
                0x00000144       0x32 src/ASF/common/services/usb/class/hid/device/kbd/udi_hid_kbd.o
 .ARM.attributes
                0x00000176       0x32 src/ASF/common/services/usb/class/hid/device/kbd/udi_hid_kbd_desc.o
 .ARM.attributes
                0x000001a8       0x32 src/ASF/common/services/usb/class/hid/device/udi_hid.o
 .ARM.attributes
                0x000001da       0x32 src/ASF/common/services/usb/udc/udc.o
 .ARM.attributes
                0x0000020c       0x32 src/ASF/sam0/drivers/extint/extint_callback.o
 .ARM.attributes
                0x0000023e       0x32 src/ASF/sam0/drivers/extint/extint_sam_l_c/extint.o
 .ARM.attributes
                0x00000270       0x32 src/ASF/sam0/drivers/port/port.o
 .ARM.attributes
                0x000002a2       0x32 src/ASF/common2/boards/user_board/init.o
 .ARM.attributes
                0x000002d4       0x32 src/ASF/common/utils/interrupt/interrupt_sam_nvic.o
 .ARM.attributes
                0x00000306       0x32 src/ASF/sam0/drivers/system/clock/clock_saml21/clock.o
 .ARM.attributes
                0x00000338       0x32 src/ASF/sam0/drivers/system/clock/clock_saml21/gclk.o
 .ARM.attributes
                0x0000036a       0x32 src/ASF/sam0/drivers/system/pinmux/pinmux.o
 .ARM.attributes
                0x0000039c       0x32 src/ASF/sam0/drivers/system/system.o
 .ARM.attributes
                0x000003ce       0x32 src/ASF/sam0/drivers/usb/stack_interface/usb_device_udd.o
 .ARM.attributes
                0x00000400       0x32 src/ASF/sam0/drivers/usb/usb_sam_l/usb.o
 .ARM.attributes
                0x00000432       0x32 src/ASF/sam0/utils/cmsis/saml21/source/gcc/startup_saml21.o
 .ARM.attributes
                0x00000464       0x32 src/main.o
 .ARM.attributes
                0x00000496       0x1e c:/program files (x86)/atmel/studio/7.0/toolchain/arm/arm-gnu-toolchain/bin/../lib/gcc/arm-none-eabi/6.3.1/thumb/v6-m\libgcc.a(_udivsi3.o)
 .ARM.attributes
                0x000004b4       0x1e c:/program files (x86)/atmel/studio/7.0/toolchain/arm/arm-gnu-toolchain/bin/../lib/gcc/arm-none-eabi/6.3.1/thumb/v6-m\libgcc.a(_divsi3.o)
 .ARM.attributes
                0x000004d2       0x1e c:/program files (x86)/atmel/studio/7.0/toolchain/arm/arm-gnu-toolchain/bin/../lib/gcc/arm-none-eabi/6.3.1/thumb/v6-m\libgcc.a(_dvmd_tls.o)
 .ARM.attributes
                0x000004f0       0x1e c:/program files (x86)/atmel/studio/7.0/toolchain/arm/arm-gnu-toolchain/bin/../lib/gcc/arm-none-eabi/6.3.1/thumb/v6-m\libgcc.a(_ctzsi2.o)
 .ARM.attributes
                0x0000050e       0x2c c:/program files (x86)/atmel/studio/7.0/toolchain/arm/arm-gnu-toolchain/bin/../lib/gcc/arm-none-eabi/6.3.1/../../../../arm-none-eabi/lib/thumb/v6-m\libc_nano.a(lib_a-init.o)
 .ARM.attributes
                0x0000053a       0x2c c:/program files (x86)/atmel/studio/7.0/toolchain/arm/arm-gnu-toolchain/bin/../lib/gcc/arm-none-eabi/6.3.1/../../../../arm-none-eabi/lib/thumb/v6-m\libc_nano.a(lib_a-memcpy-stub.o)
 .ARM.attributes
                0x00000566       0x2c c:/program files (x86)/atmel/studio/7.0/toolchain/arm/arm-gnu-toolchain/bin/../lib/gcc/arm-none-eabi/6.3.1/../../../../arm-none-eabi/lib/thumb/v6-m\libc_nano.a(lib_a-memset.o)
 .ARM.attributes
                0x00000592       0x1e c:/program files (x86)/atmel/studio/7.0/toolchain/arm/arm-gnu-toolchain/bin/../lib/gcc/arm-none-eabi/6.3.1/thumb/v6-m/crtn.o

.comment        0x00000000       0x59
 .comment       0x00000000       0x59 src/keyboard.o
                                 0x5a (size before relaxing)
 .comment       0x00000059       0x5a src/matrix.o
 .comment       0x00000059       0x5a src/system_time.o
 .comment       0x00000059       0x5a src/ASF/common2/services/delay/sam0/systick_counter.o
 .comment       0x00000059       0x5a src/ASF/common/services/sleepmgr/saml/sleepmgr.o
 .comment       0x00000059       0x5a src/ASF/common/services/usb/class/hid/device/kbd/udi_hid_kbd.o
 .comment       0x00000059       0x5a src/ASF/common/services/usb/class/hid/device/kbd/udi_hid_kbd_desc.o
 .comment       0x00000059       0x5a src/ASF/common/services/usb/class/hid/device/udi_hid.o
 .comment       0x00000059       0x5a src/ASF/common/services/usb/udc/udc.o
 .comment       0x00000059       0x5a src/ASF/sam0/drivers/extint/extint_callback.o
 .comment       0x00000059       0x5a src/ASF/sam0/drivers/extint/extint_sam_l_c/extint.o
 .comment       0x00000059       0x5a src/ASF/sam0/drivers/port/port.o
 .comment       0x00000059       0x5a src/ASF/common2/boards/user_board/init.o
 .comment       0x00000059       0x5a src/ASF/common/utils/interrupt/interrupt_sam_nvic.o
 .comment       0x00000059       0x5a src/ASF/sam0/drivers/system/clock/clock_saml21/clock.o
 .comment       0x00000059       0x5a src/ASF/sam0/drivers/system/clock/clock_saml21/gclk.o
 .comment       0x00000059       0x5a src/ASF/sam0/drivers/system/pinmux/pinmux.o
 .comment       0x00000059       0x5a src/ASF/sam0/drivers/system/system.o
 .comment       0x00000059       0x5a src/ASF/sam0/drivers/usb/stack_interface/usb_device_udd.o
 .comment       0x00000059       0x5a src/ASF/sam0/drivers/usb/usb_sam_l/usb.o
 .comment       0x00000059       0x5a src/ASF/sam0/utils/cmsis/saml21/source/gcc/startup_saml21.o
 .comment       0x00000059       0x5a src/main.o

.debug_info     0x00000000    0x27f35
 .debug_info    0x00000000     0x2370 src/keyboard.o
 .debug_info    0x00002370     0x2351 src/matrix.o
 .debug_info    0x000046c1     0x13db src/system_time.o
 .debug_info    0x00005a9c      0xb8d src/ASF/common2/services/delay/sam0/systick_counter.o
 .debug_info    0x00006629      0xa8e src/ASF/common/services/sleepmgr/saml/sleepmgr.o
 .debug_info    0x000070b7     0x1687 src/ASF/common/services/usb/class/hid/device/kbd/udi_hid_kbd.o
 .debug_info    0x0000873e     0x1119 src/ASF/common/services/usb/class/hid/device/kbd/udi_hid_kbd_desc.o
 .debug_info    0x00009857     0x1001 src/ASF/common/services/usb/class/hid/device/udi_hid.o
 .debug_info    0x0000a858     0x1a81 src/ASF/common/services/usb/udc/udc.o
 .debug_info    0x0000c2d9     0x13e8 src/ASF/sam0/drivers/extint/extint_callback.o
 .debug_info    0x0000d6c1     0x2520 src/ASF/sam0/drivers/extint/extint_sam_l_c/extint.o
 .debug_info    0x0000fbe1     0x13b1 src/ASF/sam0/drivers/port/port.o
 .debug_info    0x00010f92      0xe42 src/ASF/common2/boards/user_board/init.o
 .debug_info    0x00011dd4      0xb05 src/ASF/common/utils/interrupt/interrupt_sam_nvic.o
 .debug_info    0x000128d9     0x452f src/ASF/sam0/drivers/system/clock/clock_saml21/clock.o
 .debug_info    0x00016e08     0x1dee src/ASF/sam0/drivers/system/clock/clock_saml21/gclk.o
 .debug_info    0x00018bf6     0x14ee src/ASF/sam0/drivers/system/pinmux/pinmux.o
 .debug_info    0x0001a0e4      0xa73 src/ASF/sam0/drivers/system/system.o
 .debug_info    0x0001ab57     0x5ef8 src/ASF/sam0/drivers/usb/stack_interface/usb_device_udd.o
 .debug_info    0x00020a4f     0x5178 src/ASF/sam0/drivers/usb/usb_sam_l/usb.o
 .debug_info    0x00025bc7      0xa28 src/ASF/sam0/utils/cmsis/saml21/source/gcc/startup_saml21.o
 .debug_info    0x000265ef     0x1946 src/main.o

.debug_abbrev   0x00000000     0x47c6
 .debug_abbrev  0x00000000      0x447 src/keyboard.o
 .debug_abbrev  0x00000447      0x3fe src/matrix.o
 .debug_abbrev  0x00000845      0x2c4 src/system_time.o
 .debug_abbrev  0x00000b09      0x24b src/ASF/common2/services/delay/sam0/systick_counter.o
 .debug_abbrev  0x00000d54      0x1b2 src/ASF/common/services/sleepmgr/saml/sleepmgr.o
 .debug_abbrev  0x00000f06      0x405 src/ASF/common/services/usb/class/hid/device/kbd/udi_hid_kbd.o
 .debug_abbrev  0x0000130b      0x1c7 src/ASF/common/services/usb/class/hid/device/kbd/udi_hid_kbd_desc.o
 .debug_abbrev  0x000014d2      0x24e src/ASF/common/services/usb/class/hid/device/udi_hid.o
 .debug_abbrev  0x00001720      0x3f5 src/ASF/common/services/usb/udc/udc.o
 .debug_abbrev  0x00001b15      0x333 src/ASF/sam0/drivers/extint/extint_callback.o
 .debug_abbrev  0x00001e48      0x48b src/ASF/sam0/drivers/extint/extint_sam_l_c/extint.o
 .debug_abbrev  0x000022d3      0x298 src/ASF/sam0/drivers/port/port.o
 .debug_abbrev  0x0000256b      0x1cc src/ASF/common2/boards/user_board/init.o
 .debug_abbrev  0x00002737      0x23b src/ASF/common/utils/interrupt/interrupt_sam_nvic.o
 .debug_abbrev  0x00002972      0x48c src/ASF/sam0/drivers/system/clock/clock_saml21/clock.o
 .debug_abbrev  0x00002dfe      0x405 src/ASF/sam0/drivers/system/clock/clock_saml21/gclk.o
 .debug_abbrev  0x00003203      0x361 src/ASF/sam0/drivers/system/pinmux/pinmux.o
 .debug_abbrev  0x00003564      0x1e1 src/ASF/sam0/drivers/system/system.o
 .debug_abbrev  0x00003745      0x607 src/ASF/sam0/drivers/usb/stack_interface/usb_device_udd.o
 .debug_abbrev  0x00003d4c      0x507 src/ASF/sam0/drivers/usb/usb_sam_l/usb.o
 .debug_abbrev  0x00004253      0x1e4 src/ASF/sam0/utils/cmsis/saml21/source/gcc/startup_saml21.o
 .debug_abbrev  0x00004437      0x38f src/main.o

.debug_loc      0x00000000     0x660f
 .debug_loc     0x00000000      0x566 src/keyboard.o
 .debug_loc     0x00000566      0x6d7 src/matrix.o
 .debug_loc     0x00000c3d       0x68 src/system_time.o
 .debug_loc     0x00000ca5       0xe4 src/ASF/common2/services/delay/sam0/systick_counter.o
 .debug_loc     0x00000d89      0x3bb src/ASF/common/services/usb/class/hid/device/kbd/udi_hid_kbd.o
 .debug_loc     0x00001144      0x247 src/ASF/common/services/usb/class/hid/device/udi_hid.o
 .debug_loc     0x0000138b      0x4d6 src/ASF/common/services/usb/udc/udc.o
 .debug_loc     0x00001861      0x2ac src/ASF/sam0/drivers/extint/extint_callback.o
 .debug_loc     0x00001b0d      0x4ca src/ASF/sam0/drivers/extint/extint_sam_l_c/extint.o
 .debug_loc     0x00001fd7      0x13d src/ASF/sam0/drivers/port/port.o
 .debug_loc     0x00002114      0xd6c src/ASF/sam0/drivers/system/clock/clock_saml21/clock.o
 .debug_loc     0x00002e80      0x4dd src/ASF/sam0/drivers/system/clock/clock_saml21/gclk.o
 .debug_loc     0x0000335d      0x36d src/ASF/sam0/drivers/system/pinmux/pinmux.o
 .debug_loc     0x000036ca       0x20 src/ASF/sam0/drivers/system/system.o
 .debug_loc     0x000036ea     0x130b src/ASF/sam0/drivers/usb/stack_interface/usb_device_udd.o
 .debug_loc     0x000049f5     0x1b0f src/ASF/sam0/drivers/usb/usb_sam_l/usb.o
 .debug_loc     0x00006504       0x40 src/ASF/sam0/utils/cmsis/saml21/source/gcc/startup_saml21.o
 .debug_loc     0x00006544       0xcb src/main.o

.debug_aranges  0x00000000      0x780
 .debug_aranges
                0x00000000       0x50 src/keyboard.o
 .debug_aranges
                0x00000050       0x40 src/matrix.o
 .debug_aranges
                0x00000090       0x30 src/system_time.o
 .debug_aranges
                0x000000c0       0x30 src/ASF/common2/services/delay/sam0/systick_counter.o
 .debug_aranges
                0x000000f0       0x18 src/ASF/common/services/sleepmgr/saml/sleepmgr.o
 .debug_aranges
                0x00000108       0x78 src/ASF/common/services/usb/class/hid/device/kbd/udi_hid_kbd.o
 .debug_aranges
                0x00000180       0x18 src/ASF/common/services/usb/class/hid/device/kbd/udi_hid_kbd_desc.o
 .debug_aranges
                0x00000198       0x20 src/ASF/common/services/usb/class/hid/device/udi_hid.o
 .debug_aranges
                0x000001b8       0x70 src/ASF/common/services/usb/udc/udc.o
 .debug_aranges
                0x00000228       0x48 src/ASF/sam0/drivers/extint/extint_callback.o
 .debug_aranges
                0x00000270       0x58 src/ASF/sam0/drivers/extint/extint_sam_l_c/extint.o
 .debug_aranges
                0x000002c8       0x28 src/ASF/sam0/drivers/port/port.o
 .debug_aranges
                0x000002f0       0x20 src/ASF/common2/boards/user_board/init.o
 .debug_aranges
                0x00000310       0x28 src/ASF/common/utils/interrupt/interrupt_sam_nvic.o
 .debug_aranges
                0x00000338       0x80 src/ASF/sam0/drivers/system/clock/clock_saml21/clock.o
 .debug_aranges
                0x000003b8       0x80 src/ASF/sam0/drivers/system/clock/clock_saml21/gclk.o
 .debug_aranges
                0x00000438       0x40 src/ASF/sam0/drivers/system/pinmux/pinmux.o
 .debug_aranges
                0x00000478       0x28 src/ASF/sam0/drivers/system/system.o
 .debug_aranges
                0x000004a0      0x128 src/ASF/sam0/drivers/usb/stack_interface/usb_device_udd.o
 .debug_aranges
                0x000005c8      0x158 src/ASF/sam0/drivers/usb/usb_sam_l/usb.o
 .debug_aranges
                0x00000720       0x28 src/ASF/sam0/utils/cmsis/saml21/source/gcc/startup_saml21.o
 .debug_aranges
                0x00000748       0x38 src/main.o

.debug_ranges   0x00000000      0x8b0
 .debug_ranges  0x00000000       0xb8 src/keyboard.o
 .debug_ranges  0x000000b8       0x78 src/matrix.o
 .debug_ranges  0x00000130       0x20 src/system_time.o
 .debug_ranges  0x00000150       0x50 src/ASF/common2/services/delay/sam0/systick_counter.o
 .debug_ranges  0x000001a0       0x68 src/ASF/common/services/usb/class/hid/device/kbd/udi_hid_kbd.o
 .debug_ranges  0x00000208       0x10 src/ASF/common/services/usb/class/hid/device/udi_hid.o
 .debug_ranges  0x00000218       0xc8 src/ASF/common/services/usb/udc/udc.o
 .debug_ranges  0x000002e0       0x90 src/ASF/sam0/drivers/extint/extint_callback.o
 .debug_ranges  0x00000370       0x48 src/ASF/sam0/drivers/extint/extint_sam_l_c/extint.o
 .debug_ranges  0x000003b8       0x18 src/ASF/sam0/drivers/port/port.o
 .debug_ranges  0x000003d0       0x10 src/ASF/common2/boards/user_board/init.o
 .debug_ranges  0x000003e0       0x18 src/ASF/common/utils/interrupt/interrupt_sam_nvic.o
 .debug_ranges  0x000003f8       0x70 src/ASF/sam0/drivers/system/clock/clock_saml21/clock.o
 .debug_ranges  0x00000468       0x88 src/ASF/sam0/drivers/system/clock/clock_saml21/gclk.o
 .debug_ranges  0x000004f0       0x30 src/ASF/sam0/drivers/system/pinmux/pinmux.o
 .debug_ranges  0x00000520       0x18 src/ASF/sam0/drivers/system/system.o
 .debug_ranges  0x00000538      0x1a8 src/ASF/sam0/drivers/usb/stack_interface/usb_device_udd.o
 .debug_ranges  0x000006e0      0x190 src/ASF/sam0/drivers/usb/usb_sam_l/usb.o
 .debug_ranges  0x00000870       0x18 src/ASF/sam0/utils/cmsis/saml21/source/gcc/startup_saml21.o
 .debug_ranges  0x00000888       0x28 src/main.o

.debug_macro    0x00000000    0x2050f
 .debug_macro   0x00000000      0x798 src/keyboard.o
 .debug_macro   0x00000798      0x8c2 src/keyboard.o
 .debug_macro   0x0000105a      0x16d src/keyboard.o
 .debug_macro   0x000011c7      0x71d src/keyboard.o
 .debug_macro   0x000018e4       0x22 src/keyboard.o
 .debug_macro   0x00001906       0x87 src/keyboard.o
 .debug_macro   0x0000198d       0x51 src/keyboard.o
 .debug_macro   0x000019de       0xef src/keyboard.o
 .debug_macro   0x00001acd       0x6a src/keyboard.o
 .debug_macro   0x00001b37      0x1df src/keyboard.o
 .debug_macro   0x00001d16       0x10 src/keyboard.o
 .debug_macro   0x00001d26       0x76 src/keyboard.o
 .debug_macro   0x00001d9c       0x16 src/keyboard.o
 .debug_macro   0x00001db2      0x6db src/keyboard.o
 .debug_macro   0x0000248d      0xdd8 src/keyboard.o
 .debug_macro   0x00003265       0x22 src/keyboard.o
 .debug_macro   0x00003287       0x40 src/keyboard.o
 .debug_macro   0x000032c7       0x1c src/keyboard.o
 .debug_macro   0x000032e3       0x22 src/keyboard.o
 .debug_macro   0x00003305       0xb5 src/keyboard.o
 .debug_macro   0x000033ba      0x3ad src/keyboard.o
 .debug_macro   0x00003767      0x718 src/keyboard.o
 .debug_macro   0x00003e7f      0x972 src/keyboard.o
 .debug_macro   0x000047f1      0x2b1 src/keyboard.o
 .debug_macro   0x00004aa2      0x222 src/keyboard.o
 .debug_macro   0x00004cc4      0x4d5 src/keyboard.o
 .debug_macro   0x00005199      0xd1a src/keyboard.o
 .debug_macro   0x00005eb3      0x5b8 src/keyboard.o
 .debug_macro   0x0000646b      0x5be src/keyboard.o
 .debug_macro   0x00006a29      0x828 src/keyboard.o
 .debug_macro   0x00007251      0x294 src/keyboard.o
 .debug_macro   0x000074e5      0x5d8 src/keyboard.o
 .debug_macro   0x00007abd      0x21c src/keyboard.o
 .debug_macro   0x00007cd9      0x79d src/keyboard.o
 .debug_macro   0x00008476      0x172 src/keyboard.o
 .debug_macro   0x000085e8      0x713 src/keyboard.o
 .debug_macro   0x00008cfb      0x28d src/keyboard.o
 .debug_macro   0x00008f88      0x6ff src/keyboard.o
 .debug_macro   0x00009687      0x2de src/keyboard.o
 .debug_macro   0x00009965      0x3cb src/keyboard.o
 .debug_macro   0x00009d30      0x1a4 src/keyboard.o
 .debug_macro   0x00009ed4     0x122b src/keyboard.o
 .debug_macro   0x0000b0ff      0xf4e src/keyboard.o
 .debug_macro   0x0000c04d      0x869 src/keyboard.o
 .debug_macro   0x0000c8b6      0xa38 src/keyboard.o
 .debug_macro   0x0000d2ee      0x8b2 src/keyboard.o
 .debug_macro   0x0000dba0     0x19c2 src/keyboard.o
 .debug_macro   0x0000f562       0xe7 src/keyboard.o
 .debug_macro   0x0000f649     0x13a7 src/keyboard.o
 .debug_macro   0x000109f0      0x36e src/keyboard.o
 .debug_macro   0x00010d5e       0x7c src/keyboard.o
 .debug_macro   0x00010dda       0xac src/keyboard.o
 .debug_macro   0x00010e86       0xca src/keyboard.o
 .debug_macro   0x00010f50       0x4c src/keyboard.o
 .debug_macro   0x00010f9c       0x94 src/keyboard.o
 .debug_macro   0x00011030       0xd6 src/keyboard.o
 .debug_macro   0x00011106       0xb2 src/keyboard.o
 .debug_macro   0x000111b8       0x64 src/keyboard.o
 .debug_macro   0x0001121c      0x5cb src/keyboard.o
 .debug_macro   0x000117e7      0x1a1 src/keyboard.o
 .debug_macro   0x00011988       0x70 src/keyboard.o
 .debug_macro   0x000119f8       0xa0 src/keyboard.o
 .debug_macro   0x00011a98       0xc4 src/keyboard.o
 .debug_macro   0x00011b5c       0x28 src/keyboard.o
 .debug_macro   0x00011b84       0xa0 src/keyboard.o
 .debug_macro   0x00011c24       0x40 src/keyboard.o
 .debug_macro   0x00011c64       0x7c src/keyboard.o
 .debug_macro   0x00011ce0       0x40 src/keyboard.o
 .debug_macro   0x00011d20      0x16e src/keyboard.o
 .debug_macro   0x00011e8e       0x34 src/keyboard.o
 .debug_macro   0x00011ec2       0xee src/keyboard.o
 .debug_macro   0x00011fb0      0x12f src/keyboard.o
 .debug_macro   0x000120df      0x12f src/keyboard.o
 .debug_macro   0x0001220e      0x12f src/keyboard.o
 .debug_macro   0x0001233d      0x12f src/keyboard.o
 .debug_macro   0x0001246c      0x12f src/keyboard.o
 .debug_macro   0x0001259b      0x12f src/keyboard.o
 .debug_macro   0x000126ca       0x5e src/keyboard.o
 .debug_macro   0x00012728      0x19c src/keyboard.o
 .debug_macro   0x000128c4       0xfa src/keyboard.o
 .debug_macro   0x000129be       0xfa src/keyboard.o
 .debug_macro   0x00012ab8       0xfa src/keyboard.o
 .debug_macro   0x00012bb2       0xfa src/keyboard.o
 .debug_macro   0x00012cac       0xfa src/keyboard.o
 .debug_macro   0x00012da6      0x124 src/keyboard.o
 .debug_macro   0x00012eca       0xfa src/keyboard.o
 .debug_macro   0x00012fc4       0xee src/keyboard.o
 .debug_macro   0x000130b2       0x2e src/keyboard.o
 .debug_macro   0x000130e0      0x408 src/keyboard.o
 .debug_macro   0x000134e8       0x3a src/keyboard.o
 .debug_macro   0x00013522      0x433 src/keyboard.o
 .debug_macro   0x00013955     0x2349 src/keyboard.o
 .debug_macro   0x00015c9e       0x90 src/keyboard.o
 .debug_macro   0x00015d2e       0x58 src/keyboard.o
 .debug_macro   0x00015d86       0x35 src/keyboard.o
 .debug_macro   0x00015dbb       0x9c src/keyboard.o
 .debug_macro   0x00015e57       0x16 src/keyboard.o
 .debug_macro   0x00015e6d       0x35 src/keyboard.o
 .debug_macro   0x00015ea2      0x34d src/keyboard.o
 .debug_macro   0x000161ef       0x10 src/keyboard.o
 .debug_macro   0x000161ff       0x58 src/keyboard.o
 .debug_macro   0x00016257       0x1f src/keyboard.o
 .debug_macro   0x00016276       0x43 src/keyboard.o
 .debug_macro   0x000162b9       0x20 src/keyboard.o
 .debug_macro   0x000162d9      0x187 src/keyboard.o
 .debug_macro   0x00016460       0x10 src/keyboard.o
 .debug_macro   0x00016470       0x1c src/keyboard.o
 .debug_macro   0x0001648c       0x52 src/keyboard.o
 .debug_macro   0x000164de       0x40 src/keyboard.o
 .debug_macro   0x0001651e       0x10 src/keyboard.o
 .debug_macro   0x0001652e       0x40 src/keyboard.o
 .debug_macro   0x0001656e       0xd7 src/keyboard.o
 .debug_macro   0x00016645       0x16 src/keyboard.o
 .debug_macro   0x0001665b      0x18b src/keyboard.o
 .debug_macro   0x000167e6       0x16 src/keyboard.o
 .debug_macro   0x000167fc       0x16 src/keyboard.o
 .debug_macro   0x00016812       0x29 src/keyboard.o
 .debug_macro   0x0001683b       0x51 src/keyboard.o
 .debug_macro   0x0001688c       0x3e src/keyboard.o
 .debug_macro   0x000168ca      0x3df src/keyboard.o
 .debug_macro   0x00016ca9       0x10 src/keyboard.o
 .debug_macro   0x00016cb9       0x16 src/keyboard.o
 .debug_macro   0x00016ccf       0x16 src/keyboard.o
 .debug_macro   0x00016ce5       0x18 src/keyboard.o
 .debug_macro   0x00016cfd       0x12 src/keyboard.o
 .debug_macro   0x00016d0f      0x2df src/keyboard.o
 .debug_macro   0x00016fee       0x1f src/keyboard.o
 .debug_macro   0x0001700d       0x22 src/keyboard.o
 .debug_macro   0x0001702f       0x2e src/keyboard.o
 .debug_macro   0x0001705d       0x10 src/keyboard.o
 .debug_macro   0x0001706d       0x4c src/keyboard.o
 .debug_macro   0x000170b9       0x28 src/keyboard.o
 .debug_macro   0x000170e1      0x241 src/keyboard.o
 .debug_macro   0x00017322      0x162 src/keyboard.o
 .debug_macro   0x00017484      0x44f src/keyboard.o
 .debug_macro   0x000178d3       0x16 src/keyboard.o
 .debug_macro   0x000178e9       0x16 src/keyboard.o
 .debug_macro   0x000178ff       0x22 src/keyboard.o
 .debug_macro   0x00017921       0x16 src/keyboard.o
 .debug_macro   0x00017937      0x7ce src/matrix.o
 .debug_macro   0x00018105      0x758 src/system_time.o
 .debug_macro   0x0001885d      0x5d4 src/ASF/common2/services/delay/sam0/systick_counter.o
 .debug_macro   0x00018e31      0x5ff src/ASF/common/services/sleepmgr/saml/sleepmgr.o
 .debug_macro   0x00019430      0x667 src/ASF/common/services/usb/class/hid/device/kbd/udi_hid_kbd.o
 .debug_macro   0x00019a97       0x46 src/ASF/common/services/usb/class/hid/device/kbd/udi_hid_kbd.o
 .debug_macro   0x00019add       0x1c src/ASF/common/services/usb/class/hid/device/kbd/udi_hid_kbd.o
 .debug_macro   0x00019af9       0x16 src/ASF/common/services/usb/class/hid/device/kbd/udi_hid_kbd.o
 .debug_macro   0x00019b0f      0x634 src/ASF/common/services/usb/class/hid/device/kbd/udi_hid_kbd_desc.o
 .debug_macro   0x0001a143      0x63d src/ASF/common/services/usb/class/hid/device/udi_hid.o
 .debug_macro   0x0001a780      0x641 src/ASF/common/services/usb/udc/udc.o
 .debug_macro   0x0001adc1      0x5bc src/ASF/sam0/drivers/extint/extint_callback.o
 .debug_macro   0x0001b37d      0x620 src/ASF/sam0/drivers/extint/extint_sam_l_c/extint.o
 .debug_macro   0x0001b99d       0x18 src/ASF/sam0/drivers/extint/extint_sam_l_c/extint.o
 .debug_macro   0x0001b9b5       0x16 src/ASF/sam0/drivers/extint/extint_sam_l_c/extint.o
 .debug_macro   0x0001b9cb      0x5b1 src/ASF/sam0/drivers/port/port.o
 .debug_macro   0x0001bf7c       0x19 src/ASF/sam0/drivers/port/port.o
 .debug_macro   0x0001bf95      0x74d src/ASF/common2/boards/user_board/init.o
 .debug_macro   0x0001c6e2      0x597 src/ASF/common/utils/interrupt/interrupt_sam_nvic.o
 .debug_macro   0x0001cc79      0x611 src/ASF/sam0/drivers/system/clock/clock_saml21/clock.o
 .debug_macro   0x0001d28a      0x29a src/ASF/sam0/drivers/system/clock/clock_saml21/clock.o
 .debug_macro   0x0001d524      0x5cf src/ASF/sam0/drivers/system/clock/clock_saml21/gclk.o
 .debug_macro   0x0001daf3      0x5a7 src/ASF/sam0/drivers/system/pinmux/pinmux.o
 .debug_macro   0x0001e09a       0x12 src/ASF/sam0/drivers/system/pinmux/pinmux.o
 .debug_macro   0x0001e0ac      0x5df src/ASF/sam0/drivers/system/system.o
 .debug_macro   0x0001e68b      0x758 src/ASF/sam0/drivers/usb/stack_interface/usb_device_udd.o
 .debug_macro   0x0001ede3       0x52 src/ASF/sam0/drivers/usb/stack_interface/usb_device_udd.o
 .debug_macro   0x0001ee35       0x8d src/ASF/sam0/drivers/usb/stack_interface/usb_device_udd.o
 .debug_macro   0x0001eec2       0x57 src/ASF/sam0/drivers/usb/stack_interface/usb_device_udd.o
 .debug_macro   0x0001ef19      0x353 src/ASF/sam0/drivers/usb/stack_interface/usb_device_udd.o
 .debug_macro   0x0001f26c       0x10 src/ASF/sam0/drivers/usb/stack_interface/usb_device_udd.o
 .debug_macro   0x0001f27c       0xaf src/ASF/sam0/drivers/usb/stack_interface/usb_device_udd.o
 .debug_macro   0x0001f32b       0x1c src/ASF/sam0/drivers/usb/stack_interface/usb_device_udd.o
 .debug_macro   0x0001f347       0x10 src/ASF/sam0/drivers/usb/stack_interface/usb_device_udd.o
 .debug_macro   0x0001f357       0x1c src/ASF/sam0/drivers/usb/stack_interface/usb_device_udd.o
 .debug_macro   0x0001f373      0x675 src/ASF/sam0/drivers/usb/usb_sam_l/usb.o
 .debug_macro   0x0001f9e8      0x37e src/ASF/sam0/utils/cmsis/saml21/source/gcc/startup_saml21.o
 .debug_macro   0x0001fd66       0x3a src/ASF/sam0/utils/cmsis/saml21/source/gcc/startup_saml21.o
 .debug_macro   0x0001fda0      0x76f src/main.o

.debug_line     0x00000000    0x1166f
 .debug_line    0x00000000     0x102b src/keyboard.o
 .debug_line    0x0000102b      0xff9 src/matrix.o
 .debug_line    0x00002024      0xf00 src/system_time.o
 .debug_line    0x00002f24      0xa57 src/ASF/common2/services/delay/sam0/systick_counter.o
 .debug_line    0x0000397b      0xae2 src/ASF/common/services/sleepmgr/saml/sleepmgr.o
 .debug_line    0x0000445d      0xd0c src/ASF/common/services/usb/class/hid/device/kbd/udi_hid_kbd.o
 .debug_line    0x00005169      0xa93 src/ASF/common/services/usb/class/hid/device/kbd/udi_hid_kbd_desc.o
 .debug_line    0x00005bfc      0xaf8 src/ASF/common/services/usb/class/hid/device/udi_hid.o
 .debug_line    0x000066f4      0xc96 src/ASF/common/services/usb/udc/udc.o
 .debug_line    0x0000738a      0xa6e src/ASF/sam0/drivers/extint/extint_callback.o
 .debug_line    0x00007df8      0xceb src/ASF/sam0/drivers/extint/extint_sam_l_c/extint.o
 .debug_line    0x00008ae3      0x998 src/ASF/sam0/drivers/port/port.o
 .debug_line    0x0000947b      0xeb0 src/ASF/common2/boards/user_board/init.o
 .debug_line    0x0000a32b      0x966 src/ASF/common/utils/interrupt/interrupt_sam_nvic.o
 .debug_line    0x0000ac91      0xd92 src/ASF/sam0/drivers/system/clock/clock_saml21/clock.o
 .debug_line    0x0000ba23      0xc9f src/ASF/sam0/drivers/system/clock/clock_saml21/gclk.o
 .debug_line    0x0000c6c2      0x9e5 src/ASF/sam0/drivers/system/pinmux/pinmux.o
 .debug_line    0x0000d0a7      0xa7c src/ASF/sam0/drivers/system/system.o
 .debug_line    0x0000db23     0x13eb src/ASF/sam0/drivers/usb/stack_interface/usb_device_udd.o
 .debug_line    0x0000ef0e     0x1132 src/ASF/sam0/drivers/usb/usb_sam_l/usb.o
 .debug_line    0x00010040      0x6e4 src/ASF/sam0/utils/cmsis/saml21/source/gcc/startup_saml21.o
 .debug_line    0x00010724      0xf4b src/main.o

.debug_str      0x00000000    0x9d568
 .debug_str     0x00000000    0x95dd2 src/keyboard.o
                              0x96425 (size before relaxing)
 .debug_str     0x00095dd2      0x1ef src/matrix.o
                              0x962a6 (size before relaxing)
 .debug_str     0x00095fc1      0x184 src/system_time.o
                              0x95e7e (size before relaxing)
 .debug_str     0x00096145       0x7d src/ASF/common2/services/delay/sam0/systick_counter.o
                              0x92219 (size before relaxing)
 .debug_str     0x000961c2       0xa3 src/ASF/common/services/sleepmgr/saml/sleepmgr.o
                              0x92184 (size before relaxing)
 .debug_str     0x00096265      0x395 src/ASF/common/services/usb/class/hid/device/kbd/udi_hid_kbd.o
                              0x94b99 (size before relaxing)
 .debug_str     0x000965fa      0x368 src/ASF/common/services/usb/class/hid/device/kbd/udi_hid_kbd_desc.o
                              0x94b0a (size before relaxing)
 .debug_str     0x00096962      0x222 src/ASF/common/services/usb/class/hid/device/udi_hid.o
                              0x94a87 (size before relaxing)
 .debug_str     0x00096b84      0x6b4 src/ASF/common/services/usb/udc/udc.o
                              0x950fe (size before relaxing)
 .debug_str     0x00097238      0x557 src/ASF/sam0/drivers/extint/extint_callback.o
                              0x92691 (size before relaxing)
 .debug_str     0x0009778f      0xc51 src/ASF/sam0/drivers/extint/extint_sam_l_c/extint.o
                              0x9375b (size before relaxing)
 .debug_str     0x000983e0       0x59 src/ASF/sam0/drivers/port/port.o
                              0x924c8 (size before relaxing)
 .debug_str     0x00098439       0x3e src/ASF/common2/boards/user_board/init.o
                              0x956c8 (size before relaxing)
 .debug_str     0x00098477       0x65 src/ASF/common/utils/interrupt/interrupt_sam_nvic.o
                              0x92024 (size before relaxing)
 .debug_str     0x000984dc     0x2c9c src/ASF/sam0/drivers/system/clock/clock_saml21/clock.o
                              0x9564f (size before relaxing)
 .debug_str     0x0009b178      0x1c7 src/ASF/sam0/drivers/system/clock/clock_saml21/gclk.o
                              0x92ce3 (size before relaxing)
 .debug_str     0x0009b33f      0x179 src/ASF/sam0/drivers/system/pinmux/pinmux.o
                              0x92524 (size before relaxing)
 .debug_str     0x0009b4b8       0x47 src/ASF/sam0/drivers/system/system.o
                              0x920b4 (size before relaxing)
 .debug_str     0x0009b4ff     0x143f src/ASF/sam0/drivers/usb/stack_interface/usb_device_udd.o
                              0x97ae1 (size before relaxing)
 .debug_str     0x0009c93e      0x85f src/ASF/sam0/drivers/usb/usb_sam_l/usb.o
                              0x94bde (size before relaxing)
 .debug_str     0x0009d19d      0x39d src/ASF/sam0/utils/cmsis/saml21/source/gcc/startup_saml21.o
                              0x7c463 (size before relaxing)
 .debug_str     0x0009d53a       0x2e src/main.o
                              0x95b47 (size before relaxing)

.debug_frame    0x00000000     0x1284
 .debug_frame   0x00000000       0xcc src/keyboard.o
 .debug_frame   0x000000cc       0xac src/matrix.o
 .debug_frame   0x00000178       0x48 src/system_time.o
 .debug_frame   0x000001c0       0x64 src/ASF/common2/services/delay/sam0/systick_counter.o
 .debug_frame   0x00000224      0x134 src/ASF/common/services/usb/class/hid/device/kbd/udi_hid_kbd.o
 .debug_frame   0x00000358       0x2c src/ASF/common/services/usb/class/hid/device/udi_hid.o
 .debug_frame   0x00000384      0x138 src/ASF/common/services/usb/udc/udc.o
 .debug_frame   0x000004bc       0x7c src/ASF/sam0/drivers/extint/extint_callback.o
 .debug_frame   0x00000538       0xc8 src/ASF/sam0/drivers/extint/extint_sam_l_c/extint.o
 .debug_frame   0x00000600       0x44 src/ASF/sam0/drivers/port/port.o
 .debug_frame   0x00000644       0x20 src/ASF/common2/boards/user_board/init.o
 .debug_frame   0x00000664       0x30 src/ASF/common/utils/interrupt/interrupt_sam_nvic.o
 .debug_frame   0x00000694      0x160 src/ASF/sam0/drivers/system/clock/clock_saml21/clock.o
 .debug_frame   0x000007f4      0x150 src/ASF/sam0/drivers/system/clock/clock_saml21/gclk.o
 .debug_frame   0x00000944       0x98 src/ASF/sam0/drivers/system/pinmux/pinmux.o
 .debug_frame   0x000009dc       0x38 src/ASF/sam0/drivers/system/system.o
 .debug_frame   0x00000a14      0x360 src/ASF/sam0/drivers/usb/stack_interface/usb_device_udd.o
 .debug_frame   0x00000d74      0x3b8 src/ASF/sam0/drivers/usb/usb_sam_l/usb.o
 .debug_frame   0x0000112c       0x38 src/ASF/sam0/utils/cmsis/saml21/source/gcc/startup_saml21.o
 .debug_frame   0x00001164       0x6c src/main.o
 .debug_frame   0x000011d0       0x20 c:/program files (x86)/atmel/studio/7.0/toolchain/arm/arm-gnu-toolchain/bin/../lib/gcc/arm-none-eabi/6.3.1/thumb/v6-m\libgcc.a(_udivsi3.o)
 .debug_frame   0x000011f0       0x20 c:/program files (x86)/atmel/studio/7.0/toolchain/arm/arm-gnu-toolchain/bin/../lib/gcc/arm-none-eabi/6.3.1/thumb/v6-m\libgcc.a(_divsi3.o)
 .debug_frame   0x00001210       0x2c c:/program files (x86)/atmel/studio/7.0/toolchain/arm/arm-gnu-toolchain/bin/../lib/gcc/arm-none-eabi/6.3.1/../../../../arm-none-eabi/lib/thumb/v6-m\libc_nano.a(lib_a-init.o)
 .debug_frame   0x0000123c       0x28 c:/program files (x86)/atmel/studio/7.0/toolchain/arm/arm-gnu-toolchain/bin/../lib/gcc/arm-none-eabi/6.3.1/../../../../arm-none-eabi/lib/thumb/v6-m\libc_nano.a(lib_a-memcpy-stub.o)
 .debug_frame   0x00001264       0x20 c:/program files (x86)/atmel/studio/7.0/toolchain/arm/arm-gnu-toolchain/bin/../lib/gcc/arm-none-eabi/6.3.1/../../../../arm-none-eabi/lib/thumb/v6-m\libc_nano.a(lib_a-memset.o)

Cross Reference Table

Symbol                                            File
AC_Handler                                        src/ASF/sam0/utils/cmsis/saml21/source/gcc/startup_saml21.o
ADC_Handler                                       src/ASF/sam0/utils/cmsis/saml21/source/gcc/startup_saml21.o
AES_Handler                                       src/ASF/sam0/utils/cmsis/saml21/source/gcc/startup_saml21.o
DAC_Handler                                       src/ASF/sam0/utils/cmsis/saml21/source/gcc/startup_saml21.o
DMAC_Handler                                      src/ASF/sam0/utils/cmsis/saml21/source/gcc/startup_saml21.o
Dummy_Handler                                     src/ASF/sam0/utils/cmsis/saml21/source/gcc/startup_saml21.o
EIC_Handler                                       src/ASF/sam0/drivers/extint/extint_callback.o
EVSYS_Handler                                     src/ASF/sam0/utils/cmsis/saml21/source/gcc/startup_saml21.o
HardFault_Handler                                 src/ASF/sam0/utils/cmsis/saml21/source/gcc/startup_saml21.o
NMI_Handler                                       src/ASF/sam0/utils/cmsis/saml21/source/gcc/startup_saml21.o
NVMCTRL_Handler                                   src/ASF/sam0/utils/cmsis/saml21/source/gcc/startup_saml21.o
PTC_Handler                                       src/ASF/sam0/utils/cmsis/saml21/source/gcc/startup_saml21.o
PendSV_Handler                                    src/ASF/sam0/utils/cmsis/saml21/source/gcc/startup_saml21.o
RTC_Handler                                       src/ASF/sam0/utils/cmsis/saml21/source/gcc/startup_saml21.o
Reset_Handler                                     src/ASF/sam0/utils/cmsis/saml21/source/gcc/startup_saml21.o
SERCOM0_Handler                                   src/ASF/sam0/utils/cmsis/saml21/source/gcc/startup_saml21.o
SERCOM1_Handler                                   src/ASF/sam0/utils/cmsis/saml21/source/gcc/startup_saml21.o
SERCOM2_Handler                                   src/ASF/sam0/utils/cmsis/saml21/source/gcc/startup_saml21.o
SERCOM3_Handler                                   src/ASF/sam0/utils/cmsis/saml21/source/gcc/startup_saml21.o
SERCOM4_Handler                                   src/ASF/sam0/utils/cmsis/saml21/source/gcc/startup_saml21.o
SERCOM5_Handler                                   src/ASF/sam0/utils/cmsis/saml21/source/gcc/startup_saml21.o
SVC_Handler                                       src/ASF/sam0/utils/cmsis/saml21/source/gcc/startup_saml21.o
SYSTEM_Handler                                    src/ASF/sam0/utils/cmsis/saml21/source/gcc/startup_saml21.o
SysTick_Handler                                   src/system_time.o
SystemCoreClock                                   src/ASF/sam0/utils/cmsis/saml21/source/system_saml21.o
SystemCoreClockUpdate                             src/ASF/sam0/utils/cmsis/saml21/source/system_saml21.o
SystemInit                                        src/ASF/sam0/utils/cmsis/saml21/source/system_saml21.o
TC0_Handler                                       src/ASF/sam0/utils/cmsis/saml21/source/gcc/startup_saml21.o
TC1_Handler                                       src/ASF/sam0/utils/cmsis/saml21/source/gcc/startup_saml21.o
TC2_Handler                                       src/ASF/sam0/utils/cmsis/saml21/source/gcc/startup_saml21.o
TC3_Handler                                       src/ASF/sam0/utils/cmsis/saml21/source/gcc/startup_saml21.o
TC4_Handler                                       src/ASF/sam0/utils/cmsis/saml21/source/gcc/startup_saml21.o
TCC0_Handler                                      src/ASF/sam0/utils/cmsis/saml21/source/gcc/startup_saml21.o
TCC1_Handler                                      src/ASF/sam0/utils/cmsis/saml21/source/gcc/startup_saml21.o
TCC2_Handler                                      src/ASF/sam0/utils/cmsis/saml21/source/gcc/startup_saml21.o
TRNG_Handler                                      src/ASF/sam0/utils/cmsis/saml21/source/gcc/startup_saml21.o
USB_Handler                                       src/ASF/sam0/drivers/usb/usb_sam_l/usb.o
WDT_Handler                                       src/ASF/sam0/utils/cmsis/saml21/source/gcc/startup_saml21.o
_Jv_RegisterClasses                               c:/program files (x86)/atmel/studio/7.0/toolchain/arm/arm-gnu-toolchain/bin/../lib/gcc/arm-none-eabi/6.3.1/thumb/v6-m/crtbegin.o
__aeabi_idiv                                      c:/program files (x86)/atmel/studio/7.0/toolchain/arm/arm-gnu-toolchain/bin/../lib/gcc/arm-none-eabi/6.3.1/thumb/v6-m\libgcc.a(_divsi3.o)
__aeabi_idiv0                                     c:/program files (x86)/atmel/studio/7.0/toolchain/arm/arm-gnu-toolchain/bin/../lib/gcc/arm-none-eabi/6.3.1/thumb/v6-m\libgcc.a(_dvmd_tls.o)
                                                  c:/program files (x86)/atmel/studio/7.0/toolchain/arm/arm-gnu-toolchain/bin/../lib/gcc/arm-none-eabi/6.3.1/thumb/v6-m\libgcc.a(_divsi3.o)
                                                  c:/program files (x86)/atmel/studio/7.0/toolchain/arm/arm-gnu-toolchain/bin/../lib/gcc/arm-none-eabi/6.3.1/thumb/v6-m\libgcc.a(_udivsi3.o)
__aeabi_idivmod                                   c:/program files (x86)/atmel/studio/7.0/toolchain/arm/arm-gnu-toolchain/bin/../lib/gcc/arm-none-eabi/6.3.1/thumb/v6-m\libgcc.a(_divsi3.o)
                                                  src/ASF/sam0/drivers/usb/stack_interface/usb_device_udd.o
__aeabi_ldiv0                                     c:/program files (x86)/atmel/studio/7.0/toolchain/arm/arm-gnu-toolchain/bin/../lib/gcc/arm-none-eabi/6.3.1/thumb/v6-m\libgcc.a(_dvmd_tls.o)
__aeabi_uidiv                                     c:/program files (x86)/atmel/studio/7.0/toolchain/arm/arm-gnu-toolchain/bin/../lib/gcc/arm-none-eabi/6.3.1/thumb/v6-m\libgcc.a(_udivsi3.o)
                                                  src/ASF/sam0/drivers/system/clock/clock_saml21/gclk.o
                                                  src/ASF/sam0/drivers/system/clock/clock_saml21/clock.o
                                                  src/ASF/common2/services/delay/sam0/systick_counter.o
                                                  src/system_time.o
__aeabi_uidivmod                                  c:/program files (x86)/atmel/studio/7.0/toolchain/arm/arm-gnu-toolchain/bin/../lib/gcc/arm-none-eabi/6.3.1/thumb/v6-m\libgcc.a(_udivsi3.o)
                                                  src/ASF/sam0/drivers/usb/stack_interface/usb_device_udd.o
__bss_end__                                       c:/program files (x86)/atmel/studio/7.0/toolchain/arm/arm-gnu-toolchain/bin/../lib/gcc/arm-none-eabi/6.3.1/../../../../arm-none-eabi/lib/thumb/v6-m/crt0.o
__bss_start__                                     c:/program files (x86)/atmel/studio/7.0/toolchain/arm/arm-gnu-toolchain/bin/../lib/gcc/arm-none-eabi/6.3.1/../../../../arm-none-eabi/lib/thumb/v6-m/crt0.o
__call_exitprocs                                  c:/program files (x86)/atmel/studio/7.0/toolchain/arm/arm-gnu-toolchain/bin/../lib/gcc/arm-none-eabi/6.3.1/../../../../arm-none-eabi/lib/thumb/v6-m\libc_nano.a(lib_a-exit.o)
__clzsi2                                          c:/program files (x86)/atmel/studio/7.0/toolchain/arm/arm-gnu-toolchain/bin/../lib/gcc/arm-none-eabi/6.3.1/thumb/v6-m\libgcc.a(_clzsi2.o)
                                                  src/ASF/sam0/drivers/usb/usb_sam_l/usb.o
__ctzsi2                                          c:/program files (x86)/atmel/studio/7.0/toolchain/arm/arm-gnu-toolchain/bin/../lib/gcc/arm-none-eabi/6.3.1/thumb/v6-m\libgcc.a(_ctzsi2.o)
                                                  src/ASF/sam0/drivers/usb/usb_sam_l/usb.o
__deregister_frame_info                           c:/program files (x86)/atmel/studio/7.0/toolchain/arm/arm-gnu-toolchain/bin/../lib/gcc/arm-none-eabi/6.3.1/thumb/v6-m/crtbegin.o
__divsi3                                          c:/program files (x86)/atmel/studio/7.0/toolchain/arm/arm-gnu-toolchain/bin/../lib/gcc/arm-none-eabi/6.3.1/thumb/v6-m\libgcc.a(_divsi3.o)
__dso_handle                                      c:/program files (x86)/atmel/studio/7.0/toolchain/arm/arm-gnu-toolchain/bin/../lib/gcc/arm-none-eabi/6.3.1/thumb/v6-m/crtbegin.o
__init_array_end                                  c:/program files (x86)/atmel/studio/7.0/toolchain/arm/arm-gnu-toolchain/bin/../lib/gcc/arm-none-eabi/6.3.1/../../../../arm-none-eabi/lib/thumb/v6-m\libc_nano.a(lib_a-init.o)
__init_array_start                                c:/program files (x86)/atmel/studio/7.0/toolchain/arm/arm-gnu-toolchain/bin/../lib/gcc/arm-none-eabi/6.3.1/../../../../arm-none-eabi/lib/thumb/v6-m\libc_nano.a(lib_a-init.o)
__libc_fini_array                                 c:/program files (x86)/atmel/studio/7.0/toolchain/arm/arm-gnu-toolchain/bin/../lib/gcc/arm-none-eabi/6.3.1/../../../../arm-none-eabi/lib/thumb/v6-m/crt0.o
__libc_init_array                                 c:/program files (x86)/atmel/studio/7.0/toolchain/arm/arm-gnu-toolchain/bin/../lib/gcc/arm-none-eabi/6.3.1/../../../../arm-none-eabi/lib/thumb/v6-m\libc_nano.a(lib_a-init.o)
                                                  src/ASF/sam0/utils/cmsis/saml21/source/gcc/startup_saml21.o
                                                  c:/program files (x86)/atmel/studio/7.0/toolchain/arm/arm-gnu-toolchain/bin/../lib/gcc/arm-none-eabi/6.3.1/../../../../arm-none-eabi/lib/thumb/v6-m/crt0.o
__preinit_array_end                               c:/program files (x86)/atmel/studio/7.0/toolchain/arm/arm-gnu-toolchain/bin/../lib/gcc/arm-none-eabi/6.3.1/../../../../arm-none-eabi/lib/thumb/v6-m\libc_nano.a(lib_a-init.o)
__preinit_array_start                             c:/program files (x86)/atmel/studio/7.0/toolchain/arm/arm-gnu-toolchain/bin/../lib/gcc/arm-none-eabi/6.3.1/../../../../arm-none-eabi/lib/thumb/v6-m\libc_nano.a(lib_a-init.o)
__register_frame_info                             c:/program files (x86)/atmel/studio/7.0/toolchain/arm/arm-gnu-toolchain/bin/../lib/gcc/arm-none-eabi/6.3.1/thumb/v6-m/crtbegin.o
__sf_fake_stderr                                  c:/program files (x86)/atmel/studio/7.0/toolchain/arm/arm-gnu-toolchain/bin/../lib/gcc/arm-none-eabi/6.3.1/../../../../arm-none-eabi/lib/thumb/v6-m\libc_nano.a(lib_a-impure.o)
__sf_fake_stdin                                   c:/program files (x86)/atmel/studio/7.0/toolchain/arm/arm-gnu-toolchain/bin/../lib/gcc/arm-none-eabi/6.3.1/../../../../arm-none-eabi/lib/thumb/v6-m\libc_nano.a(lib_a-impure.o)
__sf_fake_stdout                                  c:/program files (x86)/atmel/studio/7.0/toolchain/arm/arm-gnu-toolchain/bin/../lib/gcc/arm-none-eabi/6.3.1/../../../../arm-none-eabi/lib/thumb/v6-m\libc_nano.a(lib_a-impure.o)
__stack                                           c:/program files (x86)/atmel/studio/7.0/toolchain/arm/arm-gnu-toolchain/bin/../lib/gcc/arm-none-eabi/6.3.1/../../../../arm-none-eabi/lib/thumb/v6-m/crt0.o
__udivsi3                                         c:/program files (x86)/atmel/studio/7.0/toolchain/arm/arm-gnu-toolchain/bin/../lib/gcc/arm-none-eabi/6.3.1/thumb/v6-m\libgcc.a(_udivsi3.o)
_close                                            src/ASF/sam0/utils/syscalls/gcc/syscalls.o
_current_channel                                  src/ASF/sam0/drivers/extint/extint_callback.o
_end                                              src/ASF/sam0/utils/syscalls/gcc/syscalls.o
_erelocate                                        src/ASF/sam0/utils/cmsis/saml21/source/gcc/startup_saml21.o
_estack                                           src/ASF/sam0/utils/cmsis/saml21/source/gcc/startup_saml21.o
_etext                                            src/ASF/sam0/utils/cmsis/saml21/source/gcc/startup_saml21.o
_exit                                             src/ASF/sam0/utils/syscalls/gcc/syscalls.o
                                                  c:/program files (x86)/atmel/studio/7.0/toolchain/arm/arm-gnu-toolchain/bin/../lib/gcc/arm-none-eabi/6.3.1/../../../../arm-none-eabi/lib/thumb/v6-m\libc_nano.a(lib_a-exit.o)
_extint_dev                                       src/ASF/sam0/drivers/extint/extint_sam_l_c/extint.o
                                                  src/ASF/sam0/drivers/extint/extint_callback.o
_ezero                                            src/ASF/sam0/utils/cmsis/saml21/source/gcc/startup_saml21.o
_fini                                             c:/program files (x86)/atmel/studio/7.0/toolchain/arm/arm-gnu-toolchain/bin/../lib/gcc/arm-none-eabi/6.3.1/thumb/v6-m/crti.o
_fstat                                            src/ASF/sam0/utils/syscalls/gcc/syscalls.o
_getpid                                           src/ASF/sam0/utils/syscalls/gcc/syscalls.o
_global_impure_ptr                                c:/program files (x86)/atmel/studio/7.0/toolchain/arm/arm-gnu-toolchain/bin/../lib/gcc/arm-none-eabi/6.3.1/../../../../arm-none-eabi/lib/thumb/v6-m\libc_nano.a(lib_a-impure.o)
                                                  c:/program files (x86)/atmel/studio/7.0/toolchain/arm/arm-gnu-toolchain/bin/../lib/gcc/arm-none-eabi/6.3.1/../../../../arm-none-eabi/lib/thumb/v6-m\libc_nano.a(lib_a-exit.o)
_impure_ptr                                       c:/program files (x86)/atmel/studio/7.0/toolchain/arm/arm-gnu-toolchain/bin/../lib/gcc/arm-none-eabi/6.3.1/../../../../arm-none-eabi/lib/thumb/v6-m\libc_nano.a(lib_a-impure.o)
_init                                             c:/program files (x86)/atmel/studio/7.0/toolchain/arm/arm-gnu-toolchain/bin/../lib/gcc/arm-none-eabi/6.3.1/thumb/v6-m/crti.o
                                                  c:/program files (x86)/atmel/studio/7.0/toolchain/arm/arm-gnu-toolchain/bin/../lib/gcc/arm-none-eabi/6.3.1/../../../../arm-none-eabi/lib/thumb/v6-m\libc_nano.a(lib_a-init.o)
_isatty                                           src/ASF/sam0/utils/syscalls/gcc/syscalls.o
_kill                                             src/ASF/sam0/utils/syscalls/gcc/syscalls.o
_lseek                                            src/ASF/sam0/utils/syscalls/gcc/syscalls.o
_mainCRTStartup                                   c:/program files (x86)/atmel/studio/7.0/toolchain/arm/arm-gnu-toolchain/bin/../lib/gcc/arm-none-eabi/6.3.1/../../../../arm-none-eabi/lib/thumb/v6-m/crt0.o
_sbrk                                             src/ASF/sam0/utils/syscalls/gcc/syscalls.o
_sfixed                                           src/ASF/sam0/utils/cmsis/saml21/source/gcc/startup_saml21.o
_srelocate                                        src/ASF/sam0/utils/cmsis/saml21/source/gcc/startup_saml21.o
_start                                            c:/program files (x86)/atmel/studio/7.0/toolchain/arm/arm-gnu-toolchain/bin/../lib/gcc/arm-none-eabi/6.3.1/../../../../arm-none-eabi/lib/thumb/v6-m/crt0.o
_system_divas_init                                src/ASF/sam0/drivers/system/system.o
_system_dummy_init                                src/ASF/sam0/drivers/system/system.o
_system_events_init                               src/ASF/sam0/drivers/system/system.o
_system_extint_init                               src/ASF/sam0/drivers/extint/extint_sam_l_c/extint.o
_szero                                            src/ASF/sam0/utils/cmsis/saml21/source/gcc/startup_saml21.o
altGr_key_pressed                                 src/keyboard.o
alt_key_pressed                                   src/keyboard.o
atexit                                            c:/program files (x86)/atmel/studio/7.0/toolchain/arm/arm-gnu-toolchain/bin/../lib/gcc/arm-none-eabi/6.3.1/../../../../arm-none-eabi/lib/thumb/v6-m/crt0.o
board_init                                        src/ASF/common2/boards/user_board/init.o
                                                  src/main.o
buttons_debounced                                 src/matrix.o
buttons_unbounced                                 src/matrix.o
caps_key_pressed                                  src/keyboard.o
cntrl_key_pressed                                 src/keyboard.o
cpu_irq_enter_critical                            src/ASF/common/utils/interrupt/interrupt_sam_nvic.o
                                                  src/ASF/sam0/drivers/system/clock/clock_saml21/gclk.o
cpu_irq_leave_critical                            src/ASF/common/utils/interrupt/interrupt_sam_nvic.o
                                                  src/ASF/sam0/drivers/system/clock/clock_saml21/gclk.o
current_fn_led_state                              src/keyboard.o
delay_cycles_ms                                   src/ASF/common2/services/delay/sam0/systick_counter.o
                                                  src/keyboard.o
delay_cycles_us                                   src/ASF/common2/services/delay/sam0/systick_counter.o
delay_init                                        src/ASF/common2/services/delay/sam0/systick_counter.o
                                                  src/main.o
exception_table                                   src/ASF/sam0/utils/cmsis/saml21/source/gcc/startup_saml21.o
exit                                              c:/program files (x86)/atmel/studio/7.0/toolchain/arm/arm-gnu-toolchain/bin/../lib/gcc/arm-none-eabi/6.3.1/../../../../arm-none-eabi/lib/thumb/v6-m\libc_nano.a(lib_a-exit.o)
                                                  c:/program files (x86)/atmel/studio/7.0/toolchain/arm/arm-gnu-toolchain/bin/../lib/gcc/arm-none-eabi/6.3.1/../../../../arm-none-eabi/lib/thumb/v6-m/crt0.o
extint_chan_disable_callback                      src/ASF/sam0/drivers/extint/extint_callback.o
extint_chan_enable_callback                       src/ASF/sam0/drivers/extint/extint_callback.o
extint_chan_get_config_defaults                   src/ASF/sam0/drivers/extint/extint_sam_l_c/extint.o
extint_chan_set_config                            src/ASF/sam0/drivers/extint/extint_sam_l_c/extint.o
extint_disable_events                             src/ASF/sam0/drivers/extint/extint_sam_l_c/extint.o
extint_enable_events                              src/ASF/sam0/drivers/extint/extint_sam_l_c/extint.o
extint_get_current_channel                        src/ASF/sam0/drivers/extint/extint_callback.o
extint_nmi_set_config                             src/ASF/sam0/drivers/extint/extint_sam_l_c/extint.o
extint_register_callback                          src/ASF/sam0/drivers/extint/extint_callback.o
extint_unregister_callback                        src/ASF/sam0/drivers/extint/extint_callback.o
g_interrupt_enabled                               src/ASF/common/utils/interrupt/interrupt_sam_nvic.o
                                                  src/main.o
                                                  src/ASF/sam0/drivers/usb/stack_interface/usb_device_udd.o
                                                  src/ASF/common/services/usb/class/hid/device/kbd/udi_hid_kbd.o
hardware_init_hook                                c:/program files (x86)/atmel/studio/7.0/toolchain/arm/arm-gnu-toolchain/bin/../lib/gcc/arm-none-eabi/6.3.1/../../../../arm-none-eabi/lib/thumb/v6-m/crt0.o
host_pipe_job_busy_status                         src/ASF/sam0/drivers/usb/usb_sam_l/usb.o
init_timing                                       src/system_time.o
                                                  src/main.o
keyboard_init                                     src/keyboard.o
                                                  src/main.o
keyboard_send                                     src/keyboard.o
keyboard_set_kbd_disabled                         src/keyboard.o
                                                  src/main.o
keyboard_set_kbd_enabled                          src/keyboard.o
                                                  src/main.o
keyboard_update                                   src/keyboard.o
                                                  src/main.o
keysEqual                                         src/matrix.o
lastUpdateTime                                    src/matrix.o
link                                              src/ASF/sam0/utils/syscalls/gcc/syscalls.o
main                                              src/main.o
                                                  src/ASF/sam0/utils/cmsis/saml21/source/gcc/startup_saml21.o
                                                  c:/program files (x86)/atmel/studio/7.0/toolchain/arm/arm-gnu-toolchain/bin/../lib/gcc/arm-none-eabi/6.3.1/../../../../arm-none-eabi/lib/thumb/v6-m/crt0.o
main_kbd_disable                                  src/main.o
                                                  src/ASF/common/services/usb/class/hid/device/kbd/udi_hid_kbd.o
main_kbd_enable                                   src/main.o