Archive member included to satisfy reference by file (symbol)

c:/program files (x86)/atmel/studio/7.0/toolchain/arm/arm-gnu-toolchain/bin/../lib/gcc/arm-none-eabi/6.3.1/thumb/v6-m\libgcc.a(_udivsi3.o)
                              src/system_time.o (__aeabi_uidiv)
c:/program files (x86)/atmel/studio/7.0/toolchain/arm/arm-gnu-toolchain/bin/../lib/gcc/arm-none-eabi/6.3.1/thumb/v6-m\libgcc.a(_divsi3.o)
                              src/ASF/sam0/drivers/usb/stack_interface/usb_device_udd.o (__aeabi_idivmod)
c:/program files (x86)/atmel/studio/7.0/toolchain/arm/arm-gnu-toolchain/bin/../lib/gcc/arm-none-eabi/6.3.1/thumb/v6-m\libgcc.a(_dvmd_tls.o)
                              c:/program files (x86)/atmel/studio/7.0/toolchain/arm/arm-gnu-toolchain/bin/../lib/gcc/arm-none-eabi/6.3.1/thumb/v6-m\libgcc.a(_udivsi3.o) (__aeabi_idiv0)
c:/program files (x86)/atmel/studio/7.0/toolchain/arm/arm-gnu-toolchain/bin/../lib/gcc/arm-none-eabi/6.3.1/thumb/v6-m\libgcc.a(_clzsi2.o)
                              src/ASF/sam0/drivers/usb/usb_sam_l/usb.o (__clzsi2)
c:/program files (x86)/atmel/studio/7.0/toolchain/arm/arm-gnu-toolchain/bin/../lib/gcc/arm-none-eabi/6.3.1/thumb/v6-m\libgcc.a(_ctzsi2.o)
                              src/ASF/sam0/drivers/usb/usb_sam_l/usb.o (__ctzsi2)
c:/program files (x86)/atmel/studio/7.0/toolchain/arm/arm-gnu-toolchain/bin/../lib/gcc/arm-none-eabi/6.3.1/../../../../arm-none-eabi/lib/thumb/v6-m\libc_nano.a(lib_a-exit.o)
                              c:/program files (x86)/atmel/studio/7.0/toolchain/arm/arm-gnu-toolchain/bin/../lib/gcc/arm-none-eabi/6.3.1/../../../../arm-none-eabi/lib/thumb/v6-m/crt0.o (exit)
c:/program files (x86)/atmel/studio/7.0/toolchain/arm/arm-gnu-toolchain/bin/../lib/gcc/arm-none-eabi/6.3.1/../../../../arm-none-eabi/lib/thumb/v6-m\libc_nano.a(lib_a-impure.o)
                              c:/program files (x86)/atmel/studio/7.0/toolchain/arm/arm-gnu-toolchain/bin/../lib/gcc/arm-none-eabi/6.3.1/../../../../arm-none-eabi/lib/thumb/v6-m\libc_nano.a(lib_a-exit.o) (_global_impure_ptr)
c:/program files (x86)/atmel/studio/7.0/toolchain/arm/arm-gnu-toolchain/bin/../lib/gcc/arm-none-eabi/6.3.1/../../../../arm-none-eabi/lib/thumb/v6-m\libc_nano.a(lib_a-init.o)
                              c:/program files (x86)/atmel/studio/7.0/toolchain/arm/arm-gnu-toolchain/bin/../lib/gcc/arm-none-eabi/6.3.1/../../../../arm-none-eabi/lib/thumb/v6-m/crt0.o (__libc_init_array)
c:/program files (x86)/atmel/studio/7.0/toolchain/arm/arm-gnu-toolchain/bin/../lib/gcc/arm-none-eabi/6.3.1/../../../../arm-none-eabi/lib/thumb/v6-m\libc_nano.a(lib_a-memcpy-stub.o)
                              src/ASF/sam0/drivers/usb/stack_interface/usb_device_udd.o (memcpy)
c:/program files (x86)/atmel/studio/7.0/toolchain/arm/arm-gnu-toolchain/bin/../lib/gcc/arm-none-eabi/6.3.1/../../../../arm-none-eabi/lib/thumb/v6-m\libc_nano.a(lib_a-memset.o)
                              c:/program files (x86)/atmel/studio/7.0/toolchain/arm/arm-gnu-toolchain/bin/../lib/gcc/arm-none-eabi/6.3.1/../../../../arm-none-eabi/lib/thumb/v6-m/crt0.o (memset)

Allocating common symbols
Common symbol       size              file

udd_ep_out_cache_buffer
                    0x40              src/ASF/sam0/drivers/usb/stack_interface/usb_device_udd.o
usb_descriptor_table
                    0x100             src/ASF/sam0/drivers/usb/usb_sam_l/usb.o
lastUpdateTime      0x108             src/matrix.o
usb_device          0x168             src/ASF/sam0/drivers/usb/stack_interface/usb_device_udd.o
buttons_debounced   0x42              src/matrix.o
_extint_dev         0x40              src/ASF/sam0/drivers/extint/extint_sam_l_c/extint.o
buttons_unbounced   0x42              src/matrix.o
udd_g_ctrlreq       0x18              src/ASF/sam0/drivers/usb/stack_interface/usb_device_udd.o
_current_channel    0x1               src/ASF/sam0/drivers/extint/extint_callback.o
sleepmgr_locks      0x5               src/ASF/common/services/sleepmgr/saml/sleepmgr.o
matrix_key_pressed  0x42              src/keyboard.o
udd_ctrl_buffer     0x8               src/ASF/sam0/drivers/usb/stack_interface/usb_device_udd.o

Discarded input sections

 .text          0x00000000        0x0 c:/program files (x86)/atmel/studio/7.0/toolchain/arm/arm-gnu-toolchain/bin/../lib/gcc/arm-none-eabi/6.3.1/thumb/v6-m/crti.o
 .data          0x00000000        0x0 c:/program files (x86)/atmel/studio/7.0/toolchain/arm/arm-gnu-toolchain/bin/../lib/gcc/arm-none-eabi/6.3.1/thumb/v6-m/crti.o
 .bss           0x00000000        0x0 c:/program files (x86)/atmel/studio/7.0/toolchain/arm/arm-gnu-toolchain/bin/../lib/gcc/arm-none-eabi/6.3.1/thumb/v6-m/crti.o
 .data          0x00000000        0x4 c:/program files (x86)/atmel/studio/7.0/toolchain/arm/arm-gnu-toolchain/bin/../lib/gcc/arm-none-eabi/6.3.1/thumb/v6-m/crtbegin.o
 .text          0x00000000       0x78 c:/program files (x86)/atmel/studio/7.0/toolchain/arm/arm-gnu-toolchain/bin/../lib/gcc/arm-none-eabi/6.3.1/../../../../arm-none-eabi/lib/thumb/v6-m/crt0.o
[...]
Memory Configuration

Name             Origin             Length             Attributes
rom              0x00000000         0x00010000         xr
ram              0x20000000         0x00002000         xrw
lpram            0x30000000         0x00001000         xrw
*default*        0x00000000         0xffffffff

Linker script and memory map

LOAD c:/program files (x86)/atmel/studio/7.0/toolchain/arm/arm-gnu-toolchain/bin/../lib/gcc/arm-none-eabi/6.3.1/thumb/v6-m/crti.o
LOAD c:/program files (x86)/atmel/studio/7.0/toolchain/arm/arm-gnu-toolchain/bin/../lib/gcc/arm-none-eabi/6.3.1/thumb/v6-m/crtbegin.o
LOAD c:/program files (x86)/atmel/studio/7.0/toolchain/arm/arm-gnu-toolchain/bin/../lib/gcc/arm-none-eabi/6.3.1/../../../../arm-none-eabi/lib/thumb/v6-m/crt0.o
LOAD src/keyboard.o
LOAD src/matrix.o
LOAD src/system_time.o
LOAD src/ASF/common2/services/delay/sam0/systick_counter.o
LOAD src/ASF/common/services/sleepmgr/saml/sleepmgr.o
LOAD src/ASF/common/services/usb/class/hid/device/kbd/udi_hid_kbd.o
LOAD src/ASF/common/services/usb/class/hid/device/kbd/udi_hid_kbd_desc.o
LOAD src/ASF/common/services/usb/class/hid/device/udi_hid.o
LOAD src/ASF/common/services/usb/udc/udc.o
LOAD src/ASF/sam0/drivers/extint/extint_callback.o
LOAD src/ASF/sam0/drivers/extint/extint_sam_l_c/extint.o
LOAD src/ASF/sam0/drivers/port/port.o
LOAD src/ASF/common2/boards/user_board/init.o
LOAD src/ASF/common/utils/interrupt/interrupt_sam_nvic.o
LOAD src/ASF/sam0/drivers/system/clock/clock_saml21/clock.o
LOAD src/ASF/sam0/drivers/system/clock/clock_saml21/gclk.o
LOAD src/ASF/sam0/drivers/system/interrupt/system_interrupt.o
LOAD src/ASF/sam0/drivers/system/pinmux/pinmux.o
LOAD src/ASF/sam0/drivers/system/system.o
LOAD src/ASF/sam0/drivers/usb/stack_interface/usb_device_udd.o
LOAD src/ASF/sam0/drivers/usb/stack_interface/usb_dual.o
LOAD src/ASF/sam0/drivers/usb/usb_sam_l/usb.o
LOAD src/ASF/sam0/utils/cmsis/saml21/source/gcc/startup_saml21.o
LOAD src/ASF/sam0/utils/cmsis/saml21/source/system_saml21.o
LOAD src/ASF/sam0/utils/syscalls/gcc/syscalls.o
LOAD src/main.o
START GROUP
LOAD ../src/ASF/thirdparty/CMSIS/Lib/GCC\libarm_cortexM0l_math.a
LOAD c:/program files (x86)/atmel/studio/7.0/toolchain/arm/arm-gnu-toolchain/bin/../lib/gcc/arm-none-eabi/6.3.1/../../../../arm-none-eabi/lib/thumb/v6-m\libm.a
END GROUP
START GROUP
LOAD c:/program files (x86)/atmel/studio/7.0/toolchain/arm/arm-gnu-toolchain/bin/../lib/gcc/arm-none-eabi/6.3.1/thumb/v6-m\libgcc.a
LOAD c:/program files (x86)/atmel/studio/7.0/toolchain/arm/arm-gnu-toolchain/bin/../lib/gcc/arm-none-eabi/6.3.1/../../../../arm-none-eabi/lib/thumb/v6-m\libc_nano.a
END GROUP
START GROUP
LOAD c:/program files (x86)/atmel/studio/7.0/toolchain/arm/arm-gnu-toolchain/bin/../lib/gcc/arm-none-eabi/6.3.1/thumb/v6-m\libgcc.a
LOAD c:/program files (x86)/atmel/studio/7.0/toolchain/arm/arm-gnu-toolchain/bin/../lib/gcc/arm-none-eabi/6.3.1/../../../../arm-none-eabi/lib/thumb/v6-m\libc_nano.a
END GROUP
LOAD c:/program files (x86)/atmel/studio/7.0/toolchain/arm/arm-gnu-toolchain/bin/../lib/gcc/arm-none-eabi/6.3.1/thumb/v6-m/crtend.o
LOAD c:/program files (x86)/atmel/studio/7.0/toolchain/arm/arm-gnu-toolchain/bin/../lib/gcc/arm-none-eabi/6.3.1/thumb/v6-m/crtn.o
                0x00000800                STACK_SIZE = DEFINED (STACK_SIZE)?STACK_SIZE:DEFINED (__stack_size__)?__stack_size__:0x800

.text           0x00000000     0x4908
                0x00000000                . = ALIGN (0x4)
                0x00000000                _sfixed = .
 *(.vectors .vectors.*)
 .vectors       0x00000000       0xb4 src/ASF/sam0/utils/cmsis/saml21/source/gcc/startup_saml21.o
                0x00000000                exception_table
 *(.text .text.* .gnu.linkonce.t.*)
 .text          0x000000b4       0x60 c:/program files (x86)/atmel/studio/7.0/toolchain/arm/arm-gnu-toolchain/bin/../lib/gcc/arm-none-eabi/6.3.1/thumb/v6-m/crtbegin.o
 .text.usb_set_kbd_modifier
                0x00000114       0x30 src/keyboard.o
 .text.usb_set_kbd_key
                0x00000144       0x30 src/keyboard.o
 .text.interpret_special_key
                0x00000174       0x78 src/keyboard.o
 .text.keyboard_init
                0x000001ec       0x40 src/keyboard.o
                0x000001ec                keyboard_init
 .text.keyboard_update
                0x0000022c      0xc94 src/keyboard.o
                0x0000022c                keyboard_update
 .text.keyboard_set_kbd_enabled
                0x00000ec0       0x10 src/keyboard.o
                0x00000ec0                keyboard_set_kbd_enabled
 .text.keyboard_set_kbd_disabled
                0x00000ed0        0xc src/keyboard.o
                0x00000ed0                keyboard_set_kbd_disabled
 .text.read_line
                0x00000edc       0xa0 src/matrix.o
 .text.matrix_setup
                0x00000f7c       0xfc src/matrix.o
                0x00000f7c                matrix_setup
 .text.matrix_update_states
                0x00001078       0xc4 src/matrix.o
                0x00001078                matrix_update_states
 .text.matrix_get_state
                0x0000113c       0x3c src/matrix.o
                0x0000113c                matrix_get_state
 .text.SysTick_Handler
                0x00001178       0x10 src/system_time.o
                0x00001178                SysTick_Handler
 .text.init_timing
                0x00001188       0x4c src/system_time.o
                0x00001188                init_timing
 .text.millis   0x000011d4        0xc src/system_time.o
                0x000011d4                millis
 .text.delay_init
                0x000011e0       0x40 src/ASF/common2/services/delay/sam0/systick_counter.o
                0x000011e0                delay_init
 .text.delay_cycles_ms
                0x00001220       0x2c src/ASF/common2/services/delay/sam0/systick_counter.o
                0x00001220                delay_cycles_ms
 .text.udi_hid_kbd_getsetting
                0x0000124c        0x4 src/ASF/common/services/usb/class/hid/device/kbd/udi_hid_kbd.o
                0x0000124c                udi_hid_kbd_getsetting
 .text.udi_hid_kbd_setreport
                0x00001250       0x3c src/ASF/common/services/usb/class/hid/device/kbd/udi_hid_kbd.o
 .text.udi_hid_kbd_setreport_valid
                0x0000128c        0x2 src/ASF/common/services/usb/class/hid/device/kbd/udi_hid_kbd.o
 *fill*         0x0000128e        0x2 
 .text.udi_hid_kbd_enable
                0x00001290       0x40 src/ASF/common/services/usb/class/hid/device/kbd/udi_hid_kbd.o
                0x00001290                udi_hid_kbd_enable
 .text.udi_hid_kbd_disable
                0x000012d0        0xc src/ASF/common/services/usb/class/hid/device/kbd/udi_hid_kbd.o
                0x000012d0                udi_hid_kbd_disable
 .text.udi_hid_kbd_setup
                0x000012dc       0x24 src/ASF/common/services/usb/class/hid/device/kbd/udi_hid_kbd.o
                0x000012dc                udi_hid_kbd_setup
 .text.udi_hid_kbd_send_report
                0x00001300       0x4c src/ASF/common/services/usb/class/hid/device/kbd/udi_hid_kbd.o
 .text.udi_hid_kbd_report_sent
                0x0000134c       0x24 src/ASF/common/services/usb/class/hid/device/kbd/udi_hid_kbd.o
 .text.udi_hid_kbd_modifier_up
                0x00001370       0x54 src/ASF/common/services/usb/class/hid/device/kbd/udi_hid_kbd.o
                0x00001370                udi_hid_kbd_modifier_up
 .text.udi_hid_kbd_modifier_down
                0x000013c4       0x54 src/ASF/common/services/usb/class/hid/device/kbd/udi_hid_kbd.o
                0x000013c4                udi_hid_kbd_modifier_down
 .text.udi_hid_kbd_up
                0x00001418       0xc0 src/ASF/common/services/usb/class/hid/device/kbd/udi_hid_kbd.o
                0x00001418                udi_hid_kbd_up
 .text.udi_hid_kbd_down
                0x000014d8       0xa4 src/ASF/common/services/usb/class/hid/device/kbd/udi_hid_kbd.o
                0x000014d8                udi_hid_kbd_down
 .text.udi_hid_setup
                0x0000157c       0xfc src/ASF/common/services/usb/class/hid/device/udi_hid.o
                0x0000157c                udi_hid_setup
 .text.udc_next_desc_in_iface
                0x00001678       0x4c src/ASF/common/services/usb/udc/udc.o
 .text.udc_valid_address
                0x000016c4       0x18 src/ASF/common/services/usb/udc/udc.o
 .text.udc_update_iface_desc
                0x000016dc       0x74 src/ASF/common/services/usb/udc/udc.o
 .text.udc_iface_disable
                0x00001750       0x6c src/ASF/common/services/usb/udc/udc.o
 .text.udc_iface_enable
                0x000017bc       0x58 src/ASF/common/services/usb/udc/udc.o
 .text.udc_get_interface_desc
                0x00001814        0xc src/ASF/common/services/usb/udc/udc.o
                0x00001814                udc_get_interface_desc
 .text.udc_start
                0x00001820        0xc src/ASF/common/services/usb/udc/udc.o
                0x00001820                udc_start
 .text.udc_reset
                0x0000182c       0x4c src/ASF/common/services/usb/udc/udc.o
                0x0000182c                udc_reset
 .text.udc_sof_notify
                0x00001878       0x44 src/ASF/common/services/usb/udc/udc.o
                0x00001878                udc_sof_notify
 .text.udc_process_setup
                0x000018bc      0x444 src/ASF/common/services/usb/udc/udc.o
                0x000018bc                udc_process_setup
 .text.EIC_Handler
                0x00001d00       0x54 src/ASF/sam0/drivers/extint/extint_callback.o
                0x00001d00                EIC_Handler
 .text._extint_enable
                0x00001d54       0x20 src/ASF/sam0/drivers/extint/extint_sam_l_c/extint.o
 .text._system_extint_init
                0x00001d74       0x80 src/ASF/sam0/drivers/extint/extint_sam_l_c/extint.o
                0x00001d74                _system_extint_init
 .text.port_pin_set_config
                0x00001df4       0x24 src/ASF/sam0/drivers/port/port.o
                0x00001df4                port_pin_set_config
 .text.system_board_init
                0x00001e18        0x2 src/ASF/common2/boards/user_board/init.o
                0x00001e18                board_init
                0x00001e18                system_board_init
 *fill*         0x00001e1a        0x2 
 .text.cpu_irq_enter_critical
                0x00001e1c       0x40 src/ASF/common/utils/interrupt/interrupt_sam_nvic.o
                0x00001e1c                cpu_irq_enter_critical
 .text.cpu_irq_leave_critical
                0x00001e5c       0x30 src/ASF/common/utils/interrupt/interrupt_sam_nvic.o
                0x00001e5c                cpu_irq_leave_critical
 .text.system_clock_source_get_hz
                0x00001e8c       0x98 src/ASF/sam0/drivers/system/clock/clock_saml21/clock.o
                0x00001e8c                system_clock_source_get_hz
 .text.system_clock_source_xosc32k_set_config
                0x00001f24       0x9c src/ASF/sam0/drivers/system/clock/clock_saml21/clock.o
                0x00001f24                system_clock_source_xosc32k_set_config
 .text.system_clock_source_dfll_set_config
                0x00001fc0       0x88 src/ASF/sam0/drivers/system/clock/clock_saml21/clock.o
                0x00001fc0                system_clock_source_dfll_set_config
 .text.system_clock_source_enable
                0x00002048       0xcc src/ASF/sam0/drivers/system/clock/clock_saml21/clock.o
                0x00002048                system_clock_source_enable
 .text.system_clock_init
                0x00002114      0x1ec src/ASF/sam0/drivers/system/clock/clock_saml21/clock.o
                0x00002114                system_clock_init
 .text.system_gclk_init
                0x00002300       0x24 src/ASF/sam0/drivers/system/clock/clock_saml21/gclk.o
                0x00002300                system_gclk_init
 .text.system_gclk_gen_set_config
                0x00002324       0xac src/ASF/sam0/drivers/system/clock/clock_saml21/gclk.o
                0x00002324                system_gclk_gen_set_config
 .text.system_gclk_gen_enable
                0x000023d0       0x40 src/ASF/sam0/drivers/system/clock/clock_saml21/gclk.o
                0x000023d0                system_gclk_gen_enable
 .text.system_gclk_gen_get_hz
                0x00002410       0x6c src/ASF/sam0/drivers/system/clock/clock_saml21/gclk.o
                0x00002410                system_gclk_gen_get_hz
 .text.system_gclk_chan_enable
                0x0000247c       0x38 src/ASF/sam0/drivers/system/clock/clock_saml21/gclk.o
                0x0000247c                system_gclk_chan_enable
 .text.system_gclk_chan_disable
                0x000024b4       0x38 src/ASF/sam0/drivers/system/clock/clock_saml21/gclk.o
                0x000024b4                system_gclk_chan_disable
 .text.system_gclk_chan_set_config
                0x000024ec       0x24 src/ASF/sam0/drivers/system/clock/clock_saml21/gclk.o
                0x000024ec                system_gclk_chan_set_config
 .text.system_gclk_chan_get_hz
                0x00002510       0x30 src/ASF/sam0/drivers/system/clock/clock_saml21/gclk.o
                0x00002510                system_gclk_chan_get_hz
 .text._system_pinmux_config
                0x00002540       0xa8 src/ASF/sam0/drivers/system/pinmux/pinmux.o
 .text.system_pinmux_pin_set_config
                0x000025e8       0x30 src/ASF/sam0/drivers/system/pinmux/pinmux.o
                0x000025e8                system_pinmux_pin_set_config
 .text._system_dummy_init
                0x00002618        0x2 src/ASF/sam0/drivers/system/system.o
                0x00002618                _system_events_init
                0x00002618                _system_dummy_init
                0x00002618                _system_divas_init
 *fill*         0x0000261a        0x2 
 .text.system_init
                0x0000261c       0x2c src/ASF/sam0/drivers/system/system.o
                0x0000261c                system_init
 .text.udd_sleep_mode
                0x00002648       0xbc src/ASF/sam0/drivers/usb/stack_interface/usb_device_udd.o
 .text.udd_ep_get_job
                0x00002704       0x24 src/ASF/sam0/drivers/usb/stack_interface/usb_device_udd.o
 .text.udd_ep_transfer_process
                0x00002728      0x1b4 src/ASF/sam0/drivers/usb/stack_interface/usb_device_udd.o
 .text.udd_ctrl_stall_data
                0x000028dc       0x2c src/ASF/sam0/drivers/usb/stack_interface/usb_device_udd.o
 .text._usb_device_lpm_suspend
                0x00002908       0x34 src/ASF/sam0/drivers/usb/stack_interface/usb_device_udd.o
 .text._usb_on_wakeup
                0x0000293c       0x6c src/ASF/sam0/drivers/usb/stack_interface/usb_device_udd.o
 .text._usb_on_suspend
                0x000029a8       0x2c src/ASF/sam0/drivers/usb/stack_interface/usb_device_udd.o
 .text._usb_on_bus_reset
                0x000029d4       0xb0 src/ASF/sam0/drivers/usb/stack_interface/usb_device_udd.o
 .text.udd_ctrl_send_zlp_in
                0x00002a84       0x3c src/ASF/sam0/drivers/usb/stack_interface/usb_device_udd.o
 .text._usb_ep0_on_tansfer_fail
                0x00002ac0       0x54 src/ASF/sam0/drivers/usb/stack_interface/usb_device_udd.o
 .text.udd_ctrl_in_sent
                0x00002b14       0xa8 src/ASF/sam0/drivers/usb/stack_interface/usb_device_udd.o
 .text._usb_ep0_on_setup
                0x00002bbc       0xe4 src/ASF/sam0/drivers/usb/stack_interface/usb_device_udd.o
 .text._usb_on_sof_notify
                0x00002ca0        0xc src/ASF/sam0/drivers/usb/stack_interface/usb_device_udd.o
 .text.udd_ep_abort
                0x00002cac       0x3c src/ASF/sam0/drivers/usb/stack_interface/usb_device_udd.o
                0x00002cac                udd_ep_abort
 .text.udd_ep_free
                0x00002ce8       0x58 src/ASF/sam0/drivers/usb/stack_interface/usb_device_udd.o
                0x00002ce8                udd_ep_free
 .text.udd_ep_alloc
                0x00002d40      0x108 src/ASF/sam0/drivers/usb/stack_interface/usb_device_udd.o
                0x00002d40                udd_ep_alloc
 .text.udd_ep_is_halted
                0x00002e48       0x14 src/ASF/sam0/drivers/usb/stack_interface/usb_device_udd.o
                0x00002e48                udd_ep_is_halted
 .text.udd_ep_set_halt
                0x00002e5c       0x30 src/ASF/sam0/drivers/usb/stack_interface/usb_device_udd.o
                0x00002e5c                udd_ep_set_halt
 .text._usb_ep0_on_tansfer_ok
                0x00002e8c      0x100 src/ASF/sam0/drivers/usb/stack_interface/usb_device_udd.o
 .text.udd_ep_clear_halt
                0x00002f8c       0x44 src/ASF/sam0/drivers/usb/stack_interface/usb_device_udd.o
                0x00002f8c                udd_ep_clear_halt
 .text.udd_ep_run
                0x00002fd0      0x1d8 src/ASF/sam0/drivers/usb/stack_interface/usb_device_udd.o
                0x00002fd0                udd_ep_run
 .text.udd_set_address
                0x000031a8       0x10 src/ASF/sam0/drivers/usb/stack_interface/usb_device_udd.o
                0x000031a8                udd_set_address
 .text.udd_getaddress
                0x000031b8       0x10 src/ASF/sam0/drivers/usb/stack_interface/usb_device_udd.o
                0x000031b8                udd_getaddress
 .text.udd_set_setup_payload
                0x000031c8        0xc src/ASF/sam0/drivers/usb/stack_interface/usb_device_udd.o
                0x000031c8                udd_set_setup_payload
 .text.udd_attach
                0x000031d4       0x84 src/ASF/sam0/drivers/usb/stack_interface/usb_device_udd.o
                0x000031d4                udd_attach
 .text.udd_enable
                0x00003258       0xa0 src/ASF/sam0/drivers/usb/stack_interface/usb_device_udd.o
                0x00003258                udd_enable
 .text.usb_device_register_callback
                0x000032f8       0x24 src/ASF/sam0/drivers/usb/usb_sam_l/usb.o
                0x000032f8                usb_device_register_callback
 .text.usb_device_enable_callback
                0x0000331c       0x20 src/ASF/sam0/drivers/usb/usb_sam_l/usb.o
                0x0000331c                usb_device_enable_callback
 .text.usb_device_disable_callback
                0x0000333c       0x1c src/ASF/sam0/drivers/usb/usb_sam_l/usb.o
                0x0000333c                usb_device_disable_callback
 .text.usb_device_endpoint_register_callback
                0x00003358       0x28 src/ASF/sam0/drivers/usb/usb_sam_l/usb.o
                0x00003358                usb_device_endpoint_register_callback
 .text.usb_device_endpoint_unregister_callback
                0x00003380       0x28 src/ASF/sam0/drivers/usb/usb_sam_l/usb.o
                0x00003380                usb_device_endpoint_unregister_callback
 .text.usb_device_endpoint_enable_callback
                0x000033a8       0xd0 src/ASF/sam0/drivers/usb/usb_sam_l/usb.o
                0x000033a8                usb_device_endpoint_enable_callback
 .text.usb_device_endpoint_disable_callback
                0x00003478       0xd0 src/ASF/sam0/drivers/usb/usb_sam_l/usb.o
                0x00003478                usb_device_endpoint_disable_callback
 .text.usb_device_endpoint_get_config_defaults
                0x00003548        0xe src/ASF/sam0/drivers/usb/usb_sam_l/usb.o
                0x00003548                usb_device_endpoint_get_config_defaults
 *fill*         0x00003556        0x2 
 .text.usb_device_endpoint_set_config
                0x00003558      0x244 src/ASF/sam0/drivers/usb/usb_sam_l/usb.o
                0x00003558                usb_device_endpoint_set_config
 .text.usb_device_endpoint_abort_job
                0x0000379c       0x36 src/ASF/sam0/drivers/usb/usb_sam_l/usb.o
                0x0000379c                usb_device_endpoint_abort_job
 .text.usb_device_endpoint_is_halted
                0x000037d2       0x2a src/ASF/sam0/drivers/usb/usb_sam_l/usb.o
                0x000037d2                usb_device_endpoint_is_halted
 .text.usb_device_endpoint_set_halt
                0x000037fc       0x26 src/ASF/sam0/drivers/usb/usb_sam_l/usb.o
                0x000037fc                usb_device_endpoint_set_halt
 .text.usb_device_endpoint_clear_halt
                0x00003822       0x84 src/ASF/sam0/drivers/usb/usb_sam_l/usb.o
                0x00003822                usb_device_endpoint_clear_halt
 *fill*         0x000038a6        0x2 
 .text.usb_device_endpoint_write_buffer_job
                0x000038a8       0x54 src/ASF/sam0/drivers/usb/usb_sam_l/usb.o
                0x000038a8                usb_device_endpoint_write_buffer_job
 .text.usb_device_endpoint_read_buffer_job
                0x000038fc       0x50 src/ASF/sam0/drivers/usb/usb_sam_l/usb.o
                0x000038fc                usb_device_endpoint_read_buffer_job
 .text.usb_device_endpoint_setup_buffer_job
                0x0000394c       0x30 src/ASF/sam0/drivers/usb/usb_sam_l/usb.o
                0x0000394c                usb_device_endpoint_setup_buffer_job
 .text.usb_enable
                0x0000397c       0x14 src/ASF/sam0/drivers/usb/usb_sam_l/usb.o
                0x0000397c                usb_enable
 .text.USB_Handler
                0x00003990      0x6e0 src/ASF/sam0/drivers/usb/usb_sam_l/usb.o
                0x00003990                USB_Handler
 .text.usb_get_config_defaults
                0x00004070       0x10 src/ASF/sam0/drivers/usb/usb_sam_l/usb.o
                0x00004070                usb_get_config_defaults
 .text.usb_init
                0x00004080      0x1e0 src/ASF/sam0/drivers/usb/usb_sam_l/usb.o
                0x00004080                usb_init
 .text.Dummy_Handler
                0x00004260        0x2 src/ASF/sam0/utils/cmsis/saml21/source/gcc/startup_saml21.o
                0x00004260                DMAC_Handler
                0x00004260                TRNG_Handler
                0x00004260                HardFault_Handler
                0x00004260                TC2_Handler
                0x00004260                AC_Handler
                0x00004260                PendSV_Handler
                0x00004260                NMI_Handler
                0x00004260                SERCOM1_Handler
                0x00004260                ADC_Handler
                0x00004260                TCC1_Handler
                0x00004260                SERCOM2_Handler
                0x00004260                TCC0_Handler
                0x00004260                RTC_Handler
                0x00004260                WDT_Handler
                0x00004260                TC4_Handler
                0x00004260                TC1_Handler
                0x00004260                TC3_Handler
                0x00004260                Dummy_Handler
                0x00004260                SERCOM5_Handler
                0x00004260                SVC_Handler
                0x00004260                TCC2_Handler
                0x00004260                EVSYS_Handler
                0x00004260                SERCOM3_Handler
                0x00004260                SERCOM4_Handler
                0x00004260                NVMCTRL_Handler
                0x00004260                SYSTEM_Handler
                0x00004260                SERCOM0_Handler
                0x00004260                DAC_Handler
                0x00004260                PTC_Handler
                0x00004260                TC0_Handler
                0x00004260                AES_Handler
 *fill*         0x00004262        0x2 
 .text.Reset_Handler
                0x00004264       0x98 src/ASF/sam0/utils/cmsis/saml21/source/gcc/startup_saml21.o
                0x00004264                Reset_Handler
 .text.main     0x000042fc       0x4c src/main.o
                0x000042fc                main
 .text.main_kbd_enable
                0x00004348        0xc src/main.o
                0x00004348                main_kbd_enable
 .text.main_kbd_disable
                0x00004354        0xc src/main.o
                0x00004354                main_kbd_disable
 .text          0x00004360      0x114 c:/program files (x86)/atmel/studio/7.0/toolchain/arm/arm-gnu-toolchain/bin/../lib/gcc/arm-none-eabi/6.3.1/thumb/v6-m\libgcc.a(_udivsi3.o)
                0x00004360                __aeabi_uidiv
                0x00004360                __udivsi3
                0x0000446c                __aeabi_uidivmod
 .text          0x00004474      0x1d4 c:/program files (x86)/atmel/studio/7.0/toolchain/arm/arm-gnu-toolchain/bin/../lib/gcc/arm-none-eabi/6.3.1/thumb/v6-m\libgcc.a(_divsi3.o)
                0x00004474                __divsi3
                0x00004474                __aeabi_idiv
                0x00004640                __aeabi_idivmod
 .text          0x00004648        0x4 c:/program files (x86)/atmel/studio/7.0/toolchain/arm/arm-gnu-toolchain/bin/../lib/gcc/arm-none-eabi/6.3.1/thumb/v6-m\libgcc.a(_dvmd_tls.o)
                0x00004648                __aeabi_idiv0
                0x00004648                __aeabi_ldiv0
 .text          0x0000464c       0x40 c:/program files (x86)/atmel/studio/7.0/toolchain/arm/arm-gnu-toolchain/bin/../lib/gcc/arm-none-eabi/6.3.1/thumb/v6-m\libgcc.a(_ctzsi2.o)
                0x0000464c                __ctzsi2
 .text.__libc_init_array
                0x0000468c       0x48 c:/program files (x86)/atmel/studio/7.0/toolchain/arm/arm-gnu-toolchain/bin/../lib/gcc/arm-none-eabi/6.3.1/../../../../arm-none-eabi/lib/thumb/v6-m\libc_nano.a(lib_a-init.o)
                0x0000468c                __libc_init_array
 .text.memcpy   0x000046d4       0x12 c:/program files (x86)/atmel/studio/7.0/toolchain/arm/arm-gnu-toolchain/bin/../lib/gcc/arm-none-eabi/6.3.1/../../../../arm-none-eabi/lib/thumb/v6-m\libc_nano.a(lib_a-memcpy-stub.o)
                0x000046d4                memcpy
 .text.memset   0x000046e6       0x10 c:/program files (x86)/atmel/studio/7.0/toolchain/arm/arm-gnu-toolchain/bin/../lib/gcc/arm-none-eabi/6.3.1/../../../../arm-none-eabi/lib/thumb/v6-m\libc_nano.a(lib_a-memset.o)
                0x000046e6                memset
 *(.glue_7t)
 .glue_7t       0x000046f6        0x0 linker stubs
 *(.glue_7)
 .glue_7        0x000046f6        0x0 linker stubs
 *(.rodata .rodata* .gnu.linkonce.r.*)
 *fill*         0x000046f6        0x2 
 .rodata.key_0  0x000046f8        0x8 src/keyboard.o
                0x000046f8                key_0
 .rodata.key_1  0x00004700        0x8 src/keyboard.o
                0x00004700                key_1
 .rodata.key_2  0x00004708        0x8 src/keyboard.o
                0x00004708                key_2
 .rodata.key_3  0x00004710        0x8 src/keyboard.o
                0x00004710                key_3
 .rodata.key_4  0x00004718        0x8 src/keyboard.o
                0x00004718                key_4
 .rodata.key_5  0x00004720        0x8 src/keyboard.o
                0x00004720                key_5
 .rodata.key_6  0x00004728        0x8 src/keyboard.o
                0x00004728                key_6
 .rodata.key_7  0x00004730        0x8 src/keyboard.o
                0x00004730                key_7
 .rodata.key_8  0x00004738        0x8 src/keyboard.o
                0x00004738                key_8
 .rodata.key_9  0x00004740        0x8 src/keyboard.o
                0x00004740                key_9
 .rodata.key_A  0x00004748        0x8 src/keyboard.o
                0x00004748                key_A
 .rodata.key_B  0x00004750        0x8 src/keyboard.o
                0x00004750                key_B
 .rodata.key_BCKSP
                0x00004758        0x8 src/keyboard.o
                0x00004758                key_BCKSP
 .rodata.key_C  0x00004760        0x8 src/keyboard.o
                0x00004760                key_C
 .rodata.key_COMMA
                0x00004768        0x8 src/keyboard.o
                0x00004768                key_COMMA
 .rodata.key_CPSLCK
                0x00004770        0x8 src/keyboard.o
                0x00004770                key_CPSLCK
 .rodata.key_D  0x00004778        0x8 src/keyboard.o
                0x00004778                key_D
 .rodata.key_DOT
                0x00004780        0x8 src/keyboard.o
                0x00004780                key_DOT
 .rodata.key_DOWN
                0x00004788        0x8 src/keyboard.o
                0x00004788                key_DOWN
 .rodata.key_E  0x00004790        0x8 src/keyboard.o
                0x00004790                key_E
 .rodata.key_ENT
                0x00004798        0x8 src/keyboard.o
                0x00004798                key_ENT
 .rodata.key_F  0x000047a0        0x8 src/keyboard.o
                0x000047a0                key_F
 .rodata.key_G  0x000047a8        0x8 src/keyboard.o
                0x000047a8                key_G
 .rodata.key_H  0x000047b0        0x8 src/keyboard.o
                0x000047b0                key_H
 .rodata.key_I  0x000047b8        0x8 src/keyboard.o
                0x000047b8                key_I
 .rodata.key_J  0x000047c0        0x8 src/keyboard.o
                0x000047c0                key_J
 .rodata.key_K  0x000047c8        0x8 src/keyboard.o
                0x000047c8                key_K
 .rodata.key_L  0x000047d0        0x8 src/keyboard.o
                0x000047d0                key_L
 .rodata.key_LEFT
                0x000047d8        0x8 src/keyboard.o
                0x000047d8                key_LEFT
 .rodata.key_M  0x000047e0        0x8 src/keyboard.o
                0x000047e0                key_M
 .rodata.key_N  0x000047e8        0x8 src/keyboard.o
                0x000047e8                key_N
 .rodata.key_O  0x000047f0        0x8 src/keyboard.o
                0x000047f0                key_O
 .rodata.key_P  0x000047f8        0x8 src/keyboard.o
                0x000047f8                key_P
 .rodata.key_Q  0x00004800        0x8 src/keyboard.o
                0x00004800                key_Q
 .rodata.key_QUEST
                0x00004808        0x8 src/keyboard.o
                0x00004808                key_QUEST
 .rodata.key_R  0x00004810        0x8 src/keyboard.o
                0x00004810                key_R
 .rodata.key_RIGHT
                0x00004818        0x8 src/keyboard.o
                0x00004818                key_RIGHT
 .rodata.key_S  0x00004820        0x8 src/keyboard.o
                0x00004820                key_S
 .rodata.key_SPC
                0x00004828        0x8 src/keyboard.o
                0x00004828                key_SPC
 .rodata.key_T  0x00004830        0x8 src/keyboard.o
                0x00004830                key_T
 .rodata.key_TAB
                0x00004838        0x8 src/keyboard.o
                0x00004838                key_TAB
 .rodata.key_U  0x00004840        0x8 src/keyboard.o
                0x00004840                key_U
 .rodata.key_UP
                0x00004848        0x8 src/keyboard.o
                0x00004848                key_UP
 .rodata.key_V  0x00004850        0x8 src/keyboard.o
                0x00004850                key_V
 .rodata.key_W  0x00004858        0x8 src/keyboard.o
                0x00004858                key_W
 .rodata.key_X  0x00004860        0x8 src/keyboard.o
                0x00004860                key_X
 .rodata.key_Y  0x00004868        0x8 src/keyboard.o
                0x00004868                key_Y
 .rodata.key_Z  0x00004870        0x8 src/keyboard.o
                0x00004870                key_Z
 .rodata.system_clock_source_get_hz
                0x00004878       0x24 src/ASF/sam0/drivers/system/clock/clock_saml21/clock.o
 .rodata.system_clock_source_enable
                0x0000489c       0x24 src/ASF/sam0/drivers/system/clock/clock_saml21/clock.o
 .rodata.usb_device_endpoint_set_config
                0x000048c0       0x14 src/ASF/sam0/drivers/usb/usb_sam_l/usb.o
 .rodata._usb_device_irq_bits
                0x000048d4        0xe src/ASF/sam0/drivers/usb/usb_sam_l/usb.o
 *fill*         0x000048e2        0x2 
 .rodata._usb_endpoint_irq_bits
                0x000048e4        0x4 src/ASF/sam0/drivers/usb/usb_sam_l/usb.o
 *(.ARM.extab* .gnu.linkonce.armextab.*)
                0x000048e8                . = ALIGN (0x4)
 *(.init)
 .init          0x000048e8        0x4 c:/program files (x86)/atmel/studio/7.0/toolchain/arm/arm-gnu-toolchain/bin/../lib/gcc/arm-none-eabi/6.3.1/thumb/v6-m/crti.o
                0x000048e8                _init
 .init          0x000048ec        0x8 c:/program files (x86)/atmel/studio/7.0/toolchain/arm/arm-gnu-toolchain/bin/../lib/gcc/arm-none-eabi/6.3.1/thumb/v6-m/crtn.o
                0x000048f4                . = ALIGN (0x4)
                0x000048f4                __preinit_array_start = .
 *(.preinit_array)
                0x000048f4                __preinit_array_end = .
                0x000048f4                . = ALIGN (0x4)
                0x000048f4                __init_array_start = .
 *(SORT(.init_array.*))
 *(.init_array)
 .init_array    0x000048f4        0x4 c:/program files (x86)/atmel/studio/7.0/toolchain/arm/arm-gnu-toolchain/bin/../lib/gcc/arm-none-eabi/6.3.1/thumb/v6-m/crtbegin.o
                0x000048f8                __init_array_end = .
                0x000048f8                . = ALIGN (0x4)
 *crtbegin.o(.ctors)
 *(EXCLUDE_FILE(*crtend.o) .ctors)
 *(SORT(.ctors.*))
 *crtend.o(.ctors)
                0x000048f8                . = ALIGN (0x4)
 *(.fini)
 .fini          0x000048f8        0x4 c:/program files (x86)/atmel/studio/7.0/toolchain/arm/arm-gnu-toolchain/bin/../lib/gcc/arm-none-eabi/6.3.1/thumb/v6-m/crti.o
                0x000048f8                _fini
 .fini          0x000048fc        0x8 c:/program files (x86)/atmel/studio/7.0/toolchain/arm/arm-gnu-toolchain/bin/../lib/gcc/arm-none-eabi/6.3.1/thumb/v6-m/crtn.o
                0x00004904                . = ALIGN (0x4)
                0x00004904                __fini_array_start = .
 *(.fini_array)
 .fini_array    0x00004904        0x4 c:/program files (x86)/atmel/studio/7.0/toolchain/arm/arm-gnu-toolchain/bin/../lib/gcc/arm-none-eabi/6.3.1/thumb/v6-m/crtbegin.o
 *(SORT(.fini_array.*))
                0x00004908                __fini_array_end = .
 *crtbegin.o(.dtors)
 *(EXCLUDE_FILE(*crtend.o) .dtors)
 *(SORT(.dtors.*))
 *crtend.o(.dtors)
                0x00004908                . = ALIGN (0x4)
                0x00004908                _efixed = .
                [!provide]                PROVIDE (__exidx_start, .)

.vfp11_veneer   0x00004908        0x0
 .vfp11_veneer  0x00004908        0x0 linker stubs

.v4_bx          0x00004908        0x0
 .v4_bx         0x00004908        0x0 linker stubs

.iplt           0x00004908        0x0
 .iplt          0x00004908        0x0 c:/program files (x86)/atmel/studio/7.0/toolchain/arm/arm-gnu-toolchain/bin/../lib/gcc/arm-none-eabi/6.3.1/thumb/v6-m/crtbegin.o

.eh_frame       0x00004908        0x0
 .eh_frame      0x00004908        0x0 c:/program files (x86)/atmel/studio/7.0/toolchain/arm/arm-gnu-toolchain/bin/../lib/gcc/arm-none-eabi/6.3.1/thumb/v6-m/crtbegin.o

.rel.dyn        0x00004908        0x0
 .rel.iplt      0x00004908        0x0 c:/program files (x86)/atmel/studio/7.0/toolchain/arm/arm-gnu-toolchain/bin/../lib/gcc/arm-none-eabi/6.3.1/thumb/v6-m/crtbegin.o

.jcr            0x00004908        0x0
 .jcr           0x00004908        0x0 c:/program files (x86)/atmel/studio/7.0/toolchain/arm/arm-gnu-toolchain/bin/../lib/gcc/arm-none-eabi/6.3.1/thumb/v6-m/crtbegin.o

.igot.plt       0x00004908        0x0
 .igot.plt      0x00004908        0x0 c:/program files (x86)/atmel/studio/7.0/toolchain/arm/arm-gnu-toolchain/bin/../lib/gcc/arm-none-eabi/6.3.1/thumb/v6-m/crtbegin.o

.ARM.exidx
 *(.ARM.exidx* .gnu.linkonce.armexidx.*)
                [!provide]                PROVIDE (__exidx_end, .)
                0x00004908                . = ALIGN (0x4)
                0x00004908                _etext = .

.relocate       0x20000000       0xdc load address 0x00004908
                0x20000000                . = ALIGN (0x4)
                0x20000000                _srelocate = .
 *(.ramfunc .ramfunc.*)
 *(.data .data.*)
 .data.cycles_per_ms
                0x20000000        0x4 src/ASF/common2/services/delay/sam0/systick_counter.o
 .data.cycles_per_us
                0x20000004        0x4 src/ASF/common2/services/delay/sam0/systick_counter.o
 .data.udi_api_hid_kbd
                0x20000008       0x14 src/ASF/common/services/usb/class/hid/device/kbd/udi_hid_kbd.o
                0x20000008                udi_api_hid_kbd
 .data.udi_hid_kbd_report_desc
                0x2000001c       0x3b src/ASF/common/services/usb/class/hid/device/kbd/udi_hid_kbd.o
                0x2000001c                udi_hid_kbd_report_desc
 *fill*         0x20000057        0x1 
 .data.udc_config
                0x20000058        0xc src/ASF/common/services/usb/class/hid/device/kbd/udi_hid_kbd_desc.o
                0x20000058                udc_config
 .data.udc_config_fshs
                0x20000064        0x8 src/ASF/common/services/usb/class/hid/device/kbd/udi_hid_kbd_desc.o
                0x20000064                udc_config_fshs
 .data.udc_desc
                0x2000006c       0x22 src/ASF/common/services/usb/class/hid/device/kbd/udi_hid_kbd_desc.o
                0x2000006c                udc_desc
 *fill*         0x2000008e        0x2 
 .data.udc_device_desc
                0x20000090       0x12 src/ASF/common/services/usb/class/hid/device/kbd/udi_hid_kbd_desc.o
                0x20000090                udc_device_desc
 *fill*         0x200000a2        0x2 
 .data.udi_apis
                0x200000a4        0x4 src/ASF/common/services/usb/class/hid/device/kbd/udi_hid_kbd_desc.o
                0x200000a4                udi_apis
 .data.udc_string_desc
                0x200000a8       0x18 src/ASF/common/services/usb/udc/udc.o
 .data.udc_string_desc_languageid
                0x200000c0        0x4 src/ASF/common/services/usb/udc/udc.o
 .data.udc_string_manufacturer_name
                0x200000c4        0x7 src/ASF/common/services/usb/udc/udc.o
 *fill*         0x200000cb        0x1 
 .data.udc_string_product_name
                0x200000cc        0xc src/ASF/common/services/usb/udc/udc.o
 .data.g_interrupt_enabled
                0x200000d8        0x1 src/ASF/common/utils/interrupt/interrupt_sam_nvic.o
                0x200000d8                g_interrupt_enabled
                0x200000dc                . = ALIGN (0x4)
 *fill*         0x200000d9        0x3 
                0x200000dc                _erelocate = .

.lpram          0x30000000        0x0
                0x30000000                . = ALIGN (0x8)
                0x30000000                _slpram = .
 *(.lpram .lpram.*)
                0x30000000                . = ALIGN (0x8)
                0x30000000                _elpram = .

.bss            0x200000dc      0x5ac load address 0x000049e4
                0x200000dc                . = ALIGN (0x4)
                0x200000dc                _sbss = .
                0x200000dc                _szero = .
 *(.bss .bss.*)
 .bss           0x200000dc       0x1c c:/program files (x86)/atmel/studio/7.0/toolchain/arm/arm-gnu-toolchain/bin/../lib/gcc/arm-none-eabi/6.3.1/thumb/v6-m/crtbegin.o
 .bss.ctrl_key_pressed
                0x200000f8        0x1 src/keyboard.o
                0x200000f8                ctrl_key_pressed
 .bss.main_b_kbd_enable
                0x200000f9        0x1 src/keyboard.o
 .bss.shift_key_pressed
                0x200000fa        0x1 src/keyboard.o
                0x200000fa                shift_key_pressed
 .bss.super_key_pressed
                0x200000fb        0x1 src/keyboard.o
                0x200000fb                super_key_pressed
 .bss.millis_counter
                0x200000fc        0x4 src/system_time.o
                0x200000fc                millis_counter
 .bss.udi_hid_kbd_b_report_trans_ongoing
                0x20000100        0x1 src/ASF/common/services/usb/class/hid/device/kbd/udi_hid_kbd.o
 .bss.udi_hid_kbd_b_report_valid
                0x20000101        0x1 src/ASF/common/services/usb/class/hid/device/kbd/udi_hid_kbd.o
 *fill*         0x20000102        0x2 
 .bss.udi_hid_kbd_protocol
                0x20000104        0x1 src/ASF/common/services/usb/class/hid/device/kbd/udi_hid_kbd.o
 *fill*         0x20000105        0x3 
 .bss.udi_hid_kbd_rate
                0x20000108        0x1 src/ASF/common/services/usb/class/hid/device/kbd/udi_hid_kbd.o
 *fill*         0x20000109        0x3 
 .bss.udi_hid_kbd_report
                0x2000010c        0x8 src/ASF/common/services/usb/class/hid/device/kbd/udi_hid_kbd.o
 .bss.udi_hid_kbd_report_set
                0x20000114        0x1 src/ASF/common/services/usb/class/hid/device/kbd/udi_hid_kbd.o
 *fill*         0x20000115        0x3 
 .bss.udi_hid_kbd_report_trans
                0x20000118        0x8 src/ASF/common/services/usb/class/hid/device/kbd/udi_hid_kbd.o
 .bss.udc_device_status
                0x20000120        0x2 src/ASF/common/services/usb/udc/udc.o
 .bss.udc_ep_status.13271
                0x20000122        0x2 src/ASF/common/services/usb/udc/udc.o
 .bss.udc_iface_setting
                0x20000124        0x1 src/ASF/common/services/usb/udc/udc.o
 *fill*         0x20000125        0x3 
 .bss.udc_num_configuration
                0x20000128        0x1 src/ASF/common/services/usb/udc/udc.o
 *fill*         0x20000129        0x3 
 .bss.udc_ptr_conf
                0x2000012c        0x4 src/ASF/common/services/usb/udc/udc.o
 .bss.udc_ptr_iface
                0x20000130        0x4 src/ASF/common/services/usb/udc/udc.o
 .bss.cpu_irq_critical_section_counter
                0x20000134        0x4 src/ASF/common/utils/interrupt/interrupt_sam_nvic.o
 .bss.cpu_irq_prev_interrupt_state
                0x20000138        0x1 src/ASF/common/utils/interrupt/interrupt_sam_nvic.o
 *fill*         0x20000139        0x3 
 .bss._system_clock_inst
                0x2000013c       0x18 src/ASF/sam0/drivers/system/clock/clock_saml21/clock.o
 .bss.b_shortpacket.14809
                0x20000154        0x1 src/ASF/sam0/drivers/usb/stack_interface/usb_device_udd.o
 *fill*         0x20000155        0x1 
 .bss.udd_ctrl_payload_nb_trans
                0x20000156        0x2 src/ASF/sam0/drivers/usb/stack_interface/usb_device_udd.o
 .bss.udd_ctrl_prev_payload_nb_trans
                0x20000158        0x2 src/ASF/sam0/drivers/usb/stack_interface/usb_device_udd.o
 .bss.udd_ep_control_state
                0x2000015a        0x1 src/ASF/sam0/drivers/usb/stack_interface/usb_device_udd.o
 *fill*         0x2000015b        0x1 
 .bss.udd_ep_job
                0x2000015c       0x28 src/ASF/sam0/drivers/usb/stack_interface/usb_device_udd.o
 .bss.udd_state.14666
                0x20000184        0x1 src/ASF/sam0/drivers/usb/stack_interface/usb_device_udd.o
 *fill*         0x20000185        0x3 
 .bss._usb_instances
                0x20000188        0x4 src/ASF/sam0/drivers/usb/usb_sam_l/usb.o
 .bss.device_callback_lpm_wakeup_enable
                0x2000018c        0x4 src/ASF/sam0/drivers/usb/usb_sam_l/usb.o
 .bss.ep_callback_para
                0x20000190        0x8 src/ASF/sam0/drivers/usb/usb_sam_l/usb.o
 .bss.host_pipe_job_busy_status
                0x20000198        0x4 src/ASF/sam0/drivers/usb/usb_sam_l/usb.o
                0x20000198                host_pipe_job_busy_status
 .bss.pipe_callback_para
                0x2000019c        0x6 src/ASF/sam0/drivers/usb/usb_sam_l/usb.o
 *(COMMON)
 *fill*         0x200001a2        0x2 
 COMMON         0x200001a4       0x42 src/keyboard.o
                0x200001a4                matrix_key_pressed
 *fill*         0x200001e6        0x2 
 COMMON         0x200001e8      0x18e src/matrix.o
                0x200001e8                lastUpdateTime
                0x200002f0                buttons_debounced
                0x20000334                buttons_unbounced
 *fill*         0x20000376        0x2 
 COMMON         0x20000378        0x5 src/ASF/common/services/sleepmgr/saml/sleepmgr.o
                0x20000378                sleepmgr_locks
 COMMON         0x2000037d        0x1 src/ASF/sam0/drivers/extint/extint_callback.o
                0x2000037d                _current_channel
 *fill*         0x2000037e        0x2 
 COMMON         0x20000380       0x40 src/ASF/sam0/drivers/extint/extint_sam_l_c/extint.o
                0x20000380                _extint_dev
 COMMON         0x200003c0      0x1c8 src/ASF/sam0/drivers/usb/stack_interface/usb_device_udd.o
                0x200003c0                udd_ep_out_cache_buffer
                0x20000400                usb_device
                0x20000568                udd_g_ctrlreq
                0x20000580                udd_ctrl_buffer
 COMMON         0x20000588      0x100 src/ASF/sam0/drivers/usb/usb_sam_l/usb.o
                0x20000588                usb_descriptor_table
                0x20000688                . = ALIGN (0x4)
                0x20000688                _ebss = .
                0x20000688                _ezero = .

.stack          0x20000688      0x800 load address 0x00004f90
                0x20000688                . = ALIGN (0x8)
                0x20000688                _sstack = .
                0x20000e88                . = (. + STACK_SIZE)
 *fill*         0x20000688      0x800 
                0x20000e88                . = ALIGN (0x8)
                0x20000e88                _estack = .
                0x20000e88                . = ALIGN (0x4)
                0x20000e88                _end = .
OUTPUT(GccBoardProject1.elf elf32-littlearm)

.ARM.attributes
                0x00000000       0x28
 .ARM.attributes
                0x00000000       0x1e c:/program files (x86)/atmel/studio/7.0/toolchain/arm/arm-gnu-toolchain/bin/../lib/gcc/arm-none-eabi/6.3.1/thumb/v6-m/crti.o
 .ARM.attributes
                0x0000001e       0x2c c:/program files (x86)/atmel/studio/7.0/toolchain/arm/arm-gnu-toolchain/bin/../lib/gcc/arm-none-eabi/6.3.1/thumb/v6-m/crtbegin.o
 .ARM.attributes
                0x0000004a       0x32 src/keyboard.o
 .ARM.attributes
                0x0000007c       0x32 src/matrix.o
 .ARM.attributes
                0x000000ae       0x32 src/system_time.o
 .ARM.attributes
                0x000000e0       0x32 src/ASF/common2/services/delay/sam0/systick_counter.o
 .ARM.attributes
                0x00000112       0x32 src/ASF/common/services/sleepmgr/saml/sleepmgr.o
 .ARM.attributes
                0x00000144       0x32 src/ASF/common/services/usb/class/hid/device/kbd/udi_hid_kbd.o
 .ARM.attributes
                0x00000176       0x32 src/ASF/common/services/usb/class/hid/device/kbd/udi_hid_kbd_desc.o
 .ARM.attributes
                0x000001a8       0x32 src/ASF/common/services/usb/class/hid/device/udi_hid.o
 .ARM.attributes
                0x000001da       0x32 src/ASF/common/services/usb/udc/udc.o
 .ARM.attributes
                0x0000020c       0x32 src/ASF/sam0/drivers/extint/extint_callback.o
 .ARM.attributes
                0x0000023e       0x32 src/ASF/sam0/drivers/extint/extint_sam_l_c/extint.o
 .ARM.attributes
                0x00000270       0x32 src/ASF/sam0/drivers/port/port.o
 .ARM.attributes
                0x000002a2       0x32 src/ASF/common2/boards/user_board/init.o
 .ARM.attributes
                0x000002d4       0x32 src/ASF/common/utils/interrupt/interrupt_sam_nvic.o
 .ARM.attributes
                0x00000306       0x32 src/ASF/sam0/drivers/system/clock/clock_saml21/clock.o
 .ARM.attributes
                0x00000338       0x32 src/ASF/sam0/drivers/system/clock/clock_saml21/gclk.o
 .ARM.attributes
                0x0000036a       0x32 src/ASF/sam0/drivers/system/pinmux/pinmux.o
 .ARM.attributes
                0x0000039c       0x32 src/ASF/sam0/drivers/system/system.o
 .ARM.attributes
                0x000003ce       0x32 src/ASF/sam0/drivers/usb/stack_interface/usb_device_udd.o
 .ARM.attributes
                0x00000400       0x32 src/ASF/sam0/drivers/usb/usb_sam_l/usb.o
 .ARM.attributes
                0x00000432       0x32 src/ASF/sam0/utils/cmsis/saml21/source/gcc/startup_saml21.o
 .ARM.attributes
                0x00000464       0x32 src/main.o
 .ARM.attributes
                0x00000496       0x1e c:/program files (x86)/atmel/studio/7.0/toolchain/arm/arm-gnu-toolchain/bin/../lib/gcc/arm-none-eabi/6.3.1/thumb/v6-m\libgcc.a(_udivsi3.o)
 .ARM.attributes
                0x000004b4       0x1e c:/program files (x86)/atmel/studio/7.0/toolchain/arm/arm-gnu-toolchain/bin/../lib/gcc/arm-none-eabi/6.3.1/thumb/v6-m\libgcc.a(_divsi3.o)
 .ARM.attributes
                0x000004d2       0x1e c:/program files (x86)/atmel/studio/7.0/toolchain/arm/arm-gnu-toolchain/bin/../lib/gcc/arm-none-eabi/6.3.1/thumb/v6-m\libgcc.a(_dvmd_tls.o)
 .ARM.attributes
                0x000004f0       0x1e c:/program files (x86)/atmel/studio/7.0/toolchain/arm/arm-gnu-toolchain/bin/../lib/gcc/arm-none-eabi/6.3.1/thumb/v6-m\libgcc.a(_ctzsi2.o)
 .ARM.attributes
                0x0000050e       0x2c c:/program files (x86)/atmel/studio/7.0/toolchain/arm/arm-gnu-toolchain/bin/../lib/gcc/arm-none-eabi/6.3.1/../../../../arm-none-eabi/lib/thumb/v6-m\libc_nano.a(lib_a-init.o)
 .ARM.attributes
                0x0000053a       0x2c c:/program files (x86)/atmel/studio/7.0/toolchain/arm/arm-gnu-toolchain/bin/../lib/gcc/arm-none-eabi/6.3.1/../../../../arm-none-eabi/lib/thumb/v6-m\libc_nano.a(lib_a-memcpy-stub.o)
 .ARM.attributes
                0x00000566       0x2c c:/program files (x86)/atmel/studio/7.0/toolchain/arm/arm-gnu-toolchain/bin/../lib/gcc/arm-none-eabi/6.3.1/../../../../arm-none-eabi/lib/thumb/v6-m\libc_nano.a(lib_a-memset.o)
 .ARM.attributes
                0x00000592       0x1e c:/program files (x86)/atmel/studio/7.0/toolchain/arm/arm-gnu-toolchain/bin/../lib/gcc/arm-none-eabi/6.3.1/thumb/v6-m/crtn.o

.comment        0x00000000       0x59
 .comment       0x00000000       0x59 src/keyboard.o
                                 0x5a (size before relaxing)
 .comment       0x00000059       0x5a src/matrix.o
 .comment       0x00000059       0x5a src/system_time.o
 .comment       0x00000059       0x5a src/ASF/common2/services/delay/sam0/systick_counter.o
 .comment       0x00000059       0x5a src/ASF/common/services/sleepmgr/saml/sleepmgr.o
 .comment       0x00000059       0x5a src/ASF/common/services/usb/class/hid/device/kbd/udi_hid_kbd.o
 .comment       0x00000059       0x5a src/ASF/common/services/usb/class/hid/device/kbd/udi_hid_kbd_desc.o
 .comment       0x00000059       0x5a src/ASF/common/services/usb/class/hid/device/udi_hid.o
 .comment       0x00000059       0x5a src/ASF/common/services/usb/udc/udc.o
 .comment       0x00000059       0x5a src/ASF/sam0/drivers/extint/extint_callback.o
 .comment       0x00000059       0x5a src/ASF/sam0/drivers/extint/extint_sam_l_c/extint.o
 .comment       0x00000059       0x5a src/ASF/sam0/drivers/port/port.o
 .comment       0x00000059       0x5a src/ASF/common2/boards/user_board/init.o
 .comment       0x00000059       0x5a src/ASF/common/utils/interrupt/interrupt_sam_nvic.o
 .comment       0x00000059       0x5a src/ASF/sam0/drivers/system/clock/clock_saml21/clock.o
 .comment       0x00000059       0x5a src/ASF/sam0/drivers/system/clock/clock_saml21/gclk.o
 .comment       0x00000059       0x5a src/ASF/sam0/drivers/system/pinmux/pinmux.o
 .comment       0x00000059       0x5a src/ASF/sam0/drivers/system/system.o
 .comment       0x00000059       0x5a src/ASF/sam0/drivers/usb/stack_interface/usb_device_udd.o
 .comment       0x00000059       0x5a src/ASF/sam0/drivers/usb/usb_sam_l/usb.o
 .comment       0x00000059       0x5a src/ASF/sam0/utils/cmsis/saml21/source/gcc/startup_saml21.o
 .comment       0x00000059       0x5a src/main.o

.debug_info     0x00000000    0x29917
 .debug_info    0x00000000     0x476f src/keyboard.o
 .debug_info    0x0000476f     0x2317 src/matrix.o
 .debug_info    0x00006a86     0x13db src/system_time.o
 .debug_info    0x00007e61      0xb8d src/ASF/common2/services/delay/sam0/systick_counter.o
 .debug_info    0x000089ee      0xa8e src/ASF/common/services/sleepmgr/saml/sleepmgr.o
 .debug_info    0x0000947c     0x166b src/ASF/common/services/usb/class/hid/device/kbd/udi_hid_kbd.o
 .debug_info    0x0000aae7     0x1119 src/ASF/common/services/usb/class/hid/device/kbd/udi_hid_kbd_desc.o
 .debug_info    0x0000bc00     0x1001 src/ASF/common/services/usb/class/hid/device/udi_hid.o
 .debug_info    0x0000cc01     0x1a81 src/ASF/common/services/usb/udc/udc.o
 .debug_info    0x0000e682     0x13e8 src/ASF/sam0/drivers/extint/extint_callback.o
 .debug_info    0x0000fa6a     0x2520 src/ASF/sam0/drivers/extint/extint_sam_l_c/extint.o
 .debug_info    0x00011f8a     0x13b1 src/ASF/sam0/drivers/port/port.o
 .debug_info    0x0001333b      0xe42 src/ASF/common2/boards/user_board/init.o
 .debug_info    0x0001417d      0xb05 src/ASF/common/utils/interrupt/interrupt_sam_nvic.o
 .debug_info    0x00014c82     0x452f src/ASF/sam0/drivers/system/clock/clock_saml21/clock.o
 .debug_info    0x000191b1     0x1dee src/ASF/sam0/drivers/system/clock/clock_saml21/gclk.o
 .debug_info    0x0001af9f     0x14ee src/ASF/sam0/drivers/system/pinmux/pinmux.o
 .debug_info    0x0001c48d      0xa73 src/ASF/sam0/drivers/system/system.o
 .debug_info    0x0001cf00     0x5ef8 src/ASF/sam0/drivers/usb/stack_interface/usb_device_udd.o
 .debug_info    0x00022df8     0x5178 src/ASF/sam0/drivers/usb/usb_sam_l/usb.o
 .debug_info    0x00027f70      0xa28 src/ASF/sam0/utils/cmsis/saml21/source/gcc/startup_saml21.o
 .debug_info    0x00028998      0xf7f src/main.o

.debug_abbrev   0x00000000     0x46ab
 .debug_abbrev  0x00000000      0x45f src/keyboard.o
 .debug_abbrev  0x0000045f      0x3fe src/matrix.o
 .debug_abbrev  0x0000085d      0x2c4 src/system_time.o
 .debug_abbrev  0x00000b21      0x24b src/ASF/common2/services/delay/sam0/systick_counter.o
 .debug_abbrev  0x00000d6c      0x1b2 src/ASF/common/services/sleepmgr/saml/sleepmgr.o
 .debug_abbrev  0x00000f1e      0x41b src/ASF/common/services/usb/class/hid/device/kbd/udi_hid_kbd.o
 .debug_abbrev  0x00001339      0x1c7 src/ASF/common/services/usb/class/hid/device/kbd/udi_hid_kbd_desc.o
 .debug_abbrev  0x00001500      0x24e src/ASF/common/services/usb/class/hid/device/udi_hid.o
 .debug_abbrev  0x0000174e      0x3f5 src/ASF/common/services/usb/udc/udc.o
 .debug_abbrev  0x00001b43      0x333 src/ASF/sam0/drivers/extint/extint_callback.o
 .debug_abbrev  0x00001e76      0x48b src/ASF/sam0/drivers/extint/extint_sam_l_c/extint.o
 .debug_abbrev  0x00002301      0x298 src/ASF/sam0/drivers/port/port.o
 .debug_abbrev  0x00002599      0x1cc src/ASF/common2/boards/user_board/init.o
 .debug_abbrev  0x00002765      0x23b src/ASF/common/utils/interrupt/interrupt_sam_nvic.o
 .debug_abbrev  0x000029a0      0x48c src/ASF/sam0/drivers/system/clock/clock_saml21/clock.o
 .debug_abbrev  0x00002e2c      0x405 src/ASF/sam0/drivers/system/clock/clock_saml21/gclk.o
 .debug_abbrev  0x00003231      0x361 src/ASF/sam0/drivers/system/pinmux/pinmux.o
 .debug_abbrev  0x00003592      0x1e1 src/ASF/sam0/drivers/system/system.o
 .debug_abbrev  0x00003773      0x607 src/ASF/sam0/drivers/usb/stack_interface/usb_device_udd.o
 .debug_abbrev  0x00003d7a      0x507 src/ASF/sam0/drivers/usb/usb_sam_l/usb.o
 .debug_abbrev  0x00004281      0x1e4 src/ASF/sam0/utils/cmsis/saml21/source/gcc/startup_saml21.o
 .debug_abbrev  0x00004465      0x246 src/main.o

.debug_loc      0x00000000     0x6e93
 .debug_loc     0x00000000      0xea4 src/keyboard.o
 .debug_loc     0x00000ea4      0x6a8 src/matrix.o
 .debug_loc     0x0000154c       0x68 src/system_time.o
 .debug_loc     0x000015b4       0xe4 src/ASF/common2/services/delay/sam0/systick_counter.o
 .debug_loc     0x00001698      0x39b src/ASF/common/services/usb/class/hid/device/kbd/udi_hid_kbd.o
 .debug_loc     0x00001a33      0x247 src/ASF/common/services/usb/class/hid/device/udi_hid.o
 .debug_loc     0x00001c7a      0x4d6 src/ASF/common/services/usb/udc/udc.o
 .debug_loc     0x00002150      0x2ac src/ASF/sam0/drivers/extint/extint_callback.o
 .debug_loc     0x000023fc      0x4ca src/ASF/sam0/drivers/extint/extint_sam_l_c/extint.o
 .debug_loc     0x000028c6      0x13d src/ASF/sam0/drivers/port/port.o
 .debug_loc     0x00002a03      0xd6c src/ASF/sam0/drivers/system/clock/clock_saml21/clock.o
 .debug_loc     0x0000376f      0x4dd src/ASF/sam0/drivers/system/clock/clock_saml21/gclk.o
 .debug_loc     0x00003c4c      0x36d src/ASF/sam0/drivers/system/pinmux/pinmux.o
 .debug_loc     0x00003fb9       0x20 src/ASF/sam0/drivers/system/system.o
 .debug_loc     0x00003fd9     0x130b src/ASF/sam0/drivers/usb/stack_interface/usb_device_udd.o
 .debug_loc     0x000052e4     0x1b0f src/ASF/sam0/drivers/usb/usb_sam_l/usb.o
 .debug_loc     0x00006df3       0x40 src/ASF/sam0/utils/cmsis/saml21/source/gcc/startup_saml21.o
 .debug_loc     0x00006e33       0x60 src/main.o

.debug_aranges  0x00000000      0x780
 .debug_aranges
                0x00000000       0x58 src/keyboard.o
 .debug_aranges
                0x00000058       0x40 src/matrix.o
 .debug_aranges
                0x00000098       0x30 src/system_time.o
 .debug_aranges
                0x000000c8       0x30 src/ASF/common2/services/delay/sam0/systick_counter.o
 .debug_aranges
                0x000000f8       0x18 src/ASF/common/services/sleepmgr/saml/sleepmgr.o
 .debug_aranges
                0x00000110       0x78 src/ASF/common/services/usb/class/hid/device/kbd/udi_hid_kbd.o
 .debug_aranges
                0x00000188       0x18 src/ASF/common/services/usb/class/hid/device/kbd/udi_hid_kbd_desc.o
 .debug_aranges
                0x000001a0       0x20 src/ASF/common/services/usb/class/hid/device/udi_hid.o
 .debug_aranges
                0x000001c0       0x70 src/ASF/common/services/usb/udc/udc.o
 .debug_aranges
                0x00000230       0x48 src/ASF/sam0/drivers/extint/extint_callback.o
 .debug_aranges
                0x00000278       0x58 src/ASF/sam0/drivers/extint/extint_sam_l_c/extint.o
 .debug_aranges
                0x000002d0       0x28 src/ASF/sam0/drivers/port/port.o
 .debug_aranges
                0x000002f8       0x20 src/ASF/common2/boards/user_board/init.o
 .debug_aranges
                0x00000318       0x28 src/ASF/common/utils/interrupt/interrupt_sam_nvic.o
 .debug_aranges
                0x00000340       0x80 src/ASF/sam0/drivers/system/clock/clock_saml21/clock.o
 .debug_aranges
                0x000003c0       0x80 src/ASF/sam0/drivers/system/clock/clock_saml21/gclk.o
 .debug_aranges
                0x00000440       0x40 src/ASF/sam0/drivers/system/pinmux/pinmux.o
 .debug_aranges
                0x00000480       0x28 src/ASF/sam0/drivers/system/system.o
 .debug_aranges
                0x000004a8      0x128 src/ASF/sam0/drivers/usb/stack_interface/usb_device_udd.o
 .debug_aranges
                0x000005d0      0x158 src/ASF/sam0/drivers/usb/usb_sam_l/usb.o
 .debug_aranges
                0x00000728       0x28 src/ASF/sam0/utils/cmsis/saml21/source/gcc/startup_saml21.o
 .debug_aranges
                0x00000750       0x30 src/main.o

.debug_ranges   0x00000000      0x850
 .debug_ranges  0x00000000       0x60 src/keyboard.o
 .debug_ranges  0x00000060       0x78 src/matrix.o
 .debug_ranges  0x000000d8       0x20 src/system_time.o
 .debug_ranges  0x000000f8       0x50 src/ASF/common2/services/delay/sam0/systick_counter.o
 .debug_ranges  0x00000148       0x68 src/ASF/common/services/usb/class/hid/device/kbd/udi_hid_kbd.o
 .debug_ranges  0x000001b0       0x10 src/ASF/common/services/usb/class/hid/device/udi_hid.o
 .debug_ranges  0x000001c0       0xc8 src/ASF/common/services/usb/udc/udc.o
 .debug_ranges  0x00000288       0x90 src/ASF/sam0/drivers/extint/extint_callback.o
 .debug_ranges  0x00000318       0x48 src/ASF/sam0/drivers/extint/extint_sam_l_c/extint.o
 .debug_ranges  0x00000360       0x18 src/ASF/sam0/drivers/port/port.o
 .debug_ranges  0x00000378       0x10 src/ASF/common2/boards/user_board/init.o
 .debug_ranges  0x00000388       0x18 src/ASF/common/utils/interrupt/interrupt_sam_nvic.o
 .debug_ranges  0x000003a0       0x70 src/ASF/sam0/drivers/system/clock/clock_saml21/clock.o
 .debug_ranges  0x00000410       0x88 src/ASF/sam0/drivers/system/clock/clock_saml21/gclk.o
 .debug_ranges  0x00000498       0x30 src/ASF/sam0/drivers/system/pinmux/pinmux.o
 .debug_ranges  0x000004c8       0x18 src/ASF/sam0/drivers/system/system.o
 .debug_ranges  0x000004e0      0x1a8 src/ASF/sam0/drivers/usb/stack_interface/usb_device_udd.o
 .debug_ranges  0x00000688      0x190 src/ASF/sam0/drivers/usb/usb_sam_l/usb.o
 .debug_ranges  0x00000818       0x18 src/ASF/sam0/utils/cmsis/saml21/source/gcc/startup_saml21.o
 .debug_ranges  0x00000830       0x20 src/main.o

.debug_macro    0x00000000    0x204f7
 .debug_macro   0x00000000      0x786 src/keyboard.o
 .debug_macro   0x00000786      0x8c2 src/keyboard.o
 .debug_macro   0x00001048      0x16d src/keyboard.o
 .debug_macro   0x000011b5      0x71d src/keyboard.o
 .debug_macro   0x000018d2       0x22 src/keyboard.o
 .debug_macro   0x000018f4       0x87 src/keyboard.o
 .debug_macro   0x0000197b       0x51 src/keyboard.o
 .debug_macro   0x000019cc       0xef src/keyboard.o
 .debug_macro   0x00001abb       0x6a src/keyboard.o
 .debug_macro   0x00001b25      0x1df src/keyboard.o
 .debug_macro   0x00001d04       0x10 src/keyboard.o
 .debug_macro   0x00001d14       0x76 src/keyboard.o
 .debug_macro   0x00001d8a       0x16 src/keyboard.o
 .debug_macro   0x00001da0      0x6db src/keyboard.o
 .debug_macro   0x0000247b      0xdd8 src/keyboard.o
 .debug_macro   0x00003253       0x22 src/keyboard.o
 .debug_macro   0x00003275       0x40 src/keyboard.o
 .debug_macro   0x000032b5       0x1c src/keyboard.o
 .debug_macro   0x000032d1       0x22 src/keyboard.o
 .debug_macro   0x000032f3       0xb5 src/keyboard.o
 .debug_macro   0x000033a8      0x3ad src/keyboard.o
 .debug_macro   0x00003755      0x718 src/keyboard.o
 .debug_macro   0x00003e6d      0x972 src/keyboard.o
 .debug_macro   0x000047df      0x2b1 src/keyboard.o
 .debug_macro   0x00004a90      0x222 src/keyboard.o
 .debug_macro   0x00004cb2      0x4d5 src/keyboard.o
 .debug_macro   0x00005187      0xd1a src/keyboard.o
 .debug_macro   0x00005ea1      0x5b8 src/keyboard.o
 .debug_macro   0x00006459      0x5be src/keyboard.o
 .debug_macro   0x00006a17      0x828 src/keyboard.o
 .debug_macro   0x0000723f      0x294 src/keyboard.o
 .debug_macro   0x000074d3      0x5d8 src/keyboard.o
 .debug_macro   0x00007aab      0x21c src/keyboard.o
 .debug_macro   0x00007cc7      0x79d src/keyboard.o
 .debug_macro   0x00008464      0x172 src/keyboard.o
 .debug_macro   0x000085d6      0x713 src/keyboard.o
 .debug_macro   0x00008ce9      0x28d src/keyboard.o
 .debug_macro   0x00008f76      0x6ff src/keyboard.o
 .debug_macro   0x00009675      0x2de src/keyboard.o
 .debug_macro   0x00009953      0x3cb src/keyboard.o
 .debug_macro   0x00009d1e      0x1a4 src/keyboard.o
 .debug_macro   0x00009ec2     0x122b src/keyboard.o
 .debug_macro   0x0000b0ed      0xf4e src/keyboard.o
 .debug_macro   0x0000c03b      0x869 src/keyboard.o
 .debug_macro   0x0000c8a4      0xa38 src/keyboard.o
 .debug_macro   0x0000d2dc      0x8b2 src/keyboard.o
 .debug_macro   0x0000db8e     0x19c2 src/keyboard.o
 .debug_macro   0x0000f550       0xe7 src/keyboard.o
 .debug_macro   0x0000f637     0x13a7 src/keyboard.o
 .debug_macro   0x000109de      0x36e src/keyboard.o
 .debug_macro   0x00010d4c       0x7c src/keyboard.o
 .debug_macro   0x00010dc8       0xac src/keyboard.o
 .debug_macro   0x00010e74       0xca src/keyboard.o
 .debug_macro   0x00010f3e       0x4c src/keyboard.o
 .debug_macro   0x00010f8a       0x94 src/keyboard.o
 .debug_macro   0x0001101e       0xd6 src/keyboard.o
 .debug_macro   0x000110f4       0xb2 src/keyboard.o
 .debug_macro   0x000111a6       0x64 src/keyboard.o
 .debug_macro   0x0001120a      0x5cb src/keyboard.o
 .debug_macro   0x000117d5      0x1a1 src/keyboard.o
 .debug_macro   0x00011976       0x70 src/keyboard.o
 .debug_macro   0x000119e6       0xa0 src/keyboard.o
 .debug_macro   0x00011a86       0xc4 src/keyboard.o
 .debug_macro   0x00011b4a       0x28 src/keyboard.o
 .debug_macro   0x00011b72       0xa0 src/keyboard.o
 .debug_macro   0x00011c12       0x40 src/keyboard.o
 .debug_macro   0x00011c52       0x7c src/keyboard.o
 .debug_macro   0x00011cce       0x40 src/keyboard.o
 .debug_macro   0x00011d0e      0x16e src/keyboard.o
 .debug_macro   0x00011e7c       0x34 src/keyboard.o
 .debug_macro   0x00011eb0       0xee src/keyboard.o
 .debug_macro   0x00011f9e      0x12f src/keyboard.o
 .debug_macro   0x000120cd      0x12f src/keyboard.o
 .debug_macro   0x000121fc      0x12f src/keyboard.o
 .debug_macro   0x0001232b      0x12f src/keyboard.o
 .debug_macro   0x0001245a      0x12f src/keyboard.o
 .debug_macro   0x00012589      0x12f src/keyboard.o
 .debug_macro   0x000126b8       0x5e src/keyboard.o
 .debug_macro   0x00012716      0x19c src/keyboard.o
 .debug_macro   0x000128b2       0xfa src/keyboard.o
 .debug_macro   0x000129ac       0xfa src/keyboard.o
 .debug_macro   0x00012aa6       0xfa src/keyboard.o
 .debug_macro   0x00012ba0       0xfa src/keyboard.o
 .debug_macro   0x00012c9a       0xfa src/keyboard.o
 .debug_macro   0x00012d94      0x124 src/keyboard.o
 .debug_macro   0x00012eb8       0xfa src/keyboard.o
 .debug_macro   0x00012fb2       0xee src/keyboard.o
 .debug_macro   0x000130a0       0x2e src/keyboard.o
 .debug_macro   0x000130ce      0x408 src/keyboard.o
 .debug_macro   0x000134d6       0x3a src/keyboard.o
 .debug_macro   0x00013510      0x433 src/keyboard.o
 .debug_macro   0x00013943     0x2349 src/keyboard.o
 .debug_macro   0x00015c8c       0x90 src/keyboard.o
 .debug_macro   0x00015d1c       0x58 src/keyboard.o
 .debug_macro   0x00015d74       0x35 src/keyboard.o
 .debug_macro   0x00015da9       0x9c src/keyboard.o
 .debug_macro   0x00015e45       0x16 src/keyboard.o
 .debug_macro   0x00015e5b       0x35 src/keyboard.o
 .debug_macro   0x00015e90      0x34d src/keyboard.o
 .debug_macro   0x000161dd       0x10 src/keyboard.o
 .debug_macro   0x000161ed       0x58 src/keyboard.o
 .debug_macro   0x00016245       0x1f src/keyboard.o
 .debug_macro   0x00016264       0x43 src/keyboard.o
 .debug_macro   0x000162a7       0x20 src/keyboard.o
 .debug_macro   0x000162c7      0x187 src/keyboard.o
 .debug_macro   0x0001644e       0x10 src/keyboard.o
 .debug_macro   0x0001645e       0x1c src/keyboard.o
 .debug_macro   0x0001647a       0x52 src/keyboard.o
 .debug_macro   0x000164cc       0x40 src/keyboard.o
 .debug_macro   0x0001650c       0x10 src/keyboard.o
 .debug_macro   0x0001651c       0x40 src/keyboard.o
 .debug_macro   0x0001655c       0xd7 src/keyboard.o
 .debug_macro   0x00016633       0x16 src/keyboard.o
 .debug_macro   0x00016649      0x18b src/keyboard.o
 .debug_macro   0x000167d4       0x16 src/keyboard.o
 .debug_macro   0x000167ea       0x16 src/keyboard.o
 .debug_macro   0x00016800       0x29 src/keyboard.o
 .debug_macro   0x00016829       0x51 src/keyboard.o
 .debug_macro   0x0001687a       0x3e src/keyboard.o
 .debug_macro   0x000168b8      0x3df src/keyboard.o
 .debug_macro   0x00016c97       0x10 src/keyboard.o
 .debug_macro   0x00016ca7       0x16 src/keyboard.o
 .debug_macro   0x00016cbd       0x16 src/keyboard.o
 .debug_macro   0x00016cd3       0x18 src/keyboard.o
 .debug_macro   0x00016ceb       0x12 src/keyboard.o
 .debug_macro   0x00016cfd      0x2df src/keyboard.o
 .debug_macro   0x00016fdc       0x1f src/keyboard.o
 .debug_macro   0x00016ffb       0x22 src/keyboard.o
 .debug_macro   0x0001701d       0x2e src/keyboard.o
 .debug_macro   0x0001704b       0x10 src/keyboard.o
 .debug_macro   0x0001705b       0x4c src/keyboard.o
 .debug_macro   0x000170a7       0x28 src/keyboard.o
 .debug_macro   0x000170cf      0x241 src/keyboard.o
 .debug_macro   0x00017310      0x162 src/keyboard.o
 .debug_macro   0x00017472      0x44f src/keyboard.o
 .debug_macro   0x000178c1       0x16 src/keyboard.o
 .debug_macro   0x000178d7       0x16 src/keyboard.o
 .debug_macro   0x000178ed       0x22 src/keyboard.o
 .debug_macro   0x0001790f       0x16 src/keyboard.o
 .debug_macro   0x00017925      0x7ce src/matrix.o
 .debug_macro   0x000180f3      0x758 src/system_time.o
 .debug_macro   0x0001884b      0x5d4 src/ASF/common2/services/delay/sam0/systick_counter.o
 .debug_macro   0x00018e1f      0x5ff src/ASF/common/services/sleepmgr/saml/sleepmgr.o
 .debug_macro   0x0001941e      0x667 src/ASF/common/services/usb/class/hid/device/kbd/udi_hid_kbd.o
 .debug_macro   0x00019a85       0x46 src/ASF/common/services/usb/class/hid/device/kbd/udi_hid_kbd.o
 .debug_macro   0x00019acb       0x1c src/ASF/common/services/usb/class/hid/device/kbd/udi_hid_kbd.o
 .debug_macro   0x00019ae7       0x16 src/ASF/common/services/usb/class/hid/device/kbd/udi_hid_kbd.o
 .debug_macro   0x00019afd      0x634 src/ASF/common/services/usb/class/hid/device/kbd/udi_hid_kbd_desc.o
 .debug_macro   0x0001a131      0x63d src/ASF/common/services/usb/class/hid/device/udi_hid.o
 .debug_macro   0x0001a76e      0x641 src/ASF/common/services/usb/udc/udc.o
 .debug_macro   0x0001adaf      0x5bc src/ASF/sam0/drivers/extint/extint_callback.o
 .debug_macro   0x0001b36b      0x620 src/ASF/sam0/drivers/extint/extint_sam_l_c/extint.o
 .debug_macro   0x0001b98b       0x18 src/ASF/sam0/drivers/extint/extint_sam_l_c/extint.o
 .debug_macro   0x0001b9a3       0x16 src/ASF/sam0/drivers/extint/extint_sam_l_c/extint.o
 .debug_macro   0x0001b9b9      0x5b1 src/ASF/sam0/drivers/port/port.o
 .debug_macro   0x0001bf6a       0x19 src/ASF/sam0/drivers/port/port.o
 .debug_macro   0x0001bf83      0x74d src/ASF/common2/boards/user_board/init.o
 .debug_macro   0x0001c6d0      0x597 src/ASF/common/utils/interrupt/interrupt_sam_nvic.o
 .debug_macro   0x0001cc67      0x611 src/ASF/sam0/drivers/system/clock/clock_saml21/clock.o
 .debug_macro   0x0001d278      0x29a src/ASF/sam0/drivers/system/clock/clock_saml21/clock.o
 .debug_macro   0x0001d512      0x5cf src/ASF/sam0/drivers/system/clock/clock_saml21/gclk.o
 .debug_macro   0x0001dae1      0x5a7 src/ASF/sam0/drivers/system/pinmux/pinmux.o
 .debug_macro   0x0001e088       0x12 src/ASF/sam0/drivers/system/pinmux/pinmux.o
 .debug_macro   0x0001e09a      0x5df src/ASF/sam0/drivers/system/system.o
 .debug_macro   0x0001e679      0x758 src/ASF/sam0/drivers/usb/stack_interface/usb_device_udd.o
 .debug_macro   0x0001edd1       0x52 src/ASF/sam0/drivers/usb/stack_interface/usb_device_udd.o
 .debug_macro   0x0001ee23       0x8d src/ASF/sam0/drivers/usb/stack_interface/usb_device_udd.o
 .debug_macro   0x0001eeb0       0x57 src/ASF/sam0/drivers/usb/stack_interface/usb_device_udd.o
 .debug_macro   0x0001ef07      0x353 src/ASF/sam0/drivers/usb/stack_interface/usb_device_udd.o
 .debug_macro   0x0001f25a       0x10 src/ASF/sam0/drivers/usb/stack_interface/usb_device_udd.o
 .debug_macro   0x0001f26a       0xaf src/ASF/sam0/drivers/usb/stack_interface/usb_device_udd.o
 .debug_macro   0x0001f319       0x1c src/ASF/sam0/drivers/usb/stack_interface/usb_device_udd.o
 .debug_macro   0x0001f335       0x10 src/ASF/sam0/drivers/usb/stack_interface/usb_device_udd.o
 .debug_macro   0x0001f345       0x1c src/ASF/sam0/drivers/usb/stack_interface/usb_device_udd.o
 .debug_macro   0x0001f361      0x675 src/ASF/sam0/drivers/usb/usb_sam_l/usb.o
 .debug_macro   0x0001f9d6      0x37e src/ASF/sam0/utils/cmsis/saml21/source/gcc/startup_saml21.o
 .debug_macro   0x0001fd54       0x3a src/ASF/sam0/utils/cmsis/saml21/source/gcc/startup_saml21.o
 .debug_macro   0x0001fd8e      0x769 src/main.o

.debug_line     0x00000000    0x11a64
 .debug_line    0x00000000     0x1453 src/keyboard.o
 .debug_line    0x00001453     0x1004 src/matrix.o
 .debug_line    0x00002457      0xf00 src/system_time.o
 .debug_line    0x00003357      0xa57 src/ASF/common2/services/delay/sam0/systick_counter.o
 .debug_line    0x00003dae      0xae2 src/ASF/common/services/sleepmgr/saml/sleepmgr.o
 .debug_line    0x00004890      0xd0b src/ASF/common/services/usb/class/hid/device/kbd/udi_hid_kbd.o
 .debug_line    0x0000559b      0xa93 src/ASF/common/services/usb/class/hid/device/kbd/udi_hid_kbd_desc.o
 .debug_line    0x0000602e      0xaf8 src/ASF/common/services/usb/class/hid/device/udi_hid.o
 .debug_line    0x00006b26      0xc96 src/ASF/common/services/usb/udc/udc.o
 .debug_line    0x000077bc      0xa6e src/ASF/sam0/drivers/extint/extint_callback.o
 .debug_line    0x0000822a      0xceb src/ASF/sam0/drivers/extint/extint_sam_l_c/extint.o
 .debug_line    0x00008f15      0x998 src/ASF/sam0/drivers/port/port.o
 .debug_line    0x000098ad      0xeb0 src/ASF/common2/boards/user_board/init.o
 .debug_line    0x0000a75d      0x966 src/ASF/common/utils/interrupt/interrupt_sam_nvic.o
 .debug_line    0x0000b0c3      0xd92 src/ASF/sam0/drivers/system/clock/clock_saml21/clock.o
 .debug_line    0x0000be55      0xc9f src/ASF/sam0/drivers/system/clock/clock_saml21/gclk.o
 .debug_line    0x0000caf4      0x9e5 src/ASF/sam0/drivers/system/pinmux/pinmux.o
 .debug_line    0x0000d4d9      0xa7c src/ASF/sam0/drivers/system/system.o
 .debug_line    0x0000df55     0x13eb src/ASF/sam0/drivers/usb/stack_interface/usb_device_udd.o
 .debug_line    0x0000f340     0x1132 src/ASF/sam0/drivers/usb/usb_sam_l/usb.o
 .debug_line    0x00010472      0x6e4 src/ASF/sam0/utils/cmsis/saml21/source/gcc/startup_saml21.o
 .debug_line    0x00010b56      0xf0e src/main.o

.debug_str      0x00000000    0x9d593
 .debug_str     0x00000000    0x95e02 src/keyboard.o
                              0x9644a (size before relaxing)
 .debug_str     0x00095e02      0x214 src/matrix.o
                              0x9627b (size before relaxing)
 .debug_str     0x00096016      0x184 src/system_time.o
                              0x95e56 (size before relaxing)
 .debug_str     0x0009619a       0x7d src/ASF/common2/services/delay/sam0/systick_counter.o
                              0x9220b (size before relaxing)
 .debug_str     0x00096217       0xa3 src/ASF/common/services/sleepmgr/saml/sleepmgr.o
                              0x92176 (size before relaxing)
 .debug_str     0x000962ba      0x381 src/ASF/common/services/usb/class/hid/device/kbd/udi_hid_kbd.o
                              0x94b5d (size before relaxing)
 .debug_str     0x0009663b      0x368 src/ASF/common/services/usb/class/hid/device/kbd/udi_hid_kbd_desc.o
                              0x94ae2 (size before relaxing)
 .debug_str     0x000969a3      0x222 src/ASF/common/services/usb/class/hid/device/udi_hid.o
                              0x94a5f (size before relaxing)
 .debug_str     0x00096bc5      0x6b4 src/ASF/common/services/usb/udc/udc.o
                              0x950d6 (size before relaxing)
 .debug_str     0x00097279      0x557 src/ASF/sam0/drivers/extint/extint_callback.o
                              0x92683 (size before relaxing)
 .debug_str     0x000977d0      0xc51 src/ASF/sam0/drivers/extint/extint_sam_l_c/extint.o
                              0x9374d (size before relaxing)
 .debug_str     0x00098421       0x59 src/ASF/sam0/drivers/port/port.o
                              0x924ba (size before relaxing)
 .debug_str     0x0009847a       0x3e src/ASF/common2/boards/user_board/init.o
                              0x956a0 (size before relaxing)
 .debug_str     0x000984b8       0x65 src/ASF/common/utils/interrupt/interrupt_sam_nvic.o
                              0x92016 (size before relaxing)
 .debug_str     0x0009851d     0x2c9c src/ASF/sam0/drivers/system/clock/clock_saml21/clock.o
                              0x95641 (size before relaxing)
 .debug_str     0x0009b1b9      0x1c7 src/ASF/sam0/drivers/system/clock/clock_saml21/gclk.o
                              0x92cd5 (size before relaxing)
 .debug_str     0x0009b380      0x179 src/ASF/sam0/drivers/system/pinmux/pinmux.o
                              0x92516 (size before relaxing)
 .debug_str     0x0009b4f9       0x47 src/ASF/sam0/drivers/system/system.o
                              0x920a6 (size before relaxing)
 .debug_str     0x0009b540     0x143f src/ASF/sam0/drivers/usb/stack_interface/usb_device_udd.o
                              0x97ab9 (size before relaxing)
 .debug_str     0x0009c97f      0x85f src/ASF/sam0/drivers/usb/usb_sam_l/usb.o
                              0x94bd0 (size before relaxing)
 .debug_str     0x0009d1de      0x39d src/ASF/sam0/utils/cmsis/saml21/source/gcc/startup_saml21.o
                              0x7c455 (size before relaxing)
 .debug_str     0x0009d57b       0x18 src/main.o
                              0x95759 (size before relaxing)

.debug_frame    0x00000000     0x126c
 .debug_frame   0x00000000       0xd4 src/keyboard.o
 .debug_frame   0x000000d4       0xa8 src/matrix.o
 .debug_frame   0x0000017c       0x48 src/system_time.o
 .debug_frame   0x000001c4       0x64 src/ASF/common2/services/delay/sam0/systick_counter.o
 .debug_frame   0x00000228      0x12c src/ASF/common/services/usb/class/hid/device/kbd/udi_hid_kbd.o
 .debug_frame   0x00000354       0x2c src/ASF/common/services/usb/class/hid/device/udi_hid.o
 .debug_frame   0x00000380      0x138 src/ASF/common/services/usb/udc/udc.o
 .debug_frame   0x000004b8       0x7c src/ASF/sam0/drivers/extint/extint_callback.o
 .debug_frame   0x00000534       0xc8 src/ASF/sam0/drivers/extint/extint_sam_l_c/extint.o
 .debug_frame   0x000005fc       0x44 src/ASF/sam0/drivers/port/port.o
 .debug_frame   0x00000640       0x20 src/ASF/common2/boards/user_board/init.o
 .debug_frame   0x00000660       0x30 src/ASF/common/utils/interrupt/interrupt_sam_nvic.o
 .debug_frame   0x00000690      0x160 src/ASF/sam0/drivers/system/clock/clock_saml21/clock.o
 .debug_frame   0x000007f0      0x150 src/ASF/sam0/drivers/system/clock/clock_saml21/gclk.o
 .debug_frame   0x00000940       0x98 src/ASF/sam0/drivers/system/pinmux/pinmux.o
 .debug_frame   0x000009d8       0x38 src/ASF/sam0/drivers/system/system.o
 .debug_frame   0x00000a10      0x360 src/ASF/sam0/drivers/usb/stack_interface/usb_device_udd.o
 .debug_frame   0x00000d70      0x3b8 src/ASF/sam0/drivers/usb/usb_sam_l/usb.o
 .debug_frame   0x00001128       0x38 src/ASF/sam0/utils/cmsis/saml21/source/gcc/startup_saml21.o
 .debug_frame   0x00001160       0x58 src/main.o
 .debug_frame   0x000011b8       0x20 c:/program files (x86)/atmel/studio/7.0/toolchain/arm/arm-gnu-toolchain/bin/../lib/gcc/arm-none-eabi/6.3.1/thumb/v6-m\libgcc.a(_udivsi3.o)
 .debug_frame   0x000011d8       0x20 c:/program files (x86)/atmel/studio/7.0/toolchain/arm/arm-gnu-toolchain/bin/../lib/gcc/arm-none-eabi/6.3.1/thumb/v6-m\libgcc.a(_divsi3.o)
 .debug_frame   0x000011f8       0x2c c:/program files (x86)/atmel/studio/7.0/toolchain/arm/arm-gnu-toolchain/bin/../lib/gcc/arm-none-eabi/6.3.1/../../../../arm-none-eabi/lib/thumb/v6-m\libc_nano.a(lib_a-init.o)
 .debug_frame   0x00001224       0x28 c:/program files (x86)/atmel/studio/7.0/toolchain/arm/arm-gnu-toolchain/bin/../lib/gcc/arm-none-eabi/6.3.1/../../../../arm-none-eabi/lib/thumb/v6-m\libc_nano.a(lib_a-memcpy-stub.o)
 .debug_frame   0x0000124c       0x20 c:/program files (x86)/atmel/studio/7.0/toolchain/arm/arm-gnu-toolchain/bin/../lib/gcc/arm-none-eabi/6.3.1/../../../../arm-none-eabi/lib/thumb/v6-m\libc_nano.a(lib_a-memset.o)

Cross Reference Table

Symbol                                            File
AC_Handler                                        src/ASF/sam0/utils/cmsis/saml21/source/gcc/startup_saml21.o
ADC_Handler                                       src/ASF/sam0/utils/cmsis/saml21/source/gcc/startup_saml21.o
AES_Handler                                       src/ASF/sam0/utils/cmsis/saml21/source/gcc/startup_saml21.o
DAC_Handler                                       src/ASF/sam0/utils/cmsis/saml21/source/gcc/startup_saml21.o
DMAC_Handler                                      src/ASF/sam0/utils/cmsis/saml21/source/gcc/startup_saml21.o
Dummy_Handler                                     src/ASF/sam0/utils/cmsis/saml21/source/gcc/startup_saml21.o
EIC_Handler                                       src/ASF/sam0/drivers/extint/extint_callback.o
EVSYS_Handler                                     src/ASF/sam0/utils/cmsis/saml21/source/gcc/startup_saml21.o
HardFault_Handler                                 src/ASF/sam0/utils/cmsis/saml21/source/gcc/startup_saml21.o
NMI_Handler                                       src/ASF/sam0/utils/cmsis/saml21/source/gcc/startup_saml21.o
NVMCTRL_Handler                                   src/ASF/sam0/utils/cmsis/saml21/source/gcc/startup_saml21.o
PTC_Handler                                       src/ASF/sam0/utils/cmsis/saml21/source/gcc/startup_saml21.o
PendSV_Handler                                    src/ASF/sam0/utils/cmsis/saml21/source/gcc/startup_saml21.o
RTC_Handler                                       src/ASF/sam0/utils/cmsis/saml21/source/gcc/startup_saml21.o
Reset_Handler                                     src/ASF/sam0/utils/cmsis/saml21/source/gcc/startup_saml21.o
SERCOM0_Handler                                   src/ASF/sam0/utils/cmsis/saml21/source/gcc/startup_saml21.o
SERCOM1_Handler                                   src/ASF/sam0/utils/cmsis/saml21/source/gcc/startup_saml21.o
SERCOM2_Handler                                   src/ASF/sam0/utils/cmsis/saml21/source/gcc/startup_saml21.o
SERCOM3_Handler                                   src/ASF/sam0/utils/cmsis/saml21/source/gcc/startup_saml21.o
SERCOM4_Handler                                   src/ASF/sam0/utils/cmsis/saml21/source/gcc/startup_saml21.o
SERCOM5_Handler                                   src/ASF/sam0/utils/cmsis/saml21/source/gcc/startup_saml21.o
SVC_Handler                                       src/ASF/sam0/utils/cmsis/saml21/source/gcc/startup_saml21.o
SYSTEM_Handler                                    src/ASF/sam0/utils/cmsis/saml21/source/gcc/startup_saml21.o
SysTick_Handler                                   src/system_time.o
SystemCoreClock                                   src/ASF/sam0/utils/cmsis/saml21/source/system_saml21.o
SystemCoreClockUpdate                             src/ASF/sam0/utils/cmsis/saml21/source/system_saml21.o
SystemInit                                        src/ASF/sam0/utils/cmsis/saml21/source/system_saml21.o
TC0_Handler                                       src/ASF/sam0/utils/cmsis/saml21/source/gcc/startup_saml21.o
TC1_Handler                                       src/ASF/sam0/utils/cmsis/saml21/source/gcc/startup_saml21.o
TC2_Handler                                       src/ASF/sam0/utils/cmsis/saml21/source/gcc/startup_saml21.o
TC3_Handler                                       src/ASF/sam0/utils/cmsis/saml21/source/gcc/startup_saml21.o
TC4_Handler                                       src/ASF/sam0/utils/cmsis/saml21/source/gcc/startup_saml21.o
TCC0_Handler                                      src/ASF/sam0/utils/cmsis/saml21/source/gcc/startup_saml21.o
TCC1_Handler                                      src/ASF/sam0/utils/cmsis/saml21/source/gcc/startup_saml21.o
TCC2_Handler                                      src/ASF/sam0/utils/cmsis/saml21/source/gcc/startup_saml21.o
TRNG_Handler                                      src/ASF/sam0/utils/cmsis/saml21/source/gcc/startup_saml21.o
USB_Handler                                       src/ASF/sam0/drivers/usb/usb_sam_l/usb.o
WDT_Handler                                       src/ASF/sam0/utils/cmsis/saml21/source/gcc/startup_saml21.o
_Jv_RegisterClasses                               c:/program files (x86)/atmel/studio/7.0/toolchain/arm/arm-gnu-toolchain/bin/../lib/gcc/arm-none-eabi/6.3.1/thumb/v6-m/crtbegin.o
__aeabi_idiv                                      c:/program files (x86)/atmel/studio/7.0/toolchain/arm/arm-gnu-toolchain/bin/../lib/gcc/arm-none-eabi/6.3.1/thumb/v6-m\libgcc.a(_divsi3.o)
__aeabi_idiv0                                     c:/program files (x86)/atmel/studio/7.0/toolchain/arm/arm-gnu-toolchain/bin/../lib/gcc/arm-none-eabi/6.3.1/thumb/v6-m\libgcc.a(_dvmd_tls.o)
                                                  c:/program files (x86)/atmel/studio/7.0/toolchain/arm/arm-gnu-toolchain/bin/../lib/gcc/arm-none-eabi/6.3.1/thumb/v6-m\libgcc.a(_divsi3.o)
                                                  c:/program files (x86)/atmel/studio/7.0/toolchain/arm/arm-gnu-toolchain/bin/../lib/gcc/arm-none-eabi/6.3.1/thumb/v6-m\libgcc.a(_udivsi3.o)
__aeabi_idivmod                                   c:/program files (x86)/atmel/studio/7.0/toolchain/arm/arm-gnu-toolchain/bin/../lib/gcc/arm-none-eabi/6.3.1/thumb/v6-m\libgcc.a(_divsi3.o)
                                                  src/ASF/sam0/drivers/usb/stack_interface/usb_device_udd.o
__aeabi_ldiv0                                     c:/program files (x86)/atmel/studio/7.0/toolchain/arm/arm-gnu-toolchain/bin/../lib/gcc/arm-none-eabi/6.3.1/thumb/v6-m\libgcc.a(_dvmd_tls.o)
__aeabi_uidiv                                     c:/program files (x86)/atmel/studio/7.0/toolchain/arm/arm-gnu-toolchain/bin/../lib/gcc/arm-none-eabi/6.3.1/thumb/v6-m\libgcc.a(_udivsi3.o)
                                                  src/ASF/sam0/drivers/system/clock/clock_saml21/gclk.o
                                                  src/ASF/sam0/drivers/system/clock/clock_saml21/clock.o
                                                  src/ASF/common2/services/delay/sam0/systick_counter.o
                                                  src/system_time.o
__aeabi_uidivmod                                  c:/program files (x86)/atmel/studio/7.0/toolchain/arm/arm-gnu-toolchain/bin/../lib/gcc/arm-none-eabi/6.3.1/thumb/v6-m\libgcc.a(_udivsi3.o)
                                                  src/ASF/sam0/drivers/usb/stack_interface/usb_device_udd.o
__bss_end__                                       c:/program files (x86)/atmel/studio/7.0/toolchain/arm/arm-gnu-toolchain/bin/../lib/gcc/arm-none-eabi/6.3.1/../../../../arm-none-eabi/lib/thumb/v6-m/crt0.o
__bss_start__                                     c:/program files (x86)/atmel/studio/7.0/toolchain/arm/arm-gnu-toolchain/bin/../lib/gcc/arm-none-eabi/6.3.1/../../../../arm-none-eabi/lib/thumb/v6-m/crt0.o
__call_exitprocs                                  c:/program files (x86)/atmel/studio/7.0/toolchain/arm/arm-gnu-toolchain/bin/../lib/gcc/arm-none-eabi/6.3.1/../../../../arm-none-eabi/lib/thumb/v6-m\libc_nano.a(lib_a-exit.o)
__clzsi2                                          c:/program files (x86)/atmel/studio/7.0/toolchain/arm/arm-gnu-toolchain/bin/../lib/gcc/arm-none-eabi/6.3.1/thumb/v6-m\libgcc.a(_clzsi2.o)
                                                  src/ASF/sam0/drivers/usb/usb_sam_l/usb.o
__ctzsi2                                          c:/program files (x86)/atmel/studio/7.0/toolchain/arm/arm-gnu-toolchain/bin/../lib/gcc/arm-none-eabi/6.3.1/thumb/v6-m\libgcc.a(_ctzsi2.o)
                                                  src/ASF/sam0/drivers/usb/usb_sam_l/usb.o
__deregister_frame_info                           c:/program files (x86)/atmel/studio/7.0/toolchain/arm/arm-gnu-toolchain/bin/../lib/gcc/arm-none-eabi/6.3.1/thumb/v6-m/crtbegin.o
__divsi3                                          c:/program files (x86)/atmel/studio/7.0/toolchain/arm/arm-gnu-toolchain/bin/../lib/gcc/arm-none-eabi/6.3.1/thumb/v6-m\libgcc.a(_divsi3.o)
__dso_handle                                      c:/program files (x86)/atmel/studio/7.0/toolchain/arm/arm-gnu-toolchain/bin/../lib/gcc/arm-none-eabi/6.3.1/thumb/v6-m/crtbegin.o
__init_array_end                                  c:/program files (x86)/atmel/studio/7.0/toolchain/arm/arm-gnu-toolchain/bin/../lib/gcc/arm-none-eabi/6.3.1/../../../../arm-none-eabi/lib/thumb/v6-m\libc_nano.a(lib_a-init.o)
__init_array_start                                c:/program files (x86)/atmel/studio/7.0/toolchain/arm/arm-gnu-toolchain/bin/../lib/gcc/arm-none-eabi/6.3.1/../../../../arm-none-eabi/lib/thumb/v6-m\libc_nano.a(lib_a-init.o)
__libc_fini_array                                 c:/program files (x86)/atmel/studio/7.0/toolchain/arm/arm-gnu-toolchain/bin/../lib/gcc/arm-none-eabi/6.3.1/../../../../arm-none-eabi/lib/thumb/v6-m/crt0.o
__libc_init_array                                 c:/program files (x86)/atmel/studio/7.0/toolchain/arm/arm-gnu-toolchain/bin/../lib/gcc/arm-none-eabi/6.3.1/../../../../arm-none-eabi/lib/thumb/v6-m\libc_nano.a(lib_a-init.o)
                                                  src/ASF/sam0/utils/cmsis/saml21/source/gcc/startup_saml21.o
                                                  c:/program files (x86)/atmel/studio/7.0/toolchain/arm/arm-gnu-toolchain/bin/../lib/gcc/arm-none-eabi/6.3.1/../../../../arm-none-eabi/lib/thumb/v6-m/crt0.o
__preinit_array_end                               c:/program files (x86)/atmel/studio/7.0/toolchain/arm/arm-gnu-toolchain/bin/../lib/gcc/arm-none-eabi/6.3.1/../../../../arm-none-eabi/lib/thumb/v6-m\libc_nano.a(lib_a-init.o)
__preinit_array_start                             c:/program files (x86)/atmel/studio/7.0/toolchain/arm/arm-gnu-toolchain/bin/../lib/gcc/arm-none-eabi/6.3.1/../../../../arm-none-eabi/lib/thumb/v6-m\libc_nano.a(lib_a-init.o)
__register_frame_info                             c:/program files (x86)/atmel/studio/7.0/toolchain/arm/arm-gnu-toolchain/bin/../lib/gcc/arm-none-eabi/6.3.1/thumb/v6-m/crtbegin.o
__sf_fake_stderr                                  c:/program files (x86)/atmel/studio/7.0/toolchain/arm/arm-gnu-toolchain/bin/../lib/gcc/arm-none-eabi/6.3.1/../../../../arm-none-eabi/lib/thumb/v6-m\libc_nano.a(lib_a-impure.o)
__sf_fake_stdin                                   c:/program files (x86)/atmel/studio/7.0/toolchain/arm/arm-gnu-toolchain/bin/../lib/gcc/arm-none-eabi/6.3.1/../../../../arm-none-eabi/lib/thumb/v6-m\libc_nano.a(lib_a-impure.o)
__sf_fake_stdout                                  c:/program files (x86)/atmel/studio/7.0/toolchain/arm/arm-gnu-toolchain/bin/../lib/gcc/arm-none-eabi/6.3.1/../../../../arm-none-eabi/lib/thumb/v6-m\libc_nano.a(lib_a-impure.o)
__stack                                           c:/program files (x86)/atmel/studio/7.0/toolchain/arm/arm-gnu-toolchain/bin/../lib/gcc/arm-none-eabi/6.3.1/../../../../arm-none-eabi/lib/thumb/v6-m/crt0.o
__udivsi3                                         c:/program files (x86)/atmel/studio/7.0/toolchain/arm/arm-gnu-toolchain/bin/../lib/gcc/arm-none-eabi/6.3.1/thumb/v6-m\libgcc.a(_udivsi3.o)
_close                                            src/ASF/sam0/utils/syscalls/gcc/syscalls.o
_current_channel                                  src/ASF/sam0/drivers/extint/extint_callback.o
_end                                              src/ASF/sam0/utils/syscalls/gcc/syscalls.o
_erelocate                                        src/ASF/sam0/utils/cmsis/saml21/source/gcc/startup_saml21.o
_estack                                           src/ASF/sam0/utils/cmsis/saml21/source/gcc/startup_saml21.o
_etext                                            src/ASF/sam0/utils/cmsis/saml21/source/gcc/startup_saml21.o
_exit                                             src/ASF/sam0/utils/syscalls/gcc/syscalls.o
                                                  c:/program files (x86)/atmel/studio/7.0/toolchain/arm/arm-gnu-toolchain/bin/../lib/gcc/arm-none-eabi/6.3.1/../../../../arm-none-eabi/lib/thumb/v6-m\libc_nano.a(lib_a-exit.o)
_extint_dev                                       src/ASF/sam0/drivers/extint/extint_sam_l_c/extint.o
                                                  src/ASF/sam0/drivers/extint/extint_callback.o
_ezero                                            src/ASF/sam0/utils/cmsis/saml21/source/gcc/startup_saml21.o
_fini                                             c:/program files (x86)/atmel/studio/7.0/toolchain/arm/arm-gnu-toolchain/bin/../lib/gcc/arm-none-eabi/6.3.1/thumb/v6-m/crti.o
_fstat                                            src/ASF/sam0/utils/syscalls/gcc/syscalls.o
_getpid                                           src/ASF/sam0/utils/syscalls/gcc/syscalls.o
_global_impure_ptr                                c:/program files (x86)/atmel/studio/7.0/toolchain/arm/arm-gnu-toolchain/bin/../lib/gcc/arm-none-eabi/6.3.1/../../../../arm-none-eabi/lib/thumb/v6-m\libc_nano.a(lib_a-impure.o)
                                                  c:/program files (x86)/atmel/studio/7.0/toolchain/arm/arm-gnu-toolchain/bin/../lib/gcc/arm-none-eabi/6.3.1/../../../../arm-none-eabi/lib/thumb/v6-m\libc_nano.a(lib_a-exit.o)
_impure_ptr                                       c:/program files (x86)/atmel/studio/7.0/toolchain/arm/arm-gnu-toolchain/bin/../lib/gcc/arm-none-eabi/6.3.1/../../../../arm-none-eabi/lib/thumb/v6-m\libc_nano.a(lib_a-impure.o)
_init                                             c:/program files (x86)/atmel/studio/7.0/toolchain/arm/arm-gnu-toolchain/bin/../lib/gcc/arm-none-eabi/6.3.1/thumb/v6-m/crti.o
                                                  c:/program files (x86)/atmel/studio/7.0/toolchain/arm/arm-gnu-toolchain/bin/../lib/gcc/arm-none-eabi/6.3.1/../../../../arm-none-eabi/lib/thumb/v6-m\libc_nano.a(lib_a-init.o)
_isatty                                           src/ASF/sam0/utils/syscalls/gcc/syscalls.o
_kill                                             src/ASF/sam0/utils/syscalls/gcc/syscalls.o
_lseek                                            src/ASF/sam0/utils/syscalls/gcc/syscalls.o
_mainCRTStartup                                   c:/program files (x86)/atmel/studio/7.0/toolchain/arm/arm-gnu-toolchain/bin/../lib/gcc/arm-none-eabi/6.3.1/../../../../arm-none-eabi/lib/thumb/v6-m/crt0.o
_sbrk                                             src/ASF/sam0/utils/syscalls/gcc/syscalls.o
_sfixed                                           src/ASF/sam0/utils/cmsis/saml21/source/gcc/startup_saml21.o
_srelocate                                        src/ASF/sam0/utils/cmsis/saml21/source/gcc/startup_saml21.o
_start                                            c:/program files (x86)/atmel/studio/7.0/toolchain/arm/arm-gnu-toolchain/bin/../lib/gcc/arm-none-eabi/6.3.1/../../../../arm-none-eabi/lib/thumb/v6-m/crt0.o
_system_divas_init                                src/ASF/sam0/drivers/system/system.o
_system_dummy_init                                src/ASF/sam0/drivers/system/system.o
_system_events_init                               src/ASF/sam0/drivers/system/system.o
_system_extint_init                               src/ASF/sam0/drivers/extint/extint_sam_l_c/extint.o
_szero                                            src/ASF/sam0/utils/cmsis/saml21/source/gcc/startup_saml21.o
atexit                                            c:/program files (x86)/atmel/studio/7.0/toolchain/arm/arm-gnu-toolchain/bin/../lib/gcc/arm-none-eabi/6.3.1/../../../../arm-none-eabi/lib/thumb/v6-m/crt0.o
board_init                                        src/ASF/common2/boards/user_board/init.o
                                                  src/main.o
buttons_debounced                                 src/matrix.o
buttons_unbounced                                 src/matrix.o
cpu_irq_enter_critical                            src/ASF/common/utils/interrupt/interrupt_sam_nvic.o
                                                  src/ASF/sam0/drivers/system/clock/clock_saml21/gclk.o